Archive member included to satisfy reference by file (symbol)

core/libreactor-c.a(tag.c.o)  CMakeFiles/CodeTest.dir/lib/schedule.c.o (lf_time_add)
core/libreactor-c.a(clock.c.o)
                              core/libreactor-c.a(tag.c.o) (lf_clock_gettime)
core/libreactor-c.a(reactor_common.c.o)
                              CMakeFiles/CodeTest.dir/CodeTest.c.o (lf_allocate)
core/libreactor-c.a(lf_token.c.o)
                              CMakeFiles/CodeTest.dir/lib/schedule.c.o (_lf_initialize_token_with_value)
core/libreactor-c.a(environment.c.o)
                              core/libreactor-c.a(reactor_common.c.o) (environment_free)
core/libreactor-c.a(reactor.c.o)
                              CMakeFiles/CodeTest.dir/_codetest_main.c.o (lf_set_present)
core/libreactor-c.a(vector.c.o)
                              core/libreactor-c.a(reactor_common.c.o) (vector_at)
core/libreactor-c.a(pqueue_base.c.o)
                              core/libreactor-c.a(environment.c.o) (pqueue_init)
core/libreactor-c.a(pqueue_tag.c.o)
                              core/libreactor-c.a(environment.c.o) (pqueue_tag_compare)
core/libreactor-c.a(pqueue.c.o)
                              core/libreactor-c.a(environment.c.o) (in_reverse_order)
core/libreactor-c.a(util.c.o)
                              core/libreactor-c.a(pqueue_tag.c.o) (lf_print)
core/libreactor-c.a(hashset.c.o)
                              core/libreactor-c.a(lf_token.c.o) (hashset_num_items)
core/libreactor-c.a(hashset_itr.c.o)
                              core/libreactor-c.a(lf_token.c.o) (hashset_iterator)
core/libreactor-c.a(modes.c.o)
                              core/libreactor-c.a(reactor_common.c.o) (_lf_add_suspended_event)
robot/librobot.a(display.c.o)
                              CMakeFiles/CodeTest.dir/_display.c.o (display_set_font)
robot/librobot.a(font_8x8.c.o)
                              robot/librobot.a(display.c.o) (font_8x8)
robot/librobot.a(font_8x16.c.o)
                              CMakeFiles/CodeTest.dir/_display.c.o (font_8x16)
robot/librobot.a(ir_sensors.c.o)
                              CMakeFiles/CodeTest.dir/_line.c.o (line_sensors_calibrate)
robot/librobot.a(motors.c.o)  CMakeFiles/CodeTest.dir/_motors.c.o (motors_init)
robot/librobot.a(sh1106.c.o)  robot/librobot.a(display.c.o) (sh1106_transfer_start)
core/liblf-low-level-platform-impl.a(lf_rp2040_support.c.o)
                              core/libreactor-c.a(reactor.c.o) (_lf_initialize_clock)
core/liblf-low-level-platform-impl.a(lf_atomic_irq.c.o)
                              core/libreactor-c.a(reactor_common.c.o) (lf_atomic_fetch_add)
/usr/lib/gcc/arm-none-eabi/13.2.1/thumb/v6-m/nofp/libgcc.a(_dvmd_tls.o)
                              CMakeFiles/CodeTest.dir/home/lambrian/pico/pico-sdk/src/rp2_common/pico_divider/divider_hardware.S.o (__aeabi_idiv0)
/usr/lib/gcc/arm-none-eabi/13.2.1/../../../arm-none-eabi/lib/thumb/v6-m/nofp/libg.a(libc_a-strncpy.o)
                              core/libreactor-c.a(environment.c.o) (strncpy)
/usr/lib/gcc/arm-none-eabi/13.2.1/../../../arm-none-eabi/lib/thumb/v6-m/nofp/libg.a(libc_a-vfprintf.o)
                              core/libreactor-c.a(util.c.o) (vfprintf)
/usr/lib/gcc/arm-none-eabi/13.2.1/../../../arm-none-eabi/lib/thumb/v6-m/nofp/libg.a(libc_a-strcmp.o)
                              core/libreactor-c.a(reactor_common.c.o) (strcmp)
/usr/lib/gcc/arm-none-eabi/13.2.1/../../../arm-none-eabi/lib/thumb/v6-m/nofp/libg.a(libc_a-fflush.o)
                              /usr/lib/gcc/arm-none-eabi/13.2.1/../../../arm-none-eabi/lib/thumb/v6-m/nofp/libg.a(libc_a-vfprintf.o) (_fflush_r)
/usr/lib/gcc/arm-none-eabi/13.2.1/../../../arm-none-eabi/lib/thumb/v6-m/nofp/libg.a(libc_a-strncmp.o)
                              core/libreactor-c.a(reactor_common.c.o) (strncmp)
/usr/lib/gcc/arm-none-eabi/13.2.1/../../../arm-none-eabi/lib/thumb/v6-m/nofp/libg.a(libc_a-calloc.o)
                              CMakeFiles/CodeTest.dir/home/lambrian/pico/pico-sdk/src/rp2_common/pico_malloc/malloc.c.o (calloc)
/usr/lib/gcc/arm-none-eabi/13.2.1/../../../arm-none-eabi/lib/thumb/v6-m/nofp/libg.a(libc_a-errno.o)
                              core/libreactor-c.a(util.c.o) (__errno)
/usr/lib/gcc/arm-none-eabi/13.2.1/../../../arm-none-eabi/lib/thumb/v6-m/nofp/libg.a(libc_a-impure.o)
                              core/libreactor-c.a(util.c.o) (_impure_ptr)
/usr/lib/gcc/arm-none-eabi/13.2.1/../../../arm-none-eabi/lib/thumb/v6-m/nofp/libg.a(libc_a-callocr.o)
                              /usr/lib/gcc/arm-none-eabi/13.2.1/../../../arm-none-eabi/lib/thumb/v6-m/nofp/libg.a(libc_a-calloc.o) (_calloc_r)
/usr/lib/gcc/arm-none-eabi/13.2.1/../../../arm-none-eabi/lib/thumb/v6-m/nofp/libg.a(libc_a-realloc.o)
                              CMakeFiles/CodeTest.dir/home/lambrian/pico/pico-sdk/src/rp2_common/pico_malloc/malloc.c.o (realloc)
/usr/lib/gcc/arm-none-eabi/13.2.1/../../../arm-none-eabi/lib/thumb/v6-m/nofp/libg.a(libc_a-mallocr.o)
[...]
Memory Configuration

Name             Origin             Length             Attributes
FLASH            0x10000000         0x00200000         xr
RAM              0x20000000         0x00040000         xrw
SCRATCH_X        0x20040000         0x00001000         xrw
SCRATCH_Y        0x20041000         0x00001000         xrw
*default*        0x00000000         0xffffffff

Linker script and memory map

LOAD /usr/lib/gcc/arm-none-eabi/13.2.1/thumb/v6-m/nofp/crti.o
LOAD /usr/lib/gcc/arm-none-eabi/13.2.1/thumb/v6-m/nofp/crtbegin.o
LOAD /usr/lib/gcc/arm-none-eabi/13.2.1/../../../arm-none-eabi/lib/thumb/v6-m/nofp/crt0.o

.flash_begin    0x10000000        0x0
                0x10000000                        __flash_binary_start = .

.boot2          0x10000000      0x100
                0x10000000                        __boot2_start__ = .
 *(.boot2)
 .boot2         0x10000000      0x100 pico-sdk/src/rp2040/boot_stage2/CMakeFiles/bs2_default_library.dir/bs2_default_padded_checksummed.S.o
                0x10000100                        __boot2_end__ = .
                0x00000001                        ASSERT (((__boot2_end__ - __boot2_start__) == 0x100), ERROR: Pico second stage bootloader must be 256 bytes in size)

.text           0x10000100    0x14ac8
                0x10000100                        __logical_binary_start = .
 *(.vectors)
 .vectors       0x10000100       0xd4 CMakeFiles/CodeTest.dir/home/lambrian/pico/pico-sdk/src/rp2_common/pico_crt0/crt0.S.o
                0x10000100                __vectors
                0x10000100                __VECTOR_TABLE
                0x100001c0                isr_irq30
                0x100001c0                __unhandled_user_irq
                0x100001c0                isr_irq13
                0x100001c0                isr_irq27
                0x100001c0                isr_irq31
                0x100001c0                isr_irq5
                0x100001c0                isr_irq11
                0x100001c0                isr_irq23
                0x100001c0                isr_irq18
                0x100001c0                isr_irq28
                0x100001c0                isr_irq19
                0x100001c0                isr_irq0
                0x100001c0                isr_irq6
                0x100001c0                isr_irq22
                0x100001c0                isr_irq17
                0x100001c0                isr_irq14
                0x100001c0                __vectors_end
                0x100001c0                __default_isrs_start
                0x100001c0                isr_irq2
                0x100001c0                isr_irq10
                0x100001c0                isr_irq8
                0x100001c0                isr_irq24
                0x100001c0                isr_irq1
                0x100001c0                isr_irq7
                0x100001c0                isr_irq21
                0x100001c0                isr_irq20
                0x100001c0                isr_irq15
                0x100001c0                isr_irq25
                0x100001c0                isr_irq4
                0x100001c0                isr_irq16
                0x100001c0                isr_irq29
                0x100001c0                isr_irq26
                0x100001c0                isr_irq3
                0x100001c0                isr_irq12
                0x100001c0                isr_irq9
                0x100001c6                unhandled_user_irq_num_in_r0
                0x100001c8                isr_invalid
                0x100001ca                isr_nmi
                0x100001cc                isr_hardfault
                0x100001ce                isr_svcall
                0x100001d0                isr_pendsv
                0x100001d2                isr_systick
                0x100001d4                __default_isrs_end
 *(.binary_info_header)
 .binary_info_header
                0x100001d4       0x14 CMakeFiles/CodeTest.dir/home/lambrian/pico/pico-sdk/src/rp2_common/pico_crt0/crt0.S.o
                0x100001e8                        __binary_info_header_end = .
 *(.embedded_block)
                0x100001e8                        __embedded_block_end = .
 *(.reset)
 .reset         0x100001e8       0x9c CMakeFiles/CodeTest.dir/home/lambrian/pico/pico-sdk/src/rp2_common/pico_crt0/crt0.S.o
                0x100001e8                _entry_point
 *(.init)
 .init          0x10000284        0x4 /usr/lib/gcc/arm-none-eabi/13.2.1/thumb/v6-m/nofp/crti.o
                0x10000284                _init
 *(EXCLUDE_FILE(*libm.a: *libc.a:*lib_a-mem*.o *libgcc.a:) .text*)
 .text          0x10000288       0x98 /usr/lib/gcc/arm-none-eabi/13.2.1/thumb/v6-m/nofp/crtbegin.o
 .text.lf_schedule_trigger
                0x10000320      0x2f0 CMakeFiles/CodeTest.dir/lib/schedule.c.o
                0x10000320                lf_schedule_trigger
 .text._codetest_mainreaction_function_0
                0x10000610       0x58 CMakeFiles/CodeTest.dir/_codetest_main.c.o
                0x10000610                _codetest_mainreaction_function_0
 .text._codetest_mainreaction_function_1
                0x10000668       0x2c CMakeFiles/CodeTest.dir/_codetest_main.c.o
                0x10000668                _codetest_mainreaction_function_1
 .text._codetest_mainreaction_function_2
                0x10000694       0x2c CMakeFiles/CodeTest.dir/_codetest_main.c.o
                0x10000694                _codetest_mainreaction_function_2
 .text.new__codetest_main
                0x100006c0       0xf4 CMakeFiles/CodeTest.dir/_codetest_main.c.o
                0x100006c0                new__codetest_main
 .text._parkingcontrollerreaction_function_0
                0x100007b4       0xf0 CMakeFiles/CodeTest.dir/_parkingcontroller.c.o
                0x100007b4                _parkingcontrollerreaction_function_0
 .text._parkingcontrollerreaction_function_1
                0x100008a4       0x8c CMakeFiles/CodeTest.dir/_parkingcontroller.c.o
                0x100008a4                _parkingcontrollerreaction_function_1
 .text._parkingcontrollerreaction_function_7
                0x10000930      0x108 CMakeFiles/CodeTest.dir/_parkingcontroller.c.o
                0x10000930                _parkingcontrollerreaction_function_7
 .text._parkingcontrollerreaction_function_10
                0x10000a38      0x104 CMakeFiles/CodeTest.dir/_parkingcontroller.c.o
                0x10000a38                _parkingcontrollerreaction_function_10
 .text._parkingcontrollerreaction_function_11
                0x10000b3c      0x104 CMakeFiles/CodeTest.dir/_parkingcontroller.c.o
                0x10000b3c                _parkingcontrollerreaction_function_11
 .text._parkingcontrollerreaction_function_13
                0x10000c40       0x10 CMakeFiles/CodeTest.dir/_parkingcontroller.c.o
                0x10000c40                _parkingcontrollerreaction_function_13
 .text._parkingcontrollerreaction_function_2
                0x10000c50      0x100 CMakeFiles/CodeTest.dir/_parkingcontroller.c.o
                0x10000c50                _parkingcontrollerreaction_function_2
 .text._parkingcontrollerreaction_function_3
                0x10000d50      0x224 CMakeFiles/CodeTest.dir/_parkingcontroller.c.o
                0x10000d50                _parkingcontrollerreaction_function_3
 .text._parkingcontrollerreaction_function_4
                0x10000f74      0x190 CMakeFiles/CodeTest.dir/_parkingcontroller.c.o
                0x10000f74                _parkingcontrollerreaction_function_4
 .text._parkingcontrollerreaction_function_5
                0x10001104      0x170 CMakeFiles/CodeTest.dir/_parkingcontroller.c.o
                0x10001104                _parkingcontrollerreaction_function_5
 .text._parkingcontrollerreaction_function_6
                0x10001274      0x178 CMakeFiles/CodeTest.dir/_parkingcontroller.c.o
                0x10001274                _parkingcontrollerreaction_function_6
 .text._parkingcontrollerreaction_function_8
                0x100013ec      0x248 CMakeFiles/CodeTest.dir/_parkingcontroller.c.o
                0x100013ec                _parkingcontrollerreaction_function_8
 .text._parkingcontrollerreaction_function_9
                0x10001634      0x248 CMakeFiles/CodeTest.dir/_parkingcontroller.c.o
                0x10001634                _parkingcontrollerreaction_function_9
 .text._parkingcontrollerreaction_function_12
                0x1000187c      0x18c CMakeFiles/CodeTest.dir/_parkingcontroller.c.o
                0x1000187c                _parkingcontrollerreaction_function_12
 .text.new__parkingcontroller
                0x10001a08      0x6d4 CMakeFiles/CodeTest.dir/_parkingcontroller.c.o
                0x10001a08                new__parkingcontroller
 .text._displayreaction_function_1
                0x100020dc       0xb4 CMakeFiles/CodeTest.dir/_display.c.o
                0x100020dc                _displayreaction_function_1
 .text._displayreaction_function_0
                0x10002190       0x2c CMakeFiles/CodeTest.dir/_display.c.o
                0x10002190                _displayreaction_function_0
 .text.new__display
                0x100021bc      0x164 CMakeFiles/CodeTest.dir/_display.c.o
                0x100021bc                new__display
 .text._motorswithfeedbackreaction_function_0
                0x10002320        0x8 CMakeFiles/CodeTest.dir/_motorswithfeedback.c.o
                0x10002320                _motorswithfeedbackreaction_function_0
 .text._motorswithfeedbackreaction_function_1
                0x10002328        0xc CMakeFiles/CodeTest.dir/_motorswithfeedback.c.o
                0x10002328                _motorswithfeedbackreaction_function_1
 .text._motorswithfeedbackreaction_function_2
                0x10002334      0x154 CMakeFiles/CodeTest.dir/_motorswithfeedback.c.o
                0x10002334                _motorswithfeedbackreaction_function_2
 .text.new__motorswithfeedback
                0x10002488      0x17c CMakeFiles/CodeTest.dir/_motorswithfeedback.c.o
                0x10002488                new__motorswithfeedback
 .text._motorsreaction_function_1
                0x10002604       0x4c CMakeFiles/CodeTest.dir/_motors.c.o
                0x10002604                _motorsreaction_function_1
 .text._motorsreaction_function_2
                0x10002650       0x4c CMakeFiles/CodeTest.dir/_motors.c.o
                0x10002650                _motorsreaction_function_2
 .text._motorsreaction_function_0
                0x1000269c        0xc CMakeFiles/CodeTest.dir/_motors.c.o
                0x1000269c                _motorsreaction_function_0
 .text.new__motors
                0x100026a8      0x114 CMakeFiles/CodeTest.dir/_motors.c.o
                0x100026a8                new__motors
 .text._picontrolreaction_function_0
                0x100027bc       0x60 CMakeFiles/CodeTest.dir/_picontrol.c.o
                0x100027bc                _picontrolreaction_function_0
 .text.new__picontrol
                0x1000281c       0x70 CMakeFiles/CodeTest.dir/_picontrol.c.o
                0x1000281c                new__picontrol
 .text._encodersreaction_function_1
                0x1000288c       0x9c CMakeFiles/CodeTest.dir/_encoders.c.o
                0x1000288c                _encodersreaction_function_1
 .text._encodersreaction_function_0
                0x10002928      0x118 CMakeFiles/CodeTest.dir/_encoders.c.o
                0x10002928                _encodersreaction_function_0
 .text.new__encoders
                0x10002a40       0xc4 CMakeFiles/CodeTest.dir/_encoders.c.o
                0x10002a40                new__encoders
 .text._linereaction_function_0
                0x10002b04        0xc CMakeFiles/CodeTest.dir/_line.c.o
                0x10002b04                _linereaction_function_0
 .text._linereaction_function_1
                0x10002b10       0x8c CMakeFiles/CodeTest.dir/_line.c.o
                0x10002b10                _linereaction_function_1
 .text.new__line
                0x10002b9c       0xc8 CMakeFiles/CodeTest.dir/_line.c.o
                0x10002b9c                new__line
 .text.startup.main
                0x10002c64        0xc CMakeFiles/CodeTest.dir/CodeTest.c.o
                0x10002c64                main
 .text.lf_set_default_command_line_options
                0x10002c70        0x4 CMakeFiles/CodeTest.dir/CodeTest.c.o
                0x10002c70                lf_set_default_command_line_options
 .text.lf_create_environments
                0x10002c74       0x40 CMakeFiles/CodeTest.dir/CodeTest.c.o
                0x10002c74                lf_create_environments
 .text._lf_get_environments
                0x10002cb4        0xc CMakeFiles/CodeTest.dir/CodeTest.c.o
                0x10002cb4                _lf_get_environments
 .text._lf_initialize_trigger_objects
                0x10002cc0     0x15a8 CMakeFiles/CodeTest.dir/CodeTest.c.o
                0x10002cc0                _lf_initialize_trigger_objects
 .text.lf_terminate_execution
                0x10004268        0x4 CMakeFiles/CodeTest.dir/CodeTest.c.o
                0x10004268                lf_terminate_execution
 .text.gpio_set_function
                0x1000426c       0x34 CMakeFiles/CodeTest.dir/home/lambrian/pico/pico-sdk/src/rp2_common/hardware_gpio/gpio.c.o
                0x1000426c                gpio_set_function
 .text.gpio_set_pulls
                0x100042a0       0x28 CMakeFiles/CodeTest.dir/home/lambrian/pico/pico-sdk/src/rp2_common/hardware_gpio/gpio.c.o
                0x100042a0                gpio_set_pulls
 .text.gpio_init
                0x100042c8       0x40 CMakeFiles/CodeTest.dir/home/lambrian/pico/pico-sdk/src/rp2_common/hardware_gpio/gpio.c.o
                0x100042c8                gpio_init
 .text.rp2040_chip_version
                0x10004308        0xc CMakeFiles/CodeTest.dir/home/lambrian/pico/pico-sdk/src/rp2040/pico_platform/platform.c.o
                0x10004308                rp2040_chip_version
 .text.panic    0x10004314       0x30 CMakeFiles/CodeTest.dir/home/lambrian/pico/pico-sdk/src/rp2_common/pico_platform_panic/panic.c.o
                0x10004314                panic
 .text.hw_claim_lock
                0x10004344       0x18 CMakeFiles/CodeTest.dir/home/lambrian/pico/pico-sdk/src/common/hardware_claim/claim.c.o
                0x10004344                hw_claim_lock
 .text.hw_claim_unlock
                0x1000435c       0x14 CMakeFiles/CodeTest.dir/home/lambrian/pico/pico-sdk/src/common/hardware_claim/claim.c.o
                0x1000435c                hw_claim_unlock
 .text.hw_claim_or_assert
                0x10004370       0x44 CMakeFiles/CodeTest.dir/home/lambrian/pico/pico-sdk/src/common/hardware_claim/claim.c.o
                0x10004370                hw_claim_or_assert
 .text.hw_claim_unused_from_range
                0x100043b4       0x9c CMakeFiles/CodeTest.dir/home/lambrian/pico/pico-sdk/src/common/hardware_claim/claim.c.o
                0x100043b4                hw_claim_unused_from_range
 .text.next_striped_spin_lock_num
                0x10004450       0x18 CMakeFiles/CodeTest.dir/home/lambrian/pico/pico-sdk/src/rp2_common/hardware_sync/sync.c.o
                0x10004450                next_striped_spin_lock_num
 .text.spin_lock_claim_unused
                0x10004468       0x24 CMakeFiles/CodeTest.dir/home/lambrian/pico/pico-sdk/src/rp2_common/hardware_sync/sync.c.o
                0x10004468                spin_lock_claim_unused
 .text.spin_locks_reset
                0x1000448c       0x1c CMakeFiles/CodeTest.dir/home/lambrian/pico/pico-sdk/src/rp2_common/hardware_sync_spin_lock/sync_spin_lock.c.o
                0x1000448c                spin_locks_reset
 .text.runtime_init_per_core_irq_priorities
                0x100044a8       0x24 CMakeFiles/CodeTest.dir/home/lambrian/pico/pico-sdk/src/rp2_common/hardware_irq/irq.c.o
                0x100044a8                runtime_init_per_core_irq_priorities
 .text.irq_set_enabled
                0x100044cc       0x24 CMakeFiles/CodeTest.dir/home/lambrian/pico/pico-sdk/src/rp2_common/hardware_irq/irq.c.o
                0x100044cc                irq_set_enabled
 .text.irq_is_enabled
                0x100044f0       0x18 CMakeFiles/CodeTest.dir/home/lambrian/pico/pico-sdk/src/rp2_common/hardware_irq/irq.c.o
                0x100044f0                irq_is_enabled
 .text.irq_set_pending
                0x10004508       0x10 CMakeFiles/CodeTest.dir/home/lambrian/pico/pico-sdk/src/rp2_common/hardware_irq/irq.c.o
                0x10004508                irq_set_pending
 .text.irq_has_shared_handler
                0x10004518       0x24 CMakeFiles/CodeTest.dir/home/lambrian/pico/pico-sdk/src/rp2_common/hardware_irq/irq.c.o
                0x10004518                irq_has_shared_handler
 .text.irq_set_exclusive_handler
                0x1000453c       0x54 CMakeFiles/CodeTest.dir/home/lambrian/pico/pico-sdk/src/rp2_common/hardware_irq/irq.c.o
                0x1000453c                irq_set_exclusive_handler
 .text.irq_add_shared_handler
                0x10004590      0x1f4 CMakeFiles/CodeTest.dir/home/lambrian/pico/pico-sdk/src/rp2_common/hardware_irq/irq.c.o
                0x10004590                irq_add_shared_handler
 .text.irq_remove_handler
                0x10004784      0x1d4 CMakeFiles/CodeTest.dir/home/lambrian/pico/pico-sdk/src/rp2_common/hardware_irq/irq.c.o
                0x10004784                irq_remove_handler
 .text.irq_add_tail_to_free_list
                0x10004958       0xb4 CMakeFiles/CodeTest.dir/home/lambrian/pico/pico-sdk/src/rp2_common/hardware_irq/irq.c.o
                0x10004958                irq_add_tail_to_free_list
 .text.user_irq_claim_unused
                0x10004a0c       0x2c CMakeFiles/CodeTest.dir/home/lambrian/pico/pico-sdk/src/rp2_common/hardware_irq/irq.c.o
                0x10004a0c                user_irq_claim_unused
 .text.sem_init
                0x10004a38       0x20 CMakeFiles/CodeTest.dir/home/lambrian/pico/pico-sdk/src/common/pico_sync/sem.c.o
                0x10004a38                sem_init
 .text.lock_init
                0x10004a58       0x10 CMakeFiles/CodeTest.dir/home/lambrian/pico/pico-sdk/src/common/pico_sync/lock_core.c.o
                0x10004a58                lock_init
 .text.runtime_init_mutex
                0x10004a68       0x50 CMakeFiles/CodeTest.dir/home/lambrian/pico/pico-sdk/src/common/pico_sync/mutex.c.o
                0x10004a68                runtime_init_mutex
 .text.mutex_init
                0x10004ab8       0x1c CMakeFiles/CodeTest.dir/home/lambrian/pico/pico-sdk/src/common/pico_sync/mutex.c.o
                0x10004ab8                mutex_init
 .text.critical_section_init
                0x10004ad4       0x1c CMakeFiles/CodeTest.dir/home/lambrian/pico/pico-sdk/src/common/pico_sync/critical_section.c.o
                0x10004ad4                critical_section_init
 .text.critical_section_init_with_lock_num
                0x10004af0       0x14 CMakeFiles/CodeTest.dir/home/lambrian/pico/pico-sdk/src/common/pico_sync/critical_section.c.o
                0x10004af0                critical_section_init_with_lock_num
 .text.sleep_until_callback
                0x10004b04       0x30 CMakeFiles/CodeTest.dir/home/lambrian/pico/pico-sdk/src/common/pico_time/time.c.o
 .text.alarm_pool_irq_handler
                0x10004b34      0x2fc CMakeFiles/CodeTest.dir/home/lambrian/pico/pico-sdk/src/common/pico_time/time.c.o
 .text.runtime_init_default_alarm_pool
                0x10004e30       0xdc CMakeFiles/CodeTest.dir/home/lambrian/pico/pico-sdk/src/common/pico_time/time.c.o
                0x10004e30                runtime_init_default_alarm_pool
 .text.alarm_pool_get_default
                0x10004f0c        0x8 CMakeFiles/CodeTest.dir/home/lambrian/pico/pico-sdk/src/common/pico_time/time.c.o
                0x10004f0c                alarm_pool_get_default
 .text.alarm_pool_add_alarm_at
                0x10004f14       0xd4 CMakeFiles/CodeTest.dir/home/lambrian/pico/pico-sdk/src/common/pico_time/time.c.o
                0x10004f14                alarm_pool_add_alarm_at
 .text.alarm_pool_add_alarm_at_force_in_context
                0x10004fe8       0xb0 CMakeFiles/CodeTest.dir/home/lambrian/pico/pico-sdk/src/common/pico_time/time.c.o
                0x10004fe8                alarm_pool_add_alarm_at_force_in_context
 .text.alarm_pool_cancel_alarm
                0x10005098       0x74 CMakeFiles/CodeTest.dir/home/lambrian/pico/pico-sdk/src/common/pico_time/time.c.o
                0x10005098                alarm_pool_cancel_alarm
 .text.alarm_pool_core_num
                0x1000510c        0x4 CMakeFiles/CodeTest.dir/home/lambrian/pico/pico-sdk/src/common/pico_time/time.c.o
                0x1000510c                alarm_pool_core_num
 .text.sleep_until
                0x10005110       0xd8 CMakeFiles/CodeTest.dir/home/lambrian/pico/pico-sdk/src/common/pico_time/time.c.o
                0x10005110                sleep_until
 .text.sleep_us
                0x100051e8       0x28 CMakeFiles/CodeTest.dir/home/lambrian/pico/pico-sdk/src/common/pico_time/time.c.o
                0x100051e8                sleep_us
 .text.best_effort_wfe_or_timeout
                0x10005210       0xf8 CMakeFiles/CodeTest.dir/home/lambrian/pico/pico-sdk/src/common/pico_time/time.c.o
                0x10005210                best_effort_wfe_or_timeout
 .text.timer_hardware_alarm_claim
                0x10005308       0x14 CMakeFiles/CodeTest.dir/home/lambrian/pico/pico-sdk/src/rp2_common/hardware_timer/timer.c.o
                0x10005308                timer_hardware_alarm_claim
 .text.timer_time_us_64
                0x1000531c       0x10 CMakeFiles/CodeTest.dir/home/lambrian/pico/pico-sdk/src/rp2_common/hardware_timer/timer.c.o
                0x1000531c                timer_time_us_64
 .text.time_us_64
                0x1000532c       0x14 CMakeFiles/CodeTest.dir/home/lambrian/pico/pico-sdk/src/rp2_common/hardware_timer/timer.c.o
                0x1000532c                time_us_64
 .text.busy_wait_us
                0x10005340       0x68 CMakeFiles/CodeTest.dir/home/lambrian/pico/pico-sdk/src/rp2_common/hardware_timer/timer.c.o
                0x10005340                busy_wait_us
 .text.busy_wait_until
                0x100053a8       0x20 CMakeFiles/CodeTest.dir/home/lambrian/pico/pico-sdk/src/rp2_common/hardware_timer/timer.c.o
                0x100053a8                busy_wait_until
 .text.uart_init
                0x100053c8      0x120 CMakeFiles/CodeTest.dir/home/lambrian/pico/pico-sdk/src/rp2_common/hardware_uart/uart.c.o
                0x100053c8                uart_init
 .text.clock_configure_int_divider
                0x100054e8       0xf4 CMakeFiles/CodeTest.dir/home/lambrian/pico/pico-sdk/src/rp2_common/hardware_clocks/clocks.c.o
                0x100054e8                clock_configure_int_divider
 .text.clock_configure_undivided
                0x100055dc       0xe8 CMakeFiles/CodeTest.dir/home/lambrian/pico/pico-sdk/src/rp2_common/hardware_clocks/clocks.c.o
                0x100055dc                clock_configure_undivided
 .text.clock_get_hz
                0x100056c4        0xc CMakeFiles/CodeTest.dir/home/lambrian/pico/pico-sdk/src/rp2_common/hardware_clocks/clocks.c.o
                0x100056c4                clock_get_hz
 .text.pll_init
                0x100056d0       0xa4 CMakeFiles/CodeTest.dir/home/lambrian/pico/pico-sdk/src/rp2_common/hardware_pll/pll.c.o
                0x100056d0                pll_init
 .text.watchdog_reboot
                0x10005774       0x9c CMakeFiles/CodeTest.dir/home/lambrian/pico/pico-sdk/src/rp2_common/hardware_watchdog/watchdog.c.o
                0x10005774                watchdog_reboot
 .text.tick_start
                0x10005810       0x10 CMakeFiles/CodeTest.dir/home/lambrian/pico/pico-sdk/src/rp2_common/hardware_ticks/ticks.c.o
                0x10005810                tick_start
 .text.rom_func_lookup
                0x10005820       0x10 CMakeFiles/CodeTest.dir/home/lambrian/pico/pico-sdk/src/rp2_common/pico_bootrom/bootrom.c.o
                0x10005820                rom_func_lookup
 .text.rom_data_lookup
                0x10005830       0x10 CMakeFiles/CodeTest.dir/home/lambrian/pico/pico-sdk/src/rp2_common/pico_bootrom/bootrom.c.o
                0x10005830                rom_data_lookup
 .text.rom_funcs_lookup
                0x10005840       0x44 CMakeFiles/CodeTest.dir/home/lambrian/pico/pico-sdk/src/rp2_common/pico_bootrom/bootrom.c.o
                0x10005840                rom_funcs_lookup
 .text.rom_reset_usb_boot_extra
                0x10005884       0x28 CMakeFiles/CodeTest.dir/home/lambrian/pico/pico-sdk/src/rp2_common/pico_bootrom/bootrom.c.o
                0x10005884                rom_reset_usb_boot_extra
 .text.xosc_init
                0x100058ac       0x28 CMakeFiles/CodeTest.dir/home/lambrian/pico/pico-sdk/src/rp2_common/hardware_xosc/xosc.c.o
                0x100058ac                xosc_init
 .text.first_per_core_initializer
                0x100058d4        0x4 CMakeFiles/CodeTest.dir/home/lambrian/pico/pico-sdk/src/rp2_common/pico_runtime/runtime.c.o
 .text.hard_assertion_failure
                0x100058d8        0xc CMakeFiles/CodeTest.dir/home/lambrian/pico/pico-sdk/src/rp2_common/pico_runtime/runtime.c.o
                0x100058d8                hard_assertion_failure
 .text.runtime_run_initializers
                0x100058e4       0x28 CMakeFiles/CodeTest.dir/home/lambrian/pico/pico-sdk/src/rp2_common/pico_runtime/runtime.c.o
                0x100058e4                runtime_run_initializers
 .text.runtime_init_early_resets
                0x1000590c       0x2c CMakeFiles/CodeTest.dir/home/lambrian/pico/pico-sdk/src/rp2_common/pico_runtime_init/runtime_init.c.o
                0x1000590c                runtime_init_early_resets
 .text.runtime_init_usb_power_down
                0x10005938       0x1c CMakeFiles/CodeTest.dir/home/lambrian/pico/pico-sdk/src/rp2_common/pico_runtime_init/runtime_init.c.o
                0x10005938                runtime_init_usb_power_down
 .text.runtime_init_post_clock_resets
                0x10005954       0x20 CMakeFiles/CodeTest.dir/home/lambrian/pico/pico-sdk/src/rp2_common/pico_runtime_init/runtime_init.c.o
                0x10005954                runtime_init_post_clock_resets
 .text.runtime_init_rp2040_gpio_ie_disable
                0x10005974       0x14 CMakeFiles/CodeTest.dir/home/lambrian/pico/pico-sdk/src/rp2_common/pico_runtime_init/runtime_init.c.o
                0x10005974                runtime_init_rp2040_gpio_ie_disable
 .text.runtime_init_spin_locks_reset
                0x10005988        0x8 CMakeFiles/CodeTest.dir/home/lambrian/pico/pico-sdk/src/rp2_common/pico_runtime_init/runtime_init.c.o
                0x10005988                runtime_init_spin_locks_reset
 .text.runtime_init_install_ram_vector_table
                0x10005990       0xb4 CMakeFiles/CodeTest.dir/home/lambrian/pico/pico-sdk/src/rp2_common/pico_runtime_init/runtime_init.c.o
                0x10005990                runtime_init_install_ram_vector_table
 .text.runtime_init_clocks
                0x10005a44       0xd8 CMakeFiles/CodeTest.dir/home/lambrian/pico/pico-sdk/src/rp2_common/pico_runtime_init/runtime_init_clocks.c.o
                0x10005a44                runtime_init_clocks
 .text          0x10005b1c       0x10 CMakeFiles/CodeTest.dir/home/lambrian/pico/pico-sdk/src/rp2_common/pico_bit_ops/bit_ops_aeabi.S.o
 .text.ctzsi    0x10005b2c        0xc CMakeFiles/CodeTest.dir/home/lambrian/pico/pico-sdk/src/rp2_common/pico_bit_ops/bit_ops_aeabi.S.o
                0x10005b2c                __wrap___ctzsi2
 .text.__wrap___aeabi_idiv
                0x10005b38       0x50 CMakeFiles/CodeTest.dir/home/lambrian/pico/pico-sdk/src/rp2_common/pico_divider/divider_hardware.S.o
                0x10005b38                __wrap___aeabi_idivmod
                0x10005b38                divmod_s32s32
                0x10005b38                div_s32s32
                0x10005b38                __wrap___aeabi_idiv
                0x10005b40                divmod_s32s32_unsafe
                0x10005b6c                divmod_s32s32_savestate
 .text.__wrap___aeabi_uidiv
                0x10005b88       0x4c CMakeFiles/CodeTest.dir/home/lambrian/pico/pico-sdk/src/rp2_common/pico_divider/divider_hardware.S.o
                0x10005b88                __wrap___aeabi_uidiv
                0x10005b88                __wrap___aeabi_uidivmod
                0x10005b88                div_u32u32
                0x10005b88                divmod_u32u32
                0x10005b90                divmod_u32u32_unsafe
                0x10005bb8                divmod_u32u32_savestate
 .text.__wrap___aeabi_ldiv
                0x10005bd4      0x424 CMakeFiles/CodeTest.dir/home/lambrian/pico/pico-sdk/src/rp2_common/pico_divider/divider_hardware.S.o
                0x10005bd4                div_s64s64
                0x10005bd4                divmod_s64s64
                0x10005bd4                __wrap___aeabi_ldivmod
                0x10005c04                div_u64u64
                0x10005c04                divmod_u64u64
                0x10005c04                __wrap___aeabi_uldivmod
                0x10005c14                divmod_u64u64_savestate
                0x10005c34                divmod_s64s64_unsafe
                0x10005cbc                divmod_u64u64_unsafe
 .text.__wrap___aeabi_darithmetic
                0x10005ff8       0x80 CMakeFiles/CodeTest.dir/home/lambrian/pico/pico-sdk/src/rp2_common/pico_double/double_aeabi_rp2040.S.o
                0x10005ff8                __wrap___aeabi_drsub
                0x10005ffe                __wrap___aeabi_dsub
                0x10006010                __wrap___aeabi_dadd
                0x10006022                __wrap___aeabi_ddiv
                0x1000605e                __wrap___aeabi_dmul
 .text.__wrap___aeabi_cdcmple
                0x10006078       0x6c CMakeFiles/CodeTest.dir/home/lambrian/pico/pico-sdk/src/rp2_common/pico_double/double_aeabi_rp2040.S.o
                0x10006078                __wrap___aeabi_cdrcmple
                0x10006088                __wrap___aeabi_cdcmple
                0x10006088                __wrap___aeabi_cdcmpeq
 .text.__wrap___aeabi_dcmpeq
                0x100060e4       0x10 CMakeFiles/CodeTest.dir/home/lambrian/pico/pico-sdk/src/rp2_common/pico_double/double_aeabi_rp2040.S.o
                0x100060e4                __wrap___aeabi_dcmpeq
 .text.__wrap___aeabi_dcmplt
                0x100060f4        0xc CMakeFiles/CodeTest.dir/home/lambrian/pico/pico-sdk/src/rp2_common/pico_double/double_aeabi_rp2040.S.o
                0x100060f4                __wrap___aeabi_dcmplt
 .text.__wrap___aeabi_dcmple
                0x10006100       0x10 CMakeFiles/CodeTest.dir/home/lambrian/pico/pico-sdk/src/rp2_common/pico_double/double_aeabi_rp2040.S.o
                0x10006100                __wrap___aeabi_dcmple
 .text.__wrap___aeabi_dcmpge
                0x10006110       0x10 CMakeFiles/CodeTest.dir/home/lambrian/pico/pico-sdk/src/rp2_common/pico_double/double_aeabi_rp2040.S.o
                0x10006110                __wrap___aeabi_dcmpge
 .text.__wrap___aeabi_dcmpgt
                0x10006120        0xa CMakeFiles/CodeTest.dir/home/lambrian/pico/pico-sdk/src/rp2_common/pico_double/double_aeabi_rp2040.S.o
                0x10006120                __wrap___aeabi_dcmpgt
 .text.__wrap___aeabi_dcmpun
                0x1000612a       0x18 CMakeFiles/CodeTest.dir/home/lambrian/pico/pico-sdk/src/rp2_common/pico_double/double_aeabi_rp2040.S.o
                0x1000612a                __wrap___aeabi_dcmpun
 *fill*         0x10006142        0x2 
 .text.__wrap___aeabi_i2d
                0x10006144       0x38 CMakeFiles/CodeTest.dir/home/lambrian/pico/pico-sdk/src/rp2_common/pico_double/double_aeabi_rp2040.S.o
                0x10006144                __wrap___aeabi_ui2d
                0x10006144                uint2double
                0x1000614c                __wrap___aeabi_i2d
                0x1000614c                int2double
 .text.__wrap___aeabi_d2iz
                0x1000617c       0x48 CMakeFiles/CodeTest.dir/home/lambrian/pico/pico-sdk/src/rp2_common/pico_double/double_aeabi_rp2040.S.o
                0x1000617c                __wrap___aeabi_d2iz
                0x1000617c                double2int_z
 .text.__wrap___aeabi_d2uiz
                0x100061c4       0x18 CMakeFiles/CodeTest.dir/home/lambrian/pico/pico-sdk/src/rp2_common/pico_double/double_aeabi_rp2040.S.o
                0x100061c4                double2uint_z
                0x100061c4                double2uint
                0x100061c4                __wrap___aeabi_d2uiz
 .text.__wrap___aeabi_d2f
                0x100061dc       0x18 CMakeFiles/CodeTest.dir/home/lambrian/pico/pico-sdk/src/rp2_common/pico_double/double_aeabi_rp2040.S.o
                0x100061dc                __wrap___aeabi_d2f
 .text.__aeabi_double_init
                0x100061f4       0xa4 CMakeFiles/CodeTest.dir/home/lambrian/pico/pico-sdk/src/rp2_common/pico_double/double_init_rom_rp2040.c.o
                0x100061f4                __aeabi_double_init
 .text.double_table_shim_on_use_helper
                0x10006298       0x2c CMakeFiles/CodeTest.dir/home/lambrian/pico/pico-sdk/src/rp2_common/pico_double/double_v1_rom_shim_rp2040.S.o
                0x10006298                double_table_shim_on_use_helper
 .text.__wrap___aeabi_dsub
                0x100062c4       0x10 CMakeFiles/CodeTest.dir/home/lambrian/pico/pico-sdk/src/rp2_common/pico_double/double_v1_rom_shim_rp2040.S.o
                0x100062c4                drsub_shim
                0x100062ca                dsub_shim
 .text.dadd_shim
                0x100062d4      0x15c CMakeFiles/CodeTest.dir/home/lambrian/pico/pico-sdk/src/rp2_common/pico_double/double_v1_rom_shim_rp2040.S.o
                0x100062d4                dadd_shim
 .text.dmul_shim
                0x10006430      0x15c CMakeFiles/CodeTest.dir/home/lambrian/pico/pico-sdk/src/rp2_common/pico_double/double_v1_rom_shim_rp2040.S.o
                0x10006430                dmul_shim
 .text.ddiv_shim
                0x1000658c      0x1b0 CMakeFiles/CodeTest.dir/home/lambrian/pico/pico-sdk/src/rp2_common/pico_double/double_v1_rom_shim_rp2040.S.o
                0x1000658c                ddiv_shim
 .text.double2uint_shim
                0x1000673c        0xe CMakeFiles/CodeTest.dir/home/lambrian/pico/pico-sdk/src/rp2_common/pico_double/double_v1_rom_shim_rp2040.S.o
                0x1000673c                double2uint_shim
                0x1000673e                double2ufix_shim
 *fill*         0x1000674a        0x2 
 .text.double2uint64_shim
                0x1000674c       0x70 CMakeFiles/CodeTest.dir/home/lambrian/pico/pico-sdk/src/rp2_common/pico_double/double_v1_rom_shim_rp2040.S.o
                0x1000674c                double2uint64_shim
                0x1000674e                double2ufix64_shim
                0x1000676e                d2fix_a
 .text.double2float_shim
                0x100067bc       0x5c CMakeFiles/CodeTest.dir/home/lambrian/pico/pico-sdk/src/rp2_common/pico_double/double_v1_rom_shim_rp2040.S.o
                0x100067bc                double2float_shim
 .text.dunpacks
                0x10006818       0x3c CMakeFiles/CodeTest.dir/home/lambrian/pico/pico-sdk/src/rp2_common/pico_double/double_v1_rom_shim_rp2040.S.o
                0x10006818                dunpacks
 .text.__aeabi_lmul
                0x10006854       0x32 CMakeFiles/CodeTest.dir/home/lambrian/pico/pico-sdk/src/rp2_common/pico_int64_ops/pico_int64_ops_aeabi.S.o
                0x10006854                __wrap___aeabi_lmul
 *fill*         0x10006886        0x2 
 .text.__wrap___aeabi_farithmetic
                0x10006888       0x48 CMakeFiles/CodeTest.dir/home/lambrian/pico/pico-sdk/src/rp2_common/pico_float/float_aeabi_rp2040.S.o
                0x10006888                __wrap___aeabi_frsub
                0x1000688e                __wrap___aeabi_fsub
                0x10006894                __wrap___aeabi_fadd
                0x1000689a                __wrap___aeabi_fdiv
                0x100068c2                __wrap___aeabi_fmul
 .text.__wrap___aeabi_cfcmple
                0x100068d0       0x50 CMakeFiles/CodeTest.dir/home/lambrian/pico/pico-sdk/src/rp2_common/pico_float/float_aeabi_rp2040.S.o
                0x100068d0                __wrap___aeabi_cfrcmple
                0x100068dc                __wrap___aeabi_cfcmpeq
                0x100068dc                __wrap___aeabi_cfcmple
 .text.__wrap___aeabi_fcmpge
                0x10006920       0x10 CMakeFiles/CodeTest.dir/home/lambrian/pico/pico-sdk/src/rp2_common/pico_float/float_aeabi_rp2040.S.o
                0x10006920                __wrap___aeabi_fcmpge
 .text.__wrap___aeabi_fcmpgt
                0x10006930        0xa CMakeFiles/CodeTest.dir/home/lambrian/pico/pico-sdk/src/rp2_common/pico_float/float_aeabi_rp2040.S.o
                0x10006930                __wrap___aeabi_fcmpgt
 .text.__wrap___aeabi_ui2f
                0x1000693a        0xa CMakeFiles/CodeTest.dir/home/lambrian/pico/pico-sdk/src/rp2_common/pico_float/float_aeabi_rp2040.S.o
                0x1000693a                uint2float
                0x1000693a                __wrap___aeabi_ui2f
 .text.__wrap___aeabi_i2f
                0x10006944       0x44 CMakeFiles/CodeTest.dir/home/lambrian/pico/pico-sdk/src/rp2_common/pico_float/float_aeabi_rp2040.S.o
                0x10006944                int2float
                0x10006944                __wrap___aeabi_i2f
 .text.__wrap___aeabi_f2uiz
                0x10006988        0xc CMakeFiles/CodeTest.dir/home/lambrian/pico/pico-sdk/src/rp2_common/pico_float/float_aeabi_rp2040.S.o
                0x10006988                float2uint
                0x10006988                float2uint_z
                0x10006988                __wrap___aeabi_f2uiz
 .text.__wrap___aeabi_l2f
                0x10006994       0x20 CMakeFiles/CodeTest.dir/home/lambrian/pico/pico-sdk/src/rp2_common/pico_float/float_aeabi_rp2040.S.o
                0x10006998                int642float
                0x10006998                __wrap___aeabi_l2f
 .text.__wrap___aeabi_f2d
                0x100069b4       0x14 CMakeFiles/CodeTest.dir/home/lambrian/pico/pico-sdk/src/rp2_common/pico_float/float_aeabi_rp2040.S.o
                0x100069b4                __wrap___aeabi_f2d
 .text.__aeabi_float_init
                0x100069c8       0x64 CMakeFiles/CodeTest.dir/home/lambrian/pico/pico-sdk/src/rp2_common/pico_float/float_init_rom_rp2040.c.o
                0x100069c8                __aeabi_float_init
 .text.float_table_shim_on_use_helper
                0x10006a2c       0x2c CMakeFiles/CodeTest.dir/home/lambrian/pico/pico-sdk/src/rp2_common/pico_float/float_v1_rom_shim_rp2040.S.o
                0x10006a2c                float_table_shim_on_use_helper
 .text.642float_shims
                0x10006a58       0x44 CMakeFiles/CodeTest.dir/home/lambrian/pico/pico-sdk/src/rp2_common/pico_float/float_v1_rom_shim_rp2040.S.o
                0x10006a58                uint642float_shim
                0x10006a5a                ufix642float_shim
                0x10006a6a                int642float_shim
                0x10006a6c                fix642float_shim
 .text.float2double_shim
                0x10006a9c       0x30 CMakeFiles/CodeTest.dir/home/lambrian/pico/pico-sdk/src/rp2_common/pico_float/float_v1_rom_shim_rp2040.S.o
                0x10006a9c                float2double_shim
 .text.__wrap_malloc
                0x10006acc       0x3c CMakeFiles/CodeTest.dir/home/lambrian/pico/pico-sdk/src/rp2_common/pico_malloc/malloc.c.o
                0x10006acc                __wrap_malloc
 .text.__wrap_calloc
                0x10006b08       0x44 CMakeFiles/CodeTest.dir/home/lambrian/pico/pico-sdk/src/rp2_common/pico_malloc/malloc.c.o
                0x10006b08                __wrap_calloc
 .text.__wrap_realloc
                0x10006b4c       0x40 CMakeFiles/CodeTest.dir/home/lambrian/pico/pico-sdk/src/rp2_common/pico_malloc/malloc.c.o
                0x10006b4c                __wrap_realloc
 .text.__wrap_free
                0x10006b8c       0x20 CMakeFiles/CodeTest.dir/home/lambrian/pico/pico-sdk/src/rp2_common/pico_malloc/malloc.c.o
                0x10006b8c                __wrap_free
 .text          0x10006bac       0x10 CMakeFiles/CodeTest.dir/home/lambrian/pico/pico-sdk/src/rp2_common/pico_mem_ops/mem_ops_aeabi.S.o
                0x10006bac                __aeabi_mem_init
 .text.memset   0x10006bbc        0xc CMakeFiles/CodeTest.dir/home/lambrian/pico/pico-sdk/src/rp2_common/pico_mem_ops/mem_ops_aeabi.S.o
                0x10006bbc                __wrap_memset
 .text.memcpy   0x10006bc8        0xc CMakeFiles/CodeTest.dir/home/lambrian/pico/pico-sdk/src/rp2_common/pico_mem_ops/mem_ops_aeabi.S.o
                0x10006bc8                __wrap___aeabi_memcpy
                0x10006bc8                __wrap_memcpy
 .text._out_buffer
                0x10006bd4        0x8 CMakeFiles/CodeTest.dir/home/lambrian/pico/pico-sdk/src/rp2_common/pico_printf/printf.c.o
 .text._out_null
                0x10006bdc        0x4 CMakeFiles/CodeTest.dir/home/lambrian/pico/pico-sdk/src/rp2_common/pico_printf/printf.c.o
 .text._out_rev
                0x10006be0       0xac CMakeFiles/CodeTest.dir/home/lambrian/pico/pico-sdk/src/rp2_common/pico_printf/printf.c.o
 .text._ntoa_format
                0x10006c8c      0x250 CMakeFiles/CodeTest.dir/home/lambrian/pico/pico-sdk/src/rp2_common/pico_printf/printf.c.o
 .text._out_char
                0x10006edc       0x10 CMakeFiles/CodeTest.dir/home/lambrian/pico/pico-sdk/src/rp2_common/pico_printf/printf.c.o
 .text._out_fct
                0x10006eec       0x10 CMakeFiles/CodeTest.dir/home/lambrian/pico/pico-sdk/src/rp2_common/pico_printf/printf.c.o
 .text._etoa    0x10006efc      0x464 CMakeFiles/CodeTest.dir/home/lambrian/pico/pico-sdk/src/rp2_common/pico_printf/printf.c.o
 .text._ftoa    0x10007360      0x3c0 CMakeFiles/CodeTest.dir/home/lambrian/pico/pico-sdk/src/rp2_common/pico_printf/printf.c.o
 .text._vsnprintf
                0x10007720      0xbc8 CMakeFiles/CodeTest.dir/home/lambrian/pico/pico-sdk/src/rp2_common/pico_printf/printf.c.o
 .text.__wrap_snprintf
                0x100082e8       0x28 CMakeFiles/CodeTest.dir/home/lambrian/pico/pico-sdk/src/rp2_common/pico_printf/printf.c.o
                0x100082e8                __wrap_snprintf
 .text.vfctprintf
                0x10008310       0x20 CMakeFiles/CodeTest.dir/home/lambrian/pico/pico-sdk/src/rp2_common/pico_printf/printf.c.o
                0x10008310                vfctprintf
 .text.weak_raw_printf
                0x10008330       0x40 CMakeFiles/CodeTest.dir/home/lambrian/pico/pico-sdk/src/rp2_common/pico_printf/printf.c.o
                0x10008330                weak_raw_printf
 .text.weak_raw_vprintf
                0x10008370       0x30 CMakeFiles/CodeTest.dir/home/lambrian/pico/pico-sdk/src/rp2_common/pico_printf/printf.c.o
                0x10008370                weak_raw_vprintf
 .text._exit    0x100083a0        0x4 CMakeFiles/CodeTest.dir/home/lambrian/pico/pico-sdk/src/rp2_common/pico_clib_interface/newlib_interface.c.o
                0x100083a0                _exit
 .text._sbrk    0x100083a4       0x34 CMakeFiles/CodeTest.dir/home/lambrian/pico/pico-sdk/src/rp2_common/pico_clib_interface/newlib_interface.c.o
                0x100083a4                _sbrk
 .text._read    0x100083d8       0x24 CMakeFiles/CodeTest.dir/home/lambrian/pico/pico-sdk/src/rp2_common/pico_clib_interface/newlib_interface.c.o
                0x100083d8                _read
 .text._write   0x100083fc       0x24 CMakeFiles/CodeTest.dir/home/lambrian/pico/pico-sdk/src/rp2_common/pico_clib_interface/newlib_interface.c.o
                0x100083fc                _write
 .text._close   0x10008420        0x8 CMakeFiles/CodeTest.dir/home/lambrian/pico/pico-sdk/src/rp2_common/pico_clib_interface/newlib_interface.c.o
                0x10008420                _close
 .text._lseek   0x10008428        0x8 CMakeFiles/CodeTest.dir/home/lambrian/pico/pico-sdk/src/rp2_common/pico_clib_interface/newlib_interface.c.o
                0x10008428                _lseek
 .text._fstat   0x10008430        0x8 CMakeFiles/CodeTest.dir/home/lambrian/pico/pico-sdk/src/rp2_common/pico_clib_interface/newlib_interface.c.o
                0x10008430                _fstat
 .text._isatty  0x10008438        0xc CMakeFiles/CodeTest.dir/home/lambrian/pico/pico-sdk/src/rp2_common/pico_clib_interface/newlib_interface.c.o
                0x10008438                _isatty
 .text.exit     0x10008444        0x8 CMakeFiles/CodeTest.dir/home/lambrian/pico/pico-sdk/src/rp2_common/pico_clib_interface/newlib_interface.c.o
                0x10008444                exit
 .text.__assert_func
                0x1000844c       0x38 CMakeFiles/CodeTest.dir/home/lambrian/pico/pico-sdk/src/rp2_common/pico_clib_interface/newlib_interface.c.o
                0x1000844c                __assert_func
 .text.runtime_init
                0x10008484       0x2c CMakeFiles/CodeTest.dir/home/lambrian/pico/pico-sdk/src/rp2_common/pico_clib_interface/newlib_interface.c.o
                0x10008484                runtime_init
 .text.stdio_out_chars_no_crlf
                0x100084b0       0x10 CMakeFiles/CodeTest.dir/home/lambrian/pico/pico-sdk/src/rp2_common/pico_stdio/stdio.c.o
 .text.stdio_out_chars_crlf
                0x100084c0       0x94 CMakeFiles/CodeTest.dir/home/lambrian/pico/pico-sdk/src/rp2_common/pico_stdio/stdio.c.o
 .text.stdio_buffered_printer
                0x10008554       0x64 CMakeFiles/CodeTest.dir/home/lambrian/pico/pico-sdk/src/rp2_common/pico_stdio/stdio.c.o
 .text.stdio_put_string
                0x100085b8      0x100 CMakeFiles/CodeTest.dir/home/lambrian/pico/pico-sdk/src/rp2_common/pico_stdio/stdio.c.o
                0x100085b8                stdio_put_string
 .text.stdio_get_until
                0x100086b8       0x84 CMakeFiles/CodeTest.dir/home/lambrian/pico/pico-sdk/src/rp2_common/pico_stdio/stdio.c.o
                0x100086b8                stdio_get_until
 .text.stdio_set_driver_enabled
                0x1000873c       0x30 CMakeFiles/CodeTest.dir/home/lambrian/pico/pico-sdk/src/rp2_common/pico_stdio/stdio.c.o
                0x1000873c                stdio_set_driver_enabled
 .text.stdio_init_all
                0x1000876c       0x10 CMakeFiles/CodeTest.dir/home/lambrian/pico/pico-sdk/src/rp2_common/pico_stdio/stdio.c.o
                0x1000876c                stdio_init_all
 .text.__wrap_putchar
                0x1000877c       0x98 CMakeFiles/CodeTest.dir/home/lambrian/pico/pico-sdk/src/rp2_common/pico_stdio/stdio.c.o
                0x1000877c                stdio_putchar
                0x1000877c                __wrap_putchar
 .text.__wrap_puts
                0x10008814       0x3c CMakeFiles/CodeTest.dir/home/lambrian/pico/pico-sdk/src/rp2_common/pico_stdio/stdio.c.o
                0x10008814                __wrap_puts
                0x10008814                stdio_puts
 .text.__wrap_vprintf
                0x10008850       0xd4 CMakeFiles/CodeTest.dir/home/lambrian/pico/pico-sdk/src/rp2_common/pico_stdio/stdio.c.o
                0x10008850                __wrap_vprintf
                0x10008850                stdio_vprintf
 .text.__wrap_printf
                0x10008924       0x18 CMakeFiles/CodeTest.dir/home/lambrian/pico/pico-sdk/src/rp2_common/pico_stdio/stdio.c.o
                0x10008924                stdio_printf
                0x10008924                __wrap_printf
 .text.stdio_uart_out_chars
                0x1000893c       0x4c CMakeFiles/CodeTest.dir/home/lambrian/pico/pico-sdk/src/rp2_common/pico_stdio_uart/stdio_uart.c.o
 .text.stdio_uart_in_chars
                0x10008988       0x90 CMakeFiles/CodeTest.dir/home/lambrian/pico/pico-sdk/src/rp2_common/pico_stdio_uart/stdio_uart.c.o
                0x10008988                stdio_uart_in_chars
 .text.on_uart_rx
                0x10008a18       0x28 CMakeFiles/CodeTest.dir/home/lambrian/pico/pico-sdk/src/rp2_common/pico_stdio_uart/stdio_uart.c.o
 .text.stdio_uart_out_flush
                0x10008a40       0x14 CMakeFiles/CodeTest.dir/home/lambrian/pico/pico-sdk/src/rp2_common/pico_stdio_uart/stdio_uart.c.o
 .text.stdio_uart_set_chars_available_callback
                0x10008a54       0x84 CMakeFiles/CodeTest.dir/home/lambrian/pico/pico-sdk/src/rp2_common/pico_stdio_uart/stdio_uart.c.o
 .text.stdio_uart_init
                0x10008ad8       0x50 CMakeFiles/CodeTest.dir/home/lambrian/pico/pico-sdk/src/rp2_common/pico_stdio_uart/stdio_uart.c.o
                0x10008ad8                stdio_uart_init
 .text.resetd_init
                0x10008b28        0x4 CMakeFiles/CodeTest.dir/home/lambrian/pico/pico-sdk/src/rp2_common/pico_stdio_usb/reset_interface.c.o
 .text.resetd_reset
                0x10008b2c        0xc CMakeFiles/CodeTest.dir/home/lambrian/pico/pico-sdk/src/rp2_common/pico_stdio_usb/reset_interface.c.o
 .text.resetd_open
                0x10008b38       0x28 CMakeFiles/CodeTest.dir/home/lambrian/pico/pico-sdk/src/rp2_common/pico_stdio_usb/reset_interface.c.o
 .text.resetd_xfer_cb
                0x10008b60        0x4 CMakeFiles/CodeTest.dir/home/lambrian/pico/pico-sdk/src/rp2_common/pico_stdio_usb/reset_interface.c.o
 .text.resetd_control_xfer_cb
                0x10008b64       0x5c CMakeFiles/CodeTest.dir/home/lambrian/pico/pico-sdk/src/rp2_common/pico_stdio_usb/reset_interface.c.o
 .text.tud_descriptor_bos_cb
                0x10008bc0        0x8 CMakeFiles/CodeTest.dir/home/lambrian/pico/pico-sdk/src/rp2_common/pico_stdio_usb/reset_interface.c.o
                0x10008bc0                tud_descriptor_bos_cb
 .text.tud_vendor_control_xfer_cb
                0x10008bc8       0x34 CMakeFiles/CodeTest.dir/home/lambrian/pico/pico-sdk/src/rp2_common/pico_stdio_usb/reset_interface.c.o
                0x10008bc8                tud_vendor_control_xfer_cb
 .text.usbd_app_driver_get_cb
                0x10008bfc        0xc CMakeFiles/CodeTest.dir/home/lambrian/pico/pico-sdk/src/rp2_common/pico_stdio_usb/reset_interface.c.o
                0x10008bfc                usbd_app_driver_get_cb
 .text.tud_cdc_line_coding_cb
                0x10008c08       0x2c CMakeFiles/CodeTest.dir/home/lambrian/pico/pico-sdk/src/rp2_common/pico_stdio_usb/reset_interface.c.o
                0x10008c08                tud_cdc_line_coding_cb
 .text.stdio_usb_set_chars_available_callback
                0x10008c34       0x14 CMakeFiles/CodeTest.dir/home/lambrian/pico/pico-sdk/src/rp2_common/pico_stdio_usb/stdio_usb.c.o
                0x10008c34                stdio_usb_set_chars_available_callback
 .text.usb_irq  0x10008c48       0x10 CMakeFiles/CodeTest.dir/home/lambrian/pico/pico-sdk/src/rp2_common/pico_stdio_usb/stdio_usb.c.o
 .text.timer_task
                0x10008c58       0x64 CMakeFiles/CodeTest.dir/home/lambrian/pico/pico-sdk/src/rp2_common/pico_stdio_usb/stdio_usb.c.o
 .text.stdio_usb_in_chars
                0x10008cbc       0x90 CMakeFiles/CodeTest.dir/home/lambrian/pico/pico-sdk/src/rp2_common/pico_stdio_usb/stdio_usb.c.o
                0x10008cbc                stdio_usb_in_chars
 .text.stdio_usb_out_flush
                0x10008d4c       0x50 CMakeFiles/CodeTest.dir/home/lambrian/pico/pico-sdk/src/rp2_common/pico_stdio_usb/stdio_usb.c.o
 .text.stdio_usb_out_chars
                0x10008d9c      0x104 CMakeFiles/CodeTest.dir/home/lambrian/pico/pico-sdk/src/rp2_common/pico_stdio_usb/stdio_usb.c.o
 .text.low_priority_worker_irq
                0x10008ea0       0xcc CMakeFiles/CodeTest.dir/home/lambrian/pico/pico-sdk/src/rp2_common/pico_stdio_usb/stdio_usb.c.o
 .text.stdio_usb_init
                0x10008f6c       0xec CMakeFiles/CodeTest.dir/home/lambrian/pico/pico-sdk/src/rp2_common/pico_stdio_usb/stdio_usb.c.o
                0x10008f6c                stdio_usb_init
 .text.tud_descriptor_device_cb
                0x10009058        0x8 CMakeFiles/CodeTest.dir/home/lambrian/pico/pico-sdk/src/rp2_common/pico_stdio_usb/stdio_usb_descriptors.c.o
                0x10009058                tud_descriptor_device_cb
 .text.tud_descriptor_configuration_cb
                0x10009060        0x8 CMakeFiles/CodeTest.dir/home/lambrian/pico/pico-sdk/src/rp2_common/pico_stdio_usb/stdio_usb_descriptors.c.o
                0x10009060                tud_descriptor_configuration_cb
 .text.tud_descriptor_string_cb
                0x10009068       0x78 CMakeFiles/CodeTest.dir/home/lambrian/pico/pico-sdk/src/rp2_common/pico_stdio_usb/stdio_usb_descriptors.c.o
                0x10009068                tud_descriptor_string_cb
 .text.startup._retrieve_unique_id_on_boot
                0x100090e0       0x10 CMakeFiles/CodeTest.dir/home/lambrian/pico/pico-sdk/src/rp2_common/pico_unique_id/unique_id.c.o
 .text.pico_get_unique_board_id_string
                0x100090f0      0x1a8 CMakeFiles/CodeTest.dir/home/lambrian/pico/pico-sdk/src/rp2_common/pico_unique_id/unique_id.c.o
                0x100090f0                pico_get_unique_board_id_string
 .text.flash_get_unique_id
                0x10009298       0x3c CMakeFiles/CodeTest.dir/home/lambrian/pico/pico-sdk/src/rp2_common/hardware_flash/flash.c.o
                0x10009298                flash_get_unique_id
 .text.dcd_init
                0x100092d4       0x90 CMakeFiles/CodeTest.dir/home/lambrian/pico/pico-sdk/lib/tinyusb/src/portable/raspberrypi/rp2040/dcd_rp2040.c.o
                0x100092d4                dcd_init
 .text.dcd_int_enable
                0x10009364        0xc CMakeFiles/CodeTest.dir/home/lambrian/pico/pico-sdk/lib/tinyusb/src/portable/raspberrypi/rp2040/dcd_rp2040.c.o
                0x10009364                dcd_int_enable
 .text.dcd_set_address
                0x10009370       0x14 CMakeFiles/CodeTest.dir/home/lambrian/pico/pico-sdk/lib/tinyusb/src/portable/raspberrypi/rp2040/dcd_rp2040.c.o
                0x10009370                dcd_set_address
 .text.dcd_sof_enable
                0x10009384       0x1c CMakeFiles/CodeTest.dir/home/lambrian/pico/pico-sdk/lib/tinyusb/src/portable/raspberrypi/rp2040/dcd_rp2040.c.o
                0x10009384                dcd_sof_enable
 .text.dcd_edpt0_status_complete
                0x100093a0       0x1c CMakeFiles/CodeTest.dir/home/lambrian/pico/pico-sdk/lib/tinyusb/src/portable/raspberrypi/rp2040/dcd_rp2040.c.o
                0x100093a0                dcd_edpt0_status_complete
 .text.dcd_edpt_open
                0x100093bc      0x114 CMakeFiles/CodeTest.dir/home/lambrian/pico/pico-sdk/lib/tinyusb/src/portable/raspberrypi/rp2040/dcd_rp2040.c.o
                0x100093bc                dcd_edpt_open
 .text.dcd_edpt_close_all
                0x100094d0        0x8 CMakeFiles/CodeTest.dir/home/lambrian/pico/pico-sdk/lib/tinyusb/src/portable/raspberrypi/rp2040/dcd_rp2040.c.o
                0x100094d0                dcd_edpt_close_all
 .text.dcd_edpt_xfer
                0x100094d8       0x24 CMakeFiles/CodeTest.dir/home/lambrian/pico/pico-sdk/lib/tinyusb/src/portable/raspberrypi/rp2040/dcd_rp2040.c.o
                0x100094d8                dcd_edpt_xfer
 .text.dcd_edpt_stall
                0x100094fc       0x34 CMakeFiles/CodeTest.dir/home/lambrian/pico/pico-sdk/lib/tinyusb/src/portable/raspberrypi/rp2040/dcd_rp2040.c.o
                0x100094fc                dcd_edpt_stall
 .text.dcd_edpt_clear_stall
                0x10009530       0x30 CMakeFiles/CodeTest.dir/home/lambrian/pico/pico-sdk/lib/tinyusb/src/portable/raspberrypi/rp2040/dcd_rp2040.c.o
                0x10009530                dcd_edpt_clear_stall
 .text.rp2040_usb_init
                0x10009560       0x40 CMakeFiles/CodeTest.dir/home/lambrian/pico/pico-sdk/lib/tinyusb/src/portable/raspberrypi/rp2040/rp2040_usb.c.o
                0x10009560                rp2040_usb_init
 .text.hw_endpoint_xfer_start
                0x100095a0       0x40 CMakeFiles/CodeTest.dir/home/lambrian/pico/pico-sdk/lib/tinyusb/src/portable/raspberrypi/rp2040/rp2040_usb.c.o
                0x100095a0                hw_endpoint_xfer_start
 .text.tud_event_hook_cb
                0x100095e0        0x4 CMakeFiles/CodeTest.dir/home/lambrian/pico/pico-sdk/lib/tinyusb/src/device/usbd.c.o
                0x100095e0                tud_event_hook_cb
 .text.tud_sof_cb
                0x100095e4        0x4 CMakeFiles/CodeTest.dir/home/lambrian/pico/pico-sdk/lib/tinyusb/src/device/usbd.c.o
                0x100095e4                tud_sof_cb
 .text.tud_descriptor_device_qualifier_cb
                0x100095e8        0x4 CMakeFiles/CodeTest.dir/home/lambrian/pico/pico-sdk/lib/tinyusb/src/device/usbd.c.o
                0x100095e8                tud_descriptor_device_qualifier_cb
 .text.tud_descriptor_other_speed_configuration_cb
                0x100095ec        0x4 CMakeFiles/CodeTest.dir/home/lambrian/pico/pico-sdk/lib/tinyusb/src/device/usbd.c.o
                0x100095ec                tud_descriptor_other_speed_configuration_cb
 .text.tud_mount_cb
                0x100095f0        0x4 CMakeFiles/CodeTest.dir/home/lambrian/pico/pico-sdk/lib/tinyusb/src/device/usbd.c.o
                0x100095f0                tud_mount_cb
 .text.tud_umount_cb
                0x100095f4        0x4 CMakeFiles/CodeTest.dir/home/lambrian/pico/pico-sdk/lib/tinyusb/src/device/usbd.c.o
                0x100095f4                tud_umount_cb
 .text.tud_suspend_cb
                0x100095f8        0x4 CMakeFiles/CodeTest.dir/home/lambrian/pico/pico-sdk/lib/tinyusb/src/device/usbd.c.o
                0x100095f8                tud_suspend_cb
 .text.tud_resume_cb
                0x100095fc        0x4 CMakeFiles/CodeTest.dir/home/lambrian/pico/pico-sdk/lib/tinyusb/src/device/usbd.c.o
                0x100095fc                tud_resume_cb
 .text.tud_mounted
                0x10009600       0x10 CMakeFiles/CodeTest.dir/home/lambrian/pico/pico-sdk/lib/tinyusb/src/device/usbd.c.o
                0x10009600                tud_mounted
 .text.tud_suspended
                0x10009610       0x10 CMakeFiles/CodeTest.dir/home/lambrian/pico/pico-sdk/lib/tinyusb/src/device/usbd.c.o
                0x10009610                tud_suspended
 .text.tud_rhport_init
                0x10009620       0xfc CMakeFiles/CodeTest.dir/home/lambrian/pico/pico-sdk/lib/tinyusb/src/device/usbd.c.o
                0x10009620                tud_rhport_init
 .text.tud_task_ext
                0x1000971c      0x800 CMakeFiles/CodeTest.dir/home/lambrian/pico/pico-sdk/lib/tinyusb/src/device/usbd.c.o
                0x1000971c                tud_task_ext
 .text.usbd_open_edpt_pair
                0x10009f1c       0x9c CMakeFiles/CodeTest.dir/home/lambrian/pico/pico-sdk/lib/tinyusb/src/device/usbd.c.o
                0x10009f1c                usbd_open_edpt_pair
 .text.usbd_edpt_open
                0x10009fb8       0x34 CMakeFiles/CodeTest.dir/home/lambrian/pico/pico-sdk/lib/tinyusb/src/device/usbd.c.o
                0x10009fb8                usbd_edpt_open
 .text.usbd_edpt_claim
                0x10009fec       0x28 CMakeFiles/CodeTest.dir/home/lambrian/pico/pico-sdk/lib/tinyusb/src/device/usbd.c.o
                0x10009fec                usbd_edpt_claim
 .text.usbd_edpt_release
                0x1000a014       0x28 CMakeFiles/CodeTest.dir/home/lambrian/pico/pico-sdk/lib/tinyusb/src/device/usbd.c.o
                0x1000a014                usbd_edpt_release
 .text.usbd_edpt_xfer
                0x1000a03c       0x4c CMakeFiles/CodeTest.dir/home/lambrian/pico/pico-sdk/lib/tinyusb/src/device/usbd.c.o
                0x1000a03c                usbd_edpt_xfer
 .text.tud_control_status
                0x1000a088       0x2c CMakeFiles/CodeTest.dir/home/lambrian/pico/pico-sdk/lib/tinyusb/src/device/usbd_control.c.o
                0x1000a088                tud_control_status
 .text.tud_control_xfer
                0x1000a0b4       0xac CMakeFiles/CodeTest.dir/home/lambrian/pico/pico-sdk/lib/tinyusb/src/device/usbd_control.c.o
                0x1000a0b4                tud_control_xfer
 .text.usbd_control_reset
                0x1000a160       0x14 CMakeFiles/CodeTest.dir/home/lambrian/pico/pico-sdk/lib/tinyusb/src/device/usbd_control.c.o
                0x1000a160                usbd_control_reset
 .text.usbd_control_set_complete_callback
                0x1000a174        0xc CMakeFiles/CodeTest.dir/home/lambrian/pico/pico-sdk/lib/tinyusb/src/device/usbd_control.c.o
                0x1000a174                usbd_control_set_complete_callback
 .text.usbd_control_set_request
                0x1000a180       0x1c CMakeFiles/CodeTest.dir/home/lambrian/pico/pico-sdk/lib/tinyusb/src/device/usbd_control.c.o
                0x1000a180                usbd_control_set_request
 .text.usbd_control_xfer_cb
                0x1000a19c       0xec CMakeFiles/CodeTest.dir/home/lambrian/pico/pico-sdk/lib/tinyusb/src/device/usbd_control.c.o
                0x1000a19c                usbd_control_xfer_cb
 .text._prep_out_transaction.isra.0
                0x1000a288       0x6c CMakeFiles/CodeTest.dir/home/lambrian/pico/pico-sdk/lib/tinyusb/src/class/cdc/cdc_device.c.o
 .text.tud_cdc_n_connected
                0x1000a2f4       0x2c CMakeFiles/CodeTest.dir/home/lambrian/pico/pico-sdk/lib/tinyusb/src/class/cdc/cdc_device.c.o
                0x1000a2f4                tud_cdc_n_connected
 .text.tud_cdc_n_available
                0x1000a320       0x14 CMakeFiles/CodeTest.dir/home/lambrian/pico/pico-sdk/lib/tinyusb/src/class/cdc/cdc_device.c.o
                0x1000a320                tud_cdc_n_available
 .text.tud_cdc_n_read
                0x1000a334       0x94 CMakeFiles/CodeTest.dir/home/lambrian/pico/pico-sdk/lib/tinyusb/src/class/cdc/cdc_device.c.o
                0x1000a334                tud_cdc_n_read
 .text.tud_cdc_n_write_flush
                0x1000a3c8       0x74 CMakeFiles/CodeTest.dir/home/lambrian/pico/pico-sdk/lib/tinyusb/src/class/cdc/cdc_device.c.o
                0x1000a3c8                tud_cdc_n_write_flush
 .text.tud_cdc_n_write
                0x1000a43c       0x40 CMakeFiles/CodeTest.dir/home/lambrian/pico/pico-sdk/lib/tinyusb/src/class/cdc/cdc_device.c.o
                0x1000a43c                tud_cdc_n_write
 .text.tud_cdc_n_write_available
                0x1000a47c       0x14 CMakeFiles/CodeTest.dir/home/lambrian/pico/pico-sdk/lib/tinyusb/src/class/cdc/cdc_device.c.o
                0x1000a47c                tud_cdc_n_write_available
 .text.cdcd_init
                0x1000a490       0x70 CMakeFiles/CodeTest.dir/home/lambrian/pico/pico-sdk/lib/tinyusb/src/class/cdc/cdc_device.c.o
                0x1000a490                cdcd_init
 .text.cdcd_deinit
                0x1000a500       0x34 CMakeFiles/CodeTest.dir/home/lambrian/pico/pico-sdk/lib/tinyusb/src/class/cdc/cdc_device.c.o
                0x1000a500                cdcd_deinit
 .text.cdcd_reset
                0x1000a534       0x4c CMakeFiles/CodeTest.dir/home/lambrian/pico/pico-sdk/lib/tinyusb/src/class/cdc/cdc_device.c.o
                0x1000a534                cdcd_reset
 .text.cdcd_open
                0x1000a580       0xa8 CMakeFiles/CodeTest.dir/home/lambrian/pico/pico-sdk/lib/tinyusb/src/class/cdc/cdc_device.c.o
                0x1000a580                cdcd_open
 .text.cdcd_control_xfer_cb
                0x1000a628       0xe8 CMakeFiles/CodeTest.dir/home/lambrian/pico/pico-sdk/lib/tinyusb/src/class/cdc/cdc_device.c.o
                0x1000a628                cdcd_control_xfer_cb
 .text.cdcd_xfer_cb
                0x1000a710      0x100 CMakeFiles/CodeTest.dir/home/lambrian/pico/pico-sdk/lib/tinyusb/src/class/cdc/cdc_device.c.o
                0x1000a710                cdcd_xfer_cb
 .text.vendord_init
                0x1000a810       0x5c CMakeFiles/CodeTest.dir/home/lambrian/pico/pico-sdk/lib/tinyusb/src/class/vendor/vendor_device.c.o
                0x1000a810                vendord_init
 .text.vendord_deinit
                0x1000a86c       0x1c CMakeFiles/CodeTest.dir/home/lambrian/pico/pico-sdk/lib/tinyusb/src/class/vendor/vendor_device.c.o
                0x1000a86c                vendord_deinit
 .text.vendord_reset
                0x1000a888       0x28 CMakeFiles/CodeTest.dir/home/lambrian/pico/pico-sdk/lib/tinyusb/src/class/vendor/vendor_device.c.o
                0x1000a888                vendord_reset
 .text.vendord_open
                0x1000a8b0      0x128 CMakeFiles/CodeTest.dir/home/lambrian/pico/pico-sdk/lib/tinyusb/src/class/vendor/vendor_device.c.o
                0x1000a8b0                vendord_open
 .text.vendord_xfer_cb
                0x1000a9d8       0x9c CMakeFiles/CodeTest.dir/home/lambrian/pico/pico-sdk/lib/tinyusb/src/class/vendor/vendor_device.c.o
                0x1000a9d8                vendord_xfer_cb
 .text.tusb_rhport_init
                0x1000aa74       0x48 CMakeFiles/CodeTest.dir/home/lambrian/pico/pico-sdk/lib/tinyusb/src/tusb.c.o
                0x1000aa74                tusb_rhport_init
 .text.tu_edpt_claim
                0x1000aabc       0x50 CMakeFiles/CodeTest.dir/home/lambrian/pico/pico-sdk/lib/tinyusb/src/tusb.c.o
                0x1000aabc                tu_edpt_claim
 .text.tu_edpt_release
                0x1000ab0c       0x38 CMakeFiles/CodeTest.dir/home/lambrian/pico/pico-sdk/lib/tinyusb/src/tusb.c.o
                0x1000ab0c                tu_edpt_release
 .text.tu_edpt_validate
                0x1000ab44       0x7c CMakeFiles/CodeTest.dir/home/lambrian/pico/pico-sdk/lib/tinyusb/src/tusb.c.o
                0x1000ab44                tu_edpt_validate
 .text.tu_edpt_bind_driver
                0x1000abc0       0x34 CMakeFiles/CodeTest.dir/home/lambrian/pico/pico-sdk/lib/tinyusb/src/tusb.c.o
                0x1000abc0                tu_edpt_bind_driver
 .text.tu_edpt_stream_init
                0x1000abf4       0x6c CMakeFiles/CodeTest.dir/home/lambrian/pico/pico-sdk/lib/tinyusb/src/tusb.c.o
                0x1000abf4                tu_edpt_stream_init
 .text.tu_edpt_stream_deinit
                0x1000ac60        0x4 CMakeFiles/CodeTest.dir/home/lambrian/pico/pico-sdk/lib/tinyusb/src/tusb.c.o
                0x1000ac60                tu_edpt_stream_deinit
 .text.tu_edpt_stream_write_zlp_if_needed
                0x1000ac64       0x68 CMakeFiles/CodeTest.dir/home/lambrian/pico/pico-sdk/lib/tinyusb/src/tusb.c.o
                0x1000ac64                tu_edpt_stream_write_zlp_if_needed
 .text.tu_edpt_stream_write_xfer
                0x1000accc       0x64 CMakeFiles/CodeTest.dir/home/lambrian/pico/pico-sdk/lib/tinyusb/src/tusb.c.o
                0x1000accc                tu_edpt_stream_write_xfer
 .text.tu_edpt_stream_read_xfer
                0x1000ad30       0xdc CMakeFiles/CodeTest.dir/home/lambrian/pico/pico-sdk/lib/tinyusb/src/tusb.c.o
                0x1000ad30                tu_edpt_stream_read_xfer
 .text.tu_fifo_config
                0x1000ae0c       0x6c CMakeFiles/CodeTest.dir/home/lambrian/pico/pico-sdk/lib/tinyusb/src/common/tusb_fifo.c.o
                0x1000ae0c                tu_fifo_config
 .text.tu_fifo_count
                0x1000ae78       0x2c CMakeFiles/CodeTest.dir/home/lambrian/pico/pico-sdk/lib/tinyusb/src/common/tusb_fifo.c.o
                0x1000ae78                tu_fifo_count
 .text.tu_fifo_empty
                0x1000aea4       0x10 CMakeFiles/CodeTest.dir/home/lambrian/pico/pico-sdk/lib/tinyusb/src/common/tusb_fifo.c.o
                0x1000aea4                tu_fifo_empty
 .text.tu_fifo_remaining
                0x1000aeb4       0x2c CMakeFiles/CodeTest.dir/home/lambrian/pico/pico-sdk/lib/tinyusb/src/common/tusb_fifo.c.o
                0x1000aeb4                tu_fifo_remaining
 .text.tu_fifo_read
                0x1000aee0       0x9c CMakeFiles/CodeTest.dir/home/lambrian/pico/pico-sdk/lib/tinyusb/src/common/tusb_fifo.c.o
                0x1000aee0                tu_fifo_read
 .text.tu_fifo_read_n
                0x1000af7c       0xe8 CMakeFiles/CodeTest.dir/home/lambrian/pico/pico-sdk/lib/tinyusb/src/common/tusb_fifo.c.o
                0x1000af7c                tu_fifo_read_n
 .text.tu_fifo_write
                0x1000b064       0xa8 CMakeFiles/CodeTest.dir/home/lambrian/pico/pico-sdk/lib/tinyusb/src/common/tusb_fifo.c.o
                0x1000b064                tu_fifo_write
 .text.tu_fifo_write_n
                0x1000b10c      0x178 CMakeFiles/CodeTest.dir/home/lambrian/pico/pico-sdk/lib/tinyusb/src/common/tusb_fifo.c.o
                0x1000b10c                tu_fifo_write_n
 .text.tu_fifo_clear
                0x1000b284       0x40 CMakeFiles/CodeTest.dir/home/lambrian/pico/pico-sdk/lib/tinyusb/src/common/tusb_fifo.c.o
                0x1000b284                tu_fifo_clear
 .text.tu_fifo_set_overwritable
                0x1000b2c4       0x48 CMakeFiles/CodeTest.dir/home/lambrian/pico/pico-sdk/lib/tinyusb/src/common/tusb_fifo.c.o
                0x1000b2c4                tu_fifo_set_overwritable
 .text.pio_claim_unused_sm
                0x1000b30c       0x38 CMakeFiles/CodeTest.dir/home/lambrian/pico/pico-sdk/src/rp2_common/hardware_pio/pio.c.o
                0x1000b30c                pio_claim_unused_sm
 .text.pio_add_program
                0x1000b344      0x104 CMakeFiles/CodeTest.dir/home/lambrian/pico/pico-sdk/src/rp2_common/hardware_pio/pio.c.o
                0x1000b344                pio_add_program
 .text.pio_sm_set_pins_with_mask
                0x1000b448       0xa8 CMakeFiles/CodeTest.dir/home/lambrian/pico/pico-sdk/src/rp2_common/hardware_pio/pio.c.o
                0x1000b448                pio_sm_set_pins_with_mask
 .text.pio_sm_set_pindirs_with_mask
                0x1000b4f0       0xac CMakeFiles/CodeTest.dir/home/lambrian/pico/pico-sdk/src/rp2_common/hardware_pio/pio.c.o
                0x1000b4f0                pio_sm_set_pindirs_with_mask
 .text.pio_sm_set_consecutive_pindirs
                0x1000b59c       0xb4 CMakeFiles/CodeTest.dir/home/lambrian/pico/pico-sdk/src/rp2_common/hardware_pio/pio.c.o
                0x1000b59c                pio_sm_set_consecutive_pindirs
 .text.pio_sm_init
                0x1000b650       0x9c CMakeFiles/CodeTest.dir/home/lambrian/pico/pico-sdk/src/rp2_common/hardware_pio/pio.c.o
                0x1000b650                pio_sm_init
 .text.spi_init
                0x1000b6ec      0x13c CMakeFiles/CodeTest.dir/home/lambrian/pico/pico-sdk/src/rp2_common/hardware_spi/spi.c.o
                0x1000b6ec                spi_init
 .text.lf_time_add
                0x1000b828       0x90 core/libreactor-c.a(tag.c.o)
                0x1000b828                lf_time_add
 .text.lf_tag_compare
                0x1000b8b8       0x38 core/libreactor-c.a(tag.c.o)
                0x1000b8b8                lf_tag_compare
 .text.lf_delay_tag
                0x1000b8f0       0x9c core/libreactor-c.a(tag.c.o)
                0x1000b8f0                lf_delay_tag
 .text.lf_time_logical
                0x1000b98c        0x8 core/libreactor-c.a(tag.c.o)
                0x1000b98c                lf_time_logical
 .text.lf_time_logical_elapsed
                0x1000b994       0x14 core/libreactor-c.a(tag.c.o)
                0x1000b994                lf_time_logical_elapsed
 .text.lf_time_physical
                0x1000b9a8       0x14 core/libreactor-c.a(tag.c.o)
                0x1000b9a8                lf_time_physical
 .text.lf_time_physical_elapsed
                0x1000b9bc       0x20 core/libreactor-c.a(tag.c.o)
                0x1000b9bc                lf_time_physical_elapsed
 .text.lf_time_start
                0x1000b9dc        0xc core/libreactor-c.a(tag.c.o)
                0x1000b9dc                lf_time_start
 .text.lf_comma_separated_time
                0x1000b9e8      0x274 core/libreactor-c.a(tag.c.o)
                0x1000b9e8                lf_comma_separated_time
 .text.lf_clock_gettime
                0x1000bc5c       0x78 core/libreactor-c.a(clock.c.o)
                0x1000bc5c                lf_clock_gettime
 .text.lf_clock_interruptable_sleep_until_locked
                0x1000bcd4        0x8 core/libreactor-c.a(clock.c.o)
                0x1000bcd4                lf_clock_interruptable_sleep_until_locked
 .text.lf_allocate
                0x1000bcdc       0x3c core/libreactor-c.a(reactor_common.c.o)
                0x1000bcdc                lf_allocate
 .text.lf_new_reactor
                0x1000bd18       0x40 core/libreactor-c.a(reactor_common.c.o)
                0x1000bd18                lf_new_reactor
 .text.lf_set_stop_tag
                0x1000bd58       0x3c core/libreactor-c.a(reactor_common.c.o)
                0x1000bd58                lf_set_stop_tag
 .text._lf_start_time_step
                0x1000bd94       0x70 core/libreactor-c.a(reactor_common.c.o)
                0x1000bd94                _lf_start_time_step
 .text.lf_is_tag_after_stop_tag
                0x1000be04       0x30 core/libreactor-c.a(reactor_common.c.o)
                0x1000be04                lf_is_tag_after_stop_tag
 .text._lf_pop_events
                0x1000be34      0x13c core/libreactor-c.a(reactor_common.c.o)
                0x1000be34                _lf_pop_events
 .text.lf_get_new_event
                0x1000bf70       0x28 core/libreactor-c.a(reactor_common.c.o)
                0x1000bf70                lf_get_new_event
 .text._lf_initialize_timer
                0x1000bf98      0x114 core/libreactor-c.a(reactor_common.c.o)
                0x1000bf98                _lf_initialize_timer
 .text._lf_initialize_timers
                0x1000c0ac       0x7c core/libreactor-c.a(reactor_common.c.o)
                0x1000c0ac                _lf_initialize_timers
 .text._lf_trigger_startup_reactions
                0x1000c128       0x60 core/libreactor-c.a(reactor_common.c.o)
                0x1000c128                _lf_trigger_startup_reactions
 .text._lf_trigger_shutdown_reactions
                0x1000c188       0x50 core/libreactor-c.a(reactor_common.c.o)
                0x1000c188                _lf_trigger_shutdown_reactions
 .text.lf_recycle_event
                0x1000c1d8       0x1c core/libreactor-c.a(reactor_common.c.o)
                0x1000c1d8                lf_recycle_event
 .text._lf_create_dummy_events
                0x1000c1f4       0x4c core/libreactor-c.a(reactor_common.c.o)
                0x1000c1f4                _lf_create_dummy_events
 .text.lf_replace_token
                0x1000c240       0x14 core/libreactor-c.a(reactor_common.c.o)
                0x1000c240                lf_replace_token
 .text._lf_schedule_at_tag
                0x1000c254      0x190 core/libreactor-c.a(reactor_common.c.o)
                0x1000c254                _lf_schedule_at_tag
 .text._lf_advance_tag
                0x1000c3e4       0x70 core/libreactor-c.a(reactor_common.c.o)
                0x1000c3e4                _lf_advance_tag
 .text._lf_invoke_reaction
                0x1000c454       0x14 core/libreactor-c.a(reactor_common.c.o)
                0x1000c454                _lf_invoke_reaction
 .text.schedule_output_reactions
                0x1000c468      0x148 core/libreactor-c.a(reactor_common.c.o)
                0x1000c468                schedule_output_reactions
 .text.usage    0x1000c5b0       0xb0 core/libreactor-c.a(reactor_common.c.o)
                0x1000c5b0                usage
 .text.process_args
                0x1000c660      0x3f0 core/libreactor-c.a(reactor_common.c.o)
                0x1000c660                process_args
 .text.initialize_global
                0x1000ca50        0x8 core/libreactor-c.a(reactor_common.c.o)
                0x1000ca50                initialize_global
 .text.termination
                0x1000ca58      0x298 core/libreactor-c.a(reactor_common.c.o)
                0x1000ca58                termination
 .text.lf_combine_deadline_and_level
                0x1000ccf0       0x28 core/libreactor-c.a(reactor_common.c.o)
                0x1000ccf0                lf_combine_deadline_and_level
 .text._lf_free_token.part.0
                0x1000cd18       0x84 core/libreactor-c.a(lf_token.c.o)
 .text._lf_new_token
                0x1000cd9c       0x80 core/libreactor-c.a(lf_token.c.o)
                0x1000cd9c                _lf_new_token
 .text._lf_initialize_token_with_value
                0x1000ce1c       0x58 core/libreactor-c.a(lf_token.c.o)
                0x1000ce1c                _lf_initialize_token_with_value
 .text._lf_free_all_tokens
                0x1000ce74       0xfc core/libreactor-c.a(lf_token.c.o)
                0x1000ce74                _lf_free_all_tokens
 .text._lf_replace_template_token
                0x1000cf70       0x44 core/libreactor-c.a(lf_token.c.o)
                0x1000cf70                _lf_replace_template_token
 .text._lf_done_using
                0x1000cfb4       0x30 core/libreactor-c.a(lf_token.c.o)
                0x1000cfb4                _lf_done_using
 .text._lf_free_token_copies
                0x1000cfe4       0x44 core/libreactor-c.a(lf_token.c.o)
                0x1000cfe4                _lf_free_token_copies
 .text.event_matches
                0x1000d028        0xc core/libreactor-c.a(environment.c.o)
 .text.print_event
                0x1000d034        0x4 core/libreactor-c.a(environment.c.o)
 .text.environment_free
                0x1000d038       0x7c core/libreactor-c.a(environment.c.o)
                0x1000d038                environment_free
 .text.environment_init_tags
                0x1000d0b4       0x40 core/libreactor-c.a(environment.c.o)
                0x1000d0b4                environment_init_tags
 .text.environment_init
                0x1000d0f4      0x194 core/libreactor-c.a(environment.c.o)
                0x1000d0f4                environment_init
 .text.lf_set_present
                0x1000d288       0x54 core/libreactor-c.a(reactor.c.o)
                0x1000d288                lf_set_present
 .text._lf_trigger_reaction
                0x1000d2dc       0x38 core/libreactor-c.a(reactor.c.o)
                0x1000d2dc                _lf_trigger_reaction
 .text._lf_do_step
                0x1000d314       0xb0 core/libreactor-c.a(reactor.c.o)
                0x1000d314                _lf_do_step
 .text.next     0x1000d3c4      0x110 core/libreactor-c.a(reactor.c.o)
                0x1000d3c4                next
 .text.lf_reactor_c_main
                0x1000d4d4       0xec core/libreactor-c.a(reactor.c.o)
                0x1000d4d4                lf_reactor_c_main
 .text.lf_critical_section_enter
                0x1000d5c0        0x8 core/libreactor-c.a(reactor.c.o)
                0x1000d5c0                lf_critical_section_enter
 .text.lf_critical_section_exit
                0x1000d5c8        0x8 core/libreactor-c.a(reactor.c.o)
                0x1000d5c8                lf_critical_section_exit
 .text.vector_at
                0x1000d5d0       0x4c core/libreactor-c.a(vector.c.o)
                0x1000d5d0                vector_at
 .text.vector_size
                0x1000d61c        0x8 core/libreactor-c.a(vector.c.o)
                0x1000d61c                vector_size
 .text.percolate_down
                0x1000d624       0xdc core/libreactor-c.a(pqueue_base.c.o)
 .text.bubble_up.isra.0
                0x1000d700       0x9c core/libreactor-c.a(pqueue_base.c.o)
 .text.find_equal_same_priority
                0x1000d79c       0xc0 core/libreactor-c.a(pqueue_base.c.o)
                0x1000d79c                find_equal_same_priority
 .text.pqueue_init
                0x1000d85c       0x54 core/libreactor-c.a(pqueue_base.c.o)
                0x1000d85c                pqueue_init
 .text.pqueue_free
                0x1000d8b0       0x14 core/libreactor-c.a(pqueue_base.c.o)
                0x1000d8b0                pqueue_free
 .text.pqueue_size
                0x1000d8c4       0x10 core/libreactor-c.a(pqueue_base.c.o)
                0x1000d8c4                pqueue_size
 .text.pqueue_find_equal_same_priority
                0x1000d8d4        0xc core/libreactor-c.a(pqueue_base.c.o)
                0x1000d8d4                pqueue_find_equal_same_priority
 .text.pqueue_insert
                0x1000d8e0       0x40 core/libreactor-c.a(pqueue_base.c.o)
                0x1000d8e0                pqueue_insert
 .text.pqueue_remove
                0x1000d920       0x6c core/libreactor-c.a(pqueue_base.c.o)
                0x1000d920                pqueue_remove
 .text.pqueue_pop
                0x1000d98c       0x28 core/libreactor-c.a(pqueue_base.c.o)
                0x1000d98c                pqueue_pop
 .text.pqueue_peek
                0x1000d9b4       0x14 core/libreactor-c.a(pqueue_base.c.o)
                0x1000d9b4                pqueue_peek
 .text.pqueue_tag_get_priority
                0x1000d9c8        0x4 core/libreactor-c.a(pqueue_tag.c.o)
 .text.pqueue_tag_get_position
                0x1000d9cc        0x4 core/libreactor-c.a(pqueue_tag.c.o)
 .text.pqueue_tag_set_position
                0x1000d9d0        0x4 core/libreactor-c.a(pqueue_tag.c.o)
 .text.pqueue_tag_compare
                0x1000d9d4       0x1c core/libreactor-c.a(pqueue_tag.c.o)
                0x1000d9d4                pqueue_tag_compare
 .text.pqueue_tag_init_customize
                0x1000d9f0       0x28 core/libreactor-c.a(pqueue_tag.c.o)
                0x1000d9f0                pqueue_tag_init_customize
 .text.pqueue_tag_free
                0x1000da18       0x38 core/libreactor-c.a(pqueue_tag.c.o)
                0x1000da18                pqueue_tag_free
 .text.pqueue_tag_size
                0x1000da50        0x8 core/libreactor-c.a(pqueue_tag.c.o)
                0x1000da50                pqueue_tag_size
 .text.pqueue_tag_insert
                0x1000da58        0x8 core/libreactor-c.a(pqueue_tag.c.o)
                0x1000da58                pqueue_tag_insert
 .text.pqueue_tag_find_equal_same_tag
                0x1000da60        0x8 core/libreactor-c.a(pqueue_tag.c.o)
                0x1000da60                pqueue_tag_find_equal_same_tag
 .text.pqueue_tag_peek
                0x1000da68        0x8 core/libreactor-c.a(pqueue_tag.c.o)
                0x1000da68                pqueue_tag_peek
 .text.pqueue_tag_pop
                0x1000da70        0x8 core/libreactor-c.a(pqueue_tag.c.o)
                0x1000da70                pqueue_tag_pop
 .text.pqueue_tag_remove
                0x1000da78        0x8 core/libreactor-c.a(pqueue_tag.c.o)
                0x1000da78                pqueue_tag_remove
 .text.in_reverse_order
                0x1000da80       0x2c core/libreactor-c.a(pqueue.c.o)
                0x1000da80                in_reverse_order
 .text.in_no_particular_order
                0x1000daac        0x4 core/libreactor-c.a(pqueue.c.o)
                0x1000daac                in_no_particular_order
 .text.reaction_matches
                0x1000dab0        0x8 core/libreactor-c.a(pqueue.c.o)
                0x1000dab0                reaction_matches
 .text.get_reaction_index
                0x1000dab8        0x8 core/libreactor-c.a(pqueue.c.o)
                0x1000dab8                get_reaction_index
 .text.get_reaction_position
                0x1000dac0        0x4 core/libreactor-c.a(pqueue.c.o)
                0x1000dac0                get_reaction_position
 .text.set_reaction_position
                0x1000dac4        0x4 core/libreactor-c.a(pqueue.c.o)
                0x1000dac4                set_reaction_position
 .text.print_reaction
                0x1000dac8        0x4 core/libreactor-c.a(pqueue.c.o)
                0x1000dac8                print_reaction
 .text._lf_message_print
                0x1000dacc      0x104 core/libreactor-c.a(util.c.o)
                0x1000dacc                _lf_message_print
 .text.lf_print_error
                0x1000dbd0       0xe8 core/libreactor-c.a(util.c.o)
                0x1000dbd0                lf_print_error
 .text.lf_print_warning
                0x1000dcb8       0xe8 core/libreactor-c.a(util.c.o)
                0x1000dcb8                lf_print_warning
 .text.lf_print_error_and_exit
                0x1000dda0       0x2c core/libreactor-c.a(util.c.o)
                0x1000dda0                lf_print_error_and_exit
 .text.hashset_num_items
                0x1000ddcc        0x4 core/libreactor-c.a(hashset.c.o)
                0x1000ddcc                hashset_num_items
 .text.hashset_destroy
                0x1000ddd0       0x18 core/libreactor-c.a(hashset.c.o)
                0x1000ddd0                hashset_destroy
 .text.hashset_create
                0x1000dde8       0x40 core/libreactor-c.a(hashset.c.o)
                0x1000dde8                hashset_create
 .text.hashset_add
                0x1000de28      0x180 core/libreactor-c.a(hashset.c.o)
                0x1000de28                hashset_add
 .text.hashset_remove
                0x1000dfa8       0x50 core/libreactor-c.a(hashset.c.o)
                0x1000dfa8                hashset_remove
 .text.hashset_iterator
                0x1000dff8       0x1c core/libreactor-c.a(hashset_itr.c.o)
                0x1000dff8                hashset_iterator
 .text.hashset_iterator_next
                0x1000e014       0x38 core/libreactor-c.a(hashset_itr.c.o)
                0x1000e014                hashset_iterator_next
 .text.hashset_iterator_value
                0x1000e04c        0xc core/libreactor-c.a(hashset_itr.c.o)
                0x1000e04c                hashset_iterator_value
 .text._lf_add_suspended_event
                0x1000e058       0x3c core/libreactor-c.a(modes.c.o)
                0x1000e058                _lf_add_suspended_event
 .text._lf_mode_is_active
                0x1000e094       0x10 core/libreactor-c.a(modes.c.o)
                0x1000e094                _lf_mode_is_active
 .text._lf_handle_mode_startup_reset_reactions
                0x1000e0a4      0x110 core/libreactor-c.a(modes.c.o)
                0x1000e0a4                _lf_handle_mode_startup_reset_reactions
 .text._lf_handle_mode_shutdown_reactions
                0x1000e1b4       0x5c core/libreactor-c.a(modes.c.o)
                0x1000e1b4                _lf_handle_mode_shutdown_reactions
 .text._lf_process_mode_changes
                0x1000e210      0x39c core/libreactor-c.a(modes.c.o)
                0x1000e210                _lf_process_mode_changes
 .text._lf_terminate_modal_reactors
                0x1000e5ac       0x50 core/libreactor-c.a(modes.c.o)
                0x1000e5ac                _lf_terminate_modal_reactors
 .text._lf_initialize_modes
                0x1000e5fc       0x44 core/libreactor-c.a(modes.c.o)
                0x1000e5fc                _lf_initialize_modes
 .text._lf_handle_mode_changes
                0x1000e640       0x28 core/libreactor-c.a(modes.c.o)
                0x1000e640                _lf_handle_mode_changes
 .text._lf_handle_mode_triggered_reactions
                0x1000e668       0x30 core/libreactor-c.a(modes.c.o)
                0x1000e668                _lf_handle_mode_triggered_reactions
 .text.color32_0
                0x1000e698        0x8 robot/librobot.a(display.c.o)
                0x1000e698                color32_0
 .text.color32_1
                0x1000e6a0        0x8 robot/librobot.a(display.c.o)
                0x1000e6a0                color32_1
 .text.color32_0_on_1
                0x1000e6a8        0x8 robot/librobot.a(display.c.o)
                0x1000e6a8                color32_0_on_1
 .text.color32_1_on_0
                0x1000e6b0        0x4 robot/librobot.a(display.c.o)
                0x1000e6b0                color32_1_on_0
 .text.color32_xor
                0x1000e6b4        0x8 robot/librobot.a(display.c.o)
                0x1000e6b4                color32_xor
 .text.color32_nop
                0x1000e6bc        0x4 robot/librobot.a(display.c.o)
                0x1000e6bc                color32_nop
 .text.color8_0
                0x1000e6c0        0x8 robot/librobot.a(display.c.o)
                0x1000e6c0                color8_0
 .text.color8_1
                0x1000e6c8        0x8 robot/librobot.a(display.c.o)
                0x1000e6c8                color8_1
 .text.color8_0_on_1
                0x1000e6d0        0x8 robot/librobot.a(display.c.o)
                0x1000e6d0                color8_0_on_1
 .text.color8_1_on_0
                0x1000e6d8        0x4 robot/librobot.a(display.c.o)
                0x1000e6d8                color8_1_on_0
 .text.color8_xor
                0x1000e6dc        0x8 robot/librobot.a(display.c.o)
                0x1000e6dc                color8_xor
 .text.color8_nop
                0x1000e6e4        0x4 robot/librobot.a(display.c.o)
                0x1000e6e4                color8_nop
 .text.display_set_font
                0x1000e6e8        0xc robot/librobot.a(display.c.o)
                0x1000e6e8                display_set_font
 .text.display_init
                0x1000e6f4       0x18 robot/librobot.a(display.c.o)
                0x1000e6f4                display_init
 .text.display_fill
                0x1000e70c       0x2c robot/librobot.a(display.c.o)
                0x1000e70c                display_fill
 .text.display_show_partial
                0x1000e738       0xc0 robot/librobot.a(display.c.o)
                0x1000e738                display_show_partial
 .text.display_text
                0x1000e7f8      0x4a8 robot/librobot.a(display.c.o)
                0x1000e7f8                display_text
 .text.display_fill_rect
                0x1000eca0      0x130 robot/librobot.a(display.c.o)
                0x1000eca0                display_fill_rect
 .text.display_show
                0x1000edd0       0x28 robot/librobot.a(display.c.o)
                0x1000edd0                display_show
 .text.ir_sensors_read
                0x1000edf8       0xcc robot/librobot.a(ir_sensors.c.o)
 .text.ir_sensors_start_read
                0x1000eec4      0x1c8 robot/librobot.a(ir_sensors.c.o)
 .text.line_sensors_calibrate
                0x1000f08c      0x1c0 robot/librobot.a(ir_sensors.c.o)
                0x1000f08c                line_sensors_calibrate
 .text.line_sensors_read
                0x1000f24c       0x70 robot/librobot.a(ir_sensors.c.o)
                0x1000f24c                line_sensors_read
 .text.line_sensors_read_calibrated
                0x1000f2bc      0x194 robot/librobot.a(ir_sensors.c.o)
                0x1000f2bc                line_sensors_read_calibrated
 .text.motors_init
                0x1000f450       0x5c robot/librobot.a(motors.c.o)
                0x1000f450                motors_init
 .text.motors_set_power
                0x1000f4ac       0x70 robot/librobot.a(motors.c.o)
                0x1000f4ac                motors_set_power
 .text.sh1106_transfer_start
                0x1000f51c       0x40 robot/librobot.a(sh1106.c.o)
                0x1000f51c                sh1106_transfer_start
 .text.sh1106_transfer_end
                0x1000f55c       0x1c robot/librobot.a(sh1106.c.o)
                0x1000f55c                sh1106_transfer_end
 .text.sh1106_write_page
                0x1000f578       0x54 robot/librobot.a(sh1106.c.o)
                0x1000f578                sh1106_write_page
 .text.sh1106_clear
                0x1000f5cc       0x9c robot/librobot.a(sh1106.c.o)
                0x1000f5cc                sh1106_clear
 .text.sh1106_init
                0x1000f668       0xd0 robot/librobot.a(sh1106.c.o)
                0x1000f668                sh1106_init
 .text._lf_initialize_clock
                0x1000f738       0x20 core/liblf-low-level-platform-impl.a(lf_rp2040_support.c.o)
                0x1000f738                _lf_initialize_clock
 .text._lf_clock_gettime
                0x1000f758       0x24 core/liblf-low-level-platform-impl.a(lf_rp2040_support.c.o)
                0x1000f758                _lf_clock_gettime
 .text._lf_interruptable_sleep_until_locked
                0x1000f77c       0x48 core/liblf-low-level-platform-impl.a(lf_rp2040_support.c.o)
                0x1000f77c                _lf_interruptable_sleep_until_locked
 .text.lf_disable_interrupts_nested
                0x1000f7c4       0x3c core/liblf-low-level-platform-impl.a(lf_rp2040_support.c.o)
                0x1000f7c4                lf_disable_interrupts_nested
 .text.lf_enable_interrupts_nested
                0x1000f800       0x38 core/liblf-low-level-platform-impl.a(lf_rp2040_support.c.o)
                0x1000f800                lf_enable_interrupts_nested
 .text.lf_atomic_fetch_add
                0x1000f838       0x18 core/liblf-low-level-platform-impl.a(lf_atomic_irq.c.o)
                0x1000f838                lf_atomic_fetch_add
 .text.lf_atomic_fetch_add64
                0x1000f850       0x2c core/liblf-low-level-platform-impl.a(lf_atomic_irq.c.o)
                0x1000f850                lf_atomic_fetch_add64
 .text.lf_atomic_bool_compare_and_swap64
                0x1000f87c       0x30 core/liblf-low-level-platform-impl.a(lf_atomic_irq.c.o)
                0x1000f87c                lf_atomic_bool_compare_and_swap64
 .text          0x1000f8ac       0x60 /usr/lib/gcc/arm-none-eabi/13.2.1/../../../arm-none-eabi/lib/thumb/v6-m/nofp/libg.a(libc_a-strncpy.o)
                0x1000f8ac                strncpy
 .text          0x1000f90c     0x1540 /usr/lib/gcc/arm-none-eabi/13.2.1/../../../arm-none-eabi/lib/thumb/v6-m/nofp/libg.a(libc_a-vfprintf.o)
                0x1000f90c                _vfprintf_r
                0x10010dc0                vfprintf
 .text          0x10010e4c       0x88 /usr/lib/gcc/arm-none-eabi/13.2.1/../../../arm-none-eabi/lib/thumb/v6-m/nofp/libg.a(libc_a-strcmp.o)
                0x10010e4c                strcmp
 .text          0x10010ed4      0x1c4 /usr/lib/gcc/arm-none-eabi/13.2.1/../../../arm-none-eabi/lib/thumb/v6-m/nofp/libg.a(libc_a-fflush.o)
                0x10010ed4                __sflush_r
                0x1001101c                _fflush_r
                0x10011048                fflush
 .text          0x10011098       0x74 /usr/lib/gcc/arm-none-eabi/13.2.1/../../../arm-none-eabi/lib/thumb/v6-m/nofp/libg.a(libc_a-strncmp.o)
                0x10011098                strncmp
 .text          0x1001110c       0x18 /usr/lib/gcc/arm-none-eabi/13.2.1/../../../arm-none-eabi/lib/thumb/v6-m/nofp/libg.a(libc_a-calloc.o)
                0x1001110c                calloc
 .text          0x10011124        0xc /usr/lib/gcc/arm-none-eabi/13.2.1/../../../arm-none-eabi/lib/thumb/v6-m/nofp/libg.a(libc_a-errno.o)
                0x10011124                __errno
 .text          0x10011130       0xa8 /usr/lib/gcc/arm-none-eabi/13.2.1/../../../arm-none-eabi/lib/thumb/v6-m/nofp/libg.a(libc_a-callocr.o)
                0x10011130                _calloc_r
 .text          0x100111d8       0x18 /usr/lib/gcc/arm-none-eabi/13.2.1/../../../arm-none-eabi/lib/thumb/v6-m/nofp/libg.a(libc_a-realloc.o)