Archive member included to satisfy reference by file (symbol)

core/libreactor-c.a(tag.c.o)  CMakeFiles/UART_Test.dir/lib/schedule.c.o (lf_time_add)
core/libreactor-c.a(clock.c.o)
                              core/libreactor-c.a(tag.c.o) (lf_clock_gettime)
core/libreactor-c.a(reactor_common.c.o)
                              CMakeFiles/UART_Test.dir/_uart_test_main.c.o (lf_new_reactor)
core/libreactor-c.a(lf_token.c.o)
                              CMakeFiles/UART_Test.dir/lib/schedule.c.o (_lf_initialize_token_with_value)
core/libreactor-c.a(environment.c.o)
                              core/libreactor-c.a(reactor_common.c.o) (environment_free)
core/libreactor-c.a(reactor.c.o)
                              core/libreactor-c.a(reactor_common.c.o) (_lf_trigger_reaction)
core/libreactor-c.a(vector.c.o)
                              core/libreactor-c.a(reactor_common.c.o) (vector_at)
core/libreactor-c.a(pqueue_base.c.o)
                              core/libreactor-c.a(environment.c.o) (pqueue_init)
core/libreactor-c.a(pqueue_tag.c.o)
                              core/libreactor-c.a(environment.c.o) (pqueue_tag_compare)
core/libreactor-c.a(pqueue.c.o)
                              core/libreactor-c.a(environment.c.o) (in_reverse_order)
core/libreactor-c.a(util.c.o)
                              core/libreactor-c.a(pqueue_tag.c.o) (lf_print)
core/libreactor-c.a(hashset.c.o)
                              core/libreactor-c.a(lf_token.c.o) (hashset_num_items)
core/libreactor-c.a(hashset_itr.c.o)
                              core/libreactor-c.a(lf_token.c.o) (hashset_iterator)
core/liblf-low-level-platform-impl.a(lf_rp2040_support.c.o)
                              core/libreactor-c.a(reactor.c.o) (_lf_initialize_clock)
core/liblf-low-level-platform-impl.a(lf_atomic_irq.c.o)
                              core/libreactor-c.a(reactor_common.c.o) (lf_atomic_fetch_add)
/usr/lib/gcc/arm-none-eabi/13.2.1/thumb/v6-m/nofp/libgcc.a(_dvmd_tls.o)
                              CMakeFiles/UART_Test.dir/home/lambrian/pico/pico-sdk/src/rp2_common/pico_divider/divider_hardware.S.o (__aeabi_idiv0)
/usr/lib/gcc/arm-none-eabi/13.2.1/../../../arm-none-eabi/lib/thumb/v6-m/nofp/libg.a(libc_a-strncpy.o)
                              core/libreactor-c.a(environment.c.o) (strncpy)
/usr/lib/gcc/arm-none-eabi/13.2.1/../../../arm-none-eabi/lib/thumb/v6-m/nofp/libg.a(libc_a-vfprintf.o)
                              core/libreactor-c.a(util.c.o) (vfprintf)
/usr/lib/gcc/arm-none-eabi/13.2.1/../../../arm-none-eabi/lib/thumb/v6-m/nofp/libg.a(libc_a-strcmp.o)
                              core/libreactor-c.a(reactor_common.c.o) (strcmp)
/usr/lib/gcc/arm-none-eabi/13.2.1/../../../arm-none-eabi/lib/thumb/v6-m/nofp/libg.a(libc_a-fflush.o)
                              /usr/lib/gcc/arm-none-eabi/13.2.1/../../../arm-none-eabi/lib/thumb/v6-m/nofp/libg.a(libc_a-vfprintf.o) (_fflush_r)
/usr/lib/gcc/arm-none-eabi/13.2.1/../../../arm-none-eabi/lib/thumb/v6-m/nofp/libg.a(libc_a-strncmp.o)
                              core/libreactor-c.a(reactor_common.c.o) (strncmp)
/usr/lib/gcc/arm-none-eabi/13.2.1/../../../arm-none-eabi/lib/thumb/v6-m/nofp/libg.a(libc_a-calloc.o)
                              CMakeFiles/UART_Test.dir/home/lambrian/pico/pico-sdk/src/rp2_common/pico_malloc/malloc.c.o (calloc)
/usr/lib/gcc/arm-none-eabi/13.2.1/../../../arm-none-eabi/lib/thumb/v6-m/nofp/libg.a(libc_a-errno.o)
                              core/libreactor-c.a(util.c.o) (__errno)
/usr/lib/gcc/arm-none-eabi/13.2.1/../../../arm-none-eabi/lib/thumb/v6-m/nofp/libg.a(libc_a-impure.o)
                              core/libreactor-c.a(util.c.o) (_impure_ptr)
/usr/lib/gcc/arm-none-eabi/13.2.1/../../../arm-none-eabi/lib/thumb/v6-m/nofp/libg.a(libc_a-callocr.o)
                              /usr/lib/gcc/arm-none-eabi/13.2.1/../../../arm-none-eabi/lib/thumb/v6-m/nofp/libg.a(libc_a-calloc.o) (_calloc_r)
/usr/lib/gcc/arm-none-eabi/13.2.1/../../../arm-none-eabi/lib/thumb/v6-m/nofp/libg.a(libc_a-realloc.o)
                              CMakeFiles/UART_Test.dir/home/lambrian/pico/pico-sdk/src/rp2_common/pico_malloc/malloc.c.o (realloc)
/usr/lib/gcc/arm-none-eabi/13.2.1/../../../arm-none-eabi/lib/thumb/v6-m/nofp/libg.a(libc_a-mallocr.o)
                              /usr/lib/gcc/arm-none-eabi/13.2.1/../../../arm-none-eabi/lib/thumb/v6-m/nofp/libg.a(libc_a-callocr.o) (_malloc_r)
/usr/lib/gcc/arm-none-eabi/13.2.1/../../../arm-none-eabi/lib/thumb/v6-m/nofp/libg.a(libc_a-dtoa.o)
                              /usr/lib/gcc/arm-none-eabi/13.2.1/../../../arm-none-eabi/lib/thumb/v6-m/nofp/libg.a(libc_a-vfprintf.o) (_dtoa_r)
/usr/lib/gcc/arm-none-eabi/13.2.1/../../../arm-none-eabi/lib/thumb/v6-m/nofp/libg.a(libc_a-wsetup.o)
                              /usr/lib/gcc/arm-none-eabi/13.2.1/../../../arm-none-eabi/lib/thumb/v6-m/nofp/libg.a(libc_a-vfprintf.o) (__swsetup_r)
/usr/lib/gcc/arm-none-eabi/13.2.1/../../../arm-none-eabi/lib/thumb/v6-m/nofp/libg.a(libc_a-freer.o)
[...]
Memory Configuration

Name             Origin             Length             Attributes
FLASH            0x10000000         0x00200000         xr
RAM              0x20000000         0x00040000         xrw
SCRATCH_X        0x20040000         0x00001000         xrw
SCRATCH_Y        0x20041000         0x00001000         xrw
*default*        0x00000000         0xffffffff

Linker script and memory map

LOAD /usr/lib/gcc/arm-none-eabi/13.2.1/thumb/v6-m/nofp/crti.o
LOAD /usr/lib/gcc/arm-none-eabi/13.2.1/thumb/v6-m/nofp/crtbegin.o
LOAD /usr/lib/gcc/arm-none-eabi/13.2.1/../../../arm-none-eabi/lib/thumb/v6-m/nofp/crt0.o

.flash_begin    0x10000000        0x0
                0x10000000                        __flash_binary_start = .

.boot2          0x10000000      0x100
                0x10000000                        __boot2_start__ = .
 *(.boot2)
 .boot2         0x10000000      0x100 pico-sdk/src/rp2040/boot_stage2/CMakeFiles/bs2_default_library.dir/bs2_default_padded_checksummed.S.o
                0x10000100                        __boot2_end__ = .
                0x00000001                        ASSERT (((__boot2_end__ - __boot2_start__) == 0x100), ERROR: Pico second stage bootloader must be 256 bytes in size)

.text           0x10000100     0xec70
                0x10000100                        __logical_binary_start = .
 *(.vectors)
 .vectors       0x10000100       0xd4 CMakeFiles/UART_Test.dir/home/lambrian/pico/pico-sdk/src/rp2_common/pico_crt0/crt0.S.o
                0x10000100                __vectors
                0x10000100                __VECTOR_TABLE
                0x100001c0                isr_irq30
                0x100001c0                __unhandled_user_irq
                0x100001c0                isr_irq13
                0x100001c0                isr_irq27
                0x100001c0                isr_irq31
                0x100001c0                isr_irq5
                0x100001c0                isr_irq11
                0x100001c0                isr_irq23
                0x100001c0                isr_irq18
                0x100001c0                isr_irq28
                0x100001c0                isr_irq19
                0x100001c0                isr_irq0
                0x100001c0                isr_irq6
                0x100001c0                isr_irq22
                0x100001c0                isr_irq17
                0x100001c0                isr_irq14
                0x100001c0                __vectors_end
                0x100001c0                __default_isrs_start
                0x100001c0                isr_irq2
                0x100001c0                isr_irq10
                0x100001c0                isr_irq8
                0x100001c0                isr_irq24
                0x100001c0                isr_irq1
                0x100001c0                isr_irq7
                0x100001c0                isr_irq21
                0x100001c0                isr_irq20
                0x100001c0                isr_irq15
                0x100001c0                isr_irq25
                0x100001c0                isr_irq4
                0x100001c0                isr_irq16
                0x100001c0                isr_irq29
                0x100001c0                isr_irq26
                0x100001c0                isr_irq3
                0x100001c0                isr_irq12
                0x100001c0                isr_irq9
                0x100001c6                unhandled_user_irq_num_in_r0
                0x100001c8                isr_invalid
                0x100001ca                isr_nmi
                0x100001cc                isr_hardfault
                0x100001ce                isr_svcall
                0x100001d0                isr_pendsv
                0x100001d2                isr_systick
                0x100001d4                __default_isrs_end
 *(.binary_info_header)
 .binary_info_header
                0x100001d4       0x14 CMakeFiles/UART_Test.dir/home/lambrian/pico/pico-sdk/src/rp2_common/pico_crt0/crt0.S.o
                0x100001e8                        __binary_info_header_end = .
 *(.embedded_block)
                0x100001e8                        __embedded_block_end = .
 *(.reset)
 .reset         0x100001e8       0x9c CMakeFiles/UART_Test.dir/home/lambrian/pico/pico-sdk/src/rp2_common/pico_crt0/crt0.S.o
                0x100001e8                _entry_point
 *(.init)
 .init          0x10000284        0x4 /usr/lib/gcc/arm-none-eabi/13.2.1/thumb/v6-m/nofp/crti.o
                0x10000284                _init
 *(EXCLUDE_FILE(*libm.a: *libc.a:*lib_a-mem*.o *libgcc.a:) .text*)
 .text          0x10000288       0x98 /usr/lib/gcc/arm-none-eabi/13.2.1/thumb/v6-m/nofp/crtbegin.o
 .text.lf_schedule_trigger
                0x10000320      0x2f0 CMakeFiles/UART_Test.dir/lib/schedule.c.o
                0x10000320                lf_schedule_trigger
 .text._uart_test_mainreaction_function_0
                0x10000610       0x24 CMakeFiles/UART_Test.dir/_uart_test_main.c.o
                0x10000610                _uart_test_mainreaction_function_0
 .text._uart_test_mainreaction_function_1
                0x10000634       0x30 CMakeFiles/UART_Test.dir/_uart_test_main.c.o
                0x10000634                _uart_test_mainreaction_function_1
 .text.new__uart_test_main
                0x10000664       0xa0 CMakeFiles/UART_Test.dir/_uart_test_main.c.o
                0x10000664                new__uart_test_main
 .text.startup.main
                0x10000704        0xc CMakeFiles/UART_Test.dir/UART_Test.c.o
                0x10000704                main
 .text.lf_set_default_command_line_options
                0x10000710        0x4 CMakeFiles/UART_Test.dir/UART_Test.c.o
                0x10000710                lf_set_default_command_line_options
 .text.lf_create_environments
                0x10000714       0x38 CMakeFiles/UART_Test.dir/UART_Test.c.o
                0x10000714                lf_create_environments
 .text._lf_get_environments
                0x1000074c        0xc CMakeFiles/UART_Test.dir/UART_Test.c.o
                0x1000074c                _lf_get_environments
 .text._lf_initialize_trigger_objects
                0x10000758       0x90 CMakeFiles/UART_Test.dir/UART_Test.c.o
                0x10000758                _lf_initialize_trigger_objects
 .text.lf_terminate_execution
                0x100007e8        0x4 CMakeFiles/UART_Test.dir/UART_Test.c.o
                0x100007e8                lf_terminate_execution
 .text.gpio_set_function
                0x100007ec       0x34 CMakeFiles/UART_Test.dir/home/lambrian/pico/pico-sdk/src/rp2_common/hardware_gpio/gpio.c.o
                0x100007ec                gpio_set_function
 .text.rp2040_chip_version
                0x10000820        0xc CMakeFiles/UART_Test.dir/home/lambrian/pico/pico-sdk/src/rp2040/pico_platform/platform.c.o
                0x10000820                rp2040_chip_version
 .text.panic    0x1000082c       0x30 CMakeFiles/UART_Test.dir/home/lambrian/pico/pico-sdk/src/rp2_common/pico_platform_panic/panic.c.o
                0x1000082c                panic
 .text.hw_claim_or_assert
                0x1000085c       0x44 CMakeFiles/UART_Test.dir/home/lambrian/pico/pico-sdk/src/common/hardware_claim/claim.c.o
                0x1000085c                hw_claim_or_assert
 .text.hw_claim_unused_from_range
                0x100008a0       0x9c CMakeFiles/UART_Test.dir/home/lambrian/pico/pico-sdk/src/common/hardware_claim/claim.c.o
                0x100008a0                hw_claim_unused_from_range
 .text.next_striped_spin_lock_num
                0x1000093c       0x18 CMakeFiles/UART_Test.dir/home/lambrian/pico/pico-sdk/src/rp2_common/hardware_sync/sync.c.o
                0x1000093c                next_striped_spin_lock_num
 .text.spin_lock_claim_unused
                0x10000954       0x24 CMakeFiles/UART_Test.dir/home/lambrian/pico/pico-sdk/src/rp2_common/hardware_sync/sync.c.o
                0x10000954                spin_lock_claim_unused
 .text.spin_locks_reset
                0x10000978       0x1c CMakeFiles/UART_Test.dir/home/lambrian/pico/pico-sdk/src/rp2_common/hardware_sync_spin_lock/sync_spin_lock.c.o
                0x10000978                spin_locks_reset
 .text.runtime_init_per_core_irq_priorities
                0x10000994       0x24 CMakeFiles/UART_Test.dir/home/lambrian/pico/pico-sdk/src/rp2_common/hardware_irq/irq.c.o
                0x10000994                runtime_init_per_core_irq_priorities
 .text.irq_set_enabled
                0x100009b8       0x24 CMakeFiles/UART_Test.dir/home/lambrian/pico/pico-sdk/src/rp2_common/hardware_irq/irq.c.o
                0x100009b8                irq_set_enabled
 .text.irq_is_enabled
                0x100009dc       0x18 CMakeFiles/UART_Test.dir/home/lambrian/pico/pico-sdk/src/rp2_common/hardware_irq/irq.c.o
                0x100009dc                irq_is_enabled
 .text.irq_set_pending
                0x100009f4       0x10 CMakeFiles/UART_Test.dir/home/lambrian/pico/pico-sdk/src/rp2_common/hardware_irq/irq.c.o
                0x100009f4                irq_set_pending
 .text.irq_has_shared_handler
                0x10000a04       0x24 CMakeFiles/UART_Test.dir/home/lambrian/pico/pico-sdk/src/rp2_common/hardware_irq/irq.c.o
                0x10000a04                irq_has_shared_handler
 .text.irq_set_exclusive_handler
                0x10000a28       0x54 CMakeFiles/UART_Test.dir/home/lambrian/pico/pico-sdk/src/rp2_common/hardware_irq/irq.c.o
                0x10000a28                irq_set_exclusive_handler
 .text.irq_add_shared_handler
                0x10000a7c      0x1f4 CMakeFiles/UART_Test.dir/home/lambrian/pico/pico-sdk/src/rp2_common/hardware_irq/irq.c.o
                0x10000a7c                irq_add_shared_handler
 .text.irq_remove_handler
                0x10000c70      0x1d4 CMakeFiles/UART_Test.dir/home/lambrian/pico/pico-sdk/src/rp2_common/hardware_irq/irq.c.o
                0x10000c70                irq_remove_handler
 .text.irq_add_tail_to_free_list
                0x10000e44       0xb4 CMakeFiles/UART_Test.dir/home/lambrian/pico/pico-sdk/src/rp2_common/hardware_irq/irq.c.o
                0x10000e44                irq_add_tail_to_free_list
 .text.user_irq_claim_unused
                0x10000ef8       0x2c CMakeFiles/UART_Test.dir/home/lambrian/pico/pico-sdk/src/rp2_common/hardware_irq/irq.c.o
                0x10000ef8                user_irq_claim_unused
 .text.sem_init
                0x10000f24       0x20 CMakeFiles/UART_Test.dir/home/lambrian/pico/pico-sdk/src/common/pico_sync/sem.c.o
                0x10000f24                sem_init
 .text.lock_init
                0x10000f44       0x10 CMakeFiles/UART_Test.dir/home/lambrian/pico/pico-sdk/src/common/pico_sync/lock_core.c.o
                0x10000f44                lock_init
 .text.runtime_init_mutex
                0x10000f54       0x50 CMakeFiles/UART_Test.dir/home/lambrian/pico/pico-sdk/src/common/pico_sync/mutex.c.o
                0x10000f54                runtime_init_mutex
 .text.mutex_init
                0x10000fa4       0x1c CMakeFiles/UART_Test.dir/home/lambrian/pico/pico-sdk/src/common/pico_sync/mutex.c.o
                0x10000fa4                mutex_init
 .text.critical_section_init
                0x10000fc0       0x1c CMakeFiles/UART_Test.dir/home/lambrian/pico/pico-sdk/src/common/pico_sync/critical_section.c.o
                0x10000fc0                critical_section_init
 .text.critical_section_init_with_lock_num
                0x10000fdc       0x14 CMakeFiles/UART_Test.dir/home/lambrian/pico/pico-sdk/src/common/pico_sync/critical_section.c.o
                0x10000fdc                critical_section_init_with_lock_num
 .text.sleep_until_callback
                0x10000ff0       0x30 CMakeFiles/UART_Test.dir/home/lambrian/pico/pico-sdk/src/common/pico_time/time.c.o
 .text.alarm_pool_irq_handler
                0x10001020      0x2fc CMakeFiles/UART_Test.dir/home/lambrian/pico/pico-sdk/src/common/pico_time/time.c.o
 .text.runtime_init_default_alarm_pool
                0x1000131c       0xdc CMakeFiles/UART_Test.dir/home/lambrian/pico/pico-sdk/src/common/pico_time/time.c.o
                0x1000131c                runtime_init_default_alarm_pool
 .text.alarm_pool_get_default
                0x100013f8        0x8 CMakeFiles/UART_Test.dir/home/lambrian/pico/pico-sdk/src/common/pico_time/time.c.o
                0x100013f8                alarm_pool_get_default
 .text.alarm_pool_add_alarm_at
                0x10001400       0xd4 CMakeFiles/UART_Test.dir/home/lambrian/pico/pico-sdk/src/common/pico_time/time.c.o
                0x10001400                alarm_pool_add_alarm_at
 .text.alarm_pool_add_alarm_at_force_in_context
                0x100014d4       0xb0 CMakeFiles/UART_Test.dir/home/lambrian/pico/pico-sdk/src/common/pico_time/time.c.o
                0x100014d4                alarm_pool_add_alarm_at_force_in_context
 .text.alarm_pool_cancel_alarm
                0x10001584       0x74 CMakeFiles/UART_Test.dir/home/lambrian/pico/pico-sdk/src/common/pico_time/time.c.o
                0x10001584                alarm_pool_cancel_alarm
 .text.alarm_pool_core_num
                0x100015f8        0x4 CMakeFiles/UART_Test.dir/home/lambrian/pico/pico-sdk/src/common/pico_time/time.c.o
                0x100015f8                alarm_pool_core_num
 .text.best_effort_wfe_or_timeout
                0x100015fc       0xf8 CMakeFiles/UART_Test.dir/home/lambrian/pico/pico-sdk/src/common/pico_time/time.c.o
                0x100015fc                best_effort_wfe_or_timeout
 .text.timer_hardware_alarm_claim
                0x100016f4       0x14 CMakeFiles/UART_Test.dir/home/lambrian/pico/pico-sdk/src/rp2_common/hardware_timer/timer.c.o
                0x100016f4                timer_hardware_alarm_claim
 .text.timer_time_us_64
                0x10001708       0x10 CMakeFiles/UART_Test.dir/home/lambrian/pico/pico-sdk/src/rp2_common/hardware_timer/timer.c.o
                0x10001708                timer_time_us_64
 .text.time_us_64
                0x10001718       0x14 CMakeFiles/UART_Test.dir/home/lambrian/pico/pico-sdk/src/rp2_common/hardware_timer/timer.c.o
                0x10001718                time_us_64
 .text.busy_wait_us
                0x1000172c       0x68 CMakeFiles/UART_Test.dir/home/lambrian/pico/pico-sdk/src/rp2_common/hardware_timer/timer.c.o
                0x1000172c                busy_wait_us
 .text.uart_init
                0x10001794      0x120 CMakeFiles/UART_Test.dir/home/lambrian/pico/pico-sdk/src/rp2_common/hardware_uart/uart.c.o
                0x10001794                uart_init
 .text.clock_configure_int_divider
                0x100018b4       0xf4 CMakeFiles/UART_Test.dir/home/lambrian/pico/pico-sdk/src/rp2_common/hardware_clocks/clocks.c.o
                0x100018b4                clock_configure_int_divider
 .text.clock_configure_undivided
                0x100019a8       0xe8 CMakeFiles/UART_Test.dir/home/lambrian/pico/pico-sdk/src/rp2_common/hardware_clocks/clocks.c.o
                0x100019a8                clock_configure_undivided
 .text.clock_get_hz
                0x10001a90        0xc CMakeFiles/UART_Test.dir/home/lambrian/pico/pico-sdk/src/rp2_common/hardware_clocks/clocks.c.o
                0x10001a90                clock_get_hz
 .text.pll_init
                0x10001a9c       0xa4 CMakeFiles/UART_Test.dir/home/lambrian/pico/pico-sdk/src/rp2_common/hardware_pll/pll.c.o
                0x10001a9c                pll_init
 .text.watchdog_reboot
                0x10001b40       0x9c CMakeFiles/UART_Test.dir/home/lambrian/pico/pico-sdk/src/rp2_common/hardware_watchdog/watchdog.c.o
                0x10001b40                watchdog_reboot
 .text.tick_start
                0x10001bdc       0x10 CMakeFiles/UART_Test.dir/home/lambrian/pico/pico-sdk/src/rp2_common/hardware_ticks/ticks.c.o
                0x10001bdc                tick_start
 .text.rom_func_lookup
                0x10001bec       0x10 CMakeFiles/UART_Test.dir/home/lambrian/pico/pico-sdk/src/rp2_common/pico_bootrom/bootrom.c.o
                0x10001bec                rom_func_lookup
 .text.rom_data_lookup
                0x10001bfc       0x10 CMakeFiles/UART_Test.dir/home/lambrian/pico/pico-sdk/src/rp2_common/pico_bootrom/bootrom.c.o
                0x10001bfc                rom_data_lookup
 .text.rom_funcs_lookup
                0x10001c0c       0x44 CMakeFiles/UART_Test.dir/home/lambrian/pico/pico-sdk/src/rp2_common/pico_bootrom/bootrom.c.o
                0x10001c0c                rom_funcs_lookup
 .text.rom_reset_usb_boot_extra
                0x10001c50       0x28 CMakeFiles/UART_Test.dir/home/lambrian/pico/pico-sdk/src/rp2_common/pico_bootrom/bootrom.c.o
                0x10001c50                rom_reset_usb_boot_extra
 .text.xosc_init
                0x10001c78       0x28 CMakeFiles/UART_Test.dir/home/lambrian/pico/pico-sdk/src/rp2_common/hardware_xosc/xosc.c.o
                0x10001c78                xosc_init
 .text.first_per_core_initializer
                0x10001ca0        0x4 CMakeFiles/UART_Test.dir/home/lambrian/pico/pico-sdk/src/rp2_common/pico_runtime/runtime.c.o
 .text.hard_assertion_failure
                0x10001ca4        0xc CMakeFiles/UART_Test.dir/home/lambrian/pico/pico-sdk/src/rp2_common/pico_runtime/runtime.c.o
                0x10001ca4                hard_assertion_failure
 .text.runtime_run_initializers
                0x10001cb0       0x28 CMakeFiles/UART_Test.dir/home/lambrian/pico/pico-sdk/src/rp2_common/pico_runtime/runtime.c.o
                0x10001cb0                runtime_run_initializers
 .text.runtime_init_early_resets
                0x10001cd8       0x2c CMakeFiles/UART_Test.dir/home/lambrian/pico/pico-sdk/src/rp2_common/pico_runtime_init/runtime_init.c.o
                0x10001cd8                runtime_init_early_resets
 .text.runtime_init_usb_power_down
                0x10001d04       0x1c CMakeFiles/UART_Test.dir/home/lambrian/pico/pico-sdk/src/rp2_common/pico_runtime_init/runtime_init.c.o
                0x10001d04                runtime_init_usb_power_down
 .text.runtime_init_post_clock_resets
                0x10001d20       0x20 CMakeFiles/UART_Test.dir/home/lambrian/pico/pico-sdk/src/rp2_common/pico_runtime_init/runtime_init.c.o
                0x10001d20                runtime_init_post_clock_resets
 .text.runtime_init_rp2040_gpio_ie_disable
                0x10001d40       0x14 CMakeFiles/UART_Test.dir/home/lambrian/pico/pico-sdk/src/rp2_common/pico_runtime_init/runtime_init.c.o
                0x10001d40                runtime_init_rp2040_gpio_ie_disable
 .text.runtime_init_spin_locks_reset
                0x10001d54        0x8 CMakeFiles/UART_Test.dir/home/lambrian/pico/pico-sdk/src/rp2_common/pico_runtime_init/runtime_init.c.o
                0x10001d54                runtime_init_spin_locks_reset
 .text.runtime_init_install_ram_vector_table
                0x10001d5c       0xb4 CMakeFiles/UART_Test.dir/home/lambrian/pico/pico-sdk/src/rp2_common/pico_runtime_init/runtime_init.c.o
                0x10001d5c                runtime_init_install_ram_vector_table
 .text.runtime_init_clocks
                0x10001e10       0xd8 CMakeFiles/UART_Test.dir/home/lambrian/pico/pico-sdk/src/rp2_common/pico_runtime_init/runtime_init_clocks.c.o
                0x10001e10                runtime_init_clocks
 .text          0x10001ee8       0x10 CMakeFiles/UART_Test.dir/home/lambrian/pico/pico-sdk/src/rp2_common/pico_bit_ops/bit_ops_aeabi.S.o
 .text.__wrap___aeabi_idiv
                0x10001ef8       0x50 CMakeFiles/UART_Test.dir/home/lambrian/pico/pico-sdk/src/rp2_common/pico_divider/divider_hardware.S.o
                0x10001ef8                __wrap___aeabi_idivmod
                0x10001ef8                divmod_s32s32
                0x10001ef8                div_s32s32
                0x10001ef8                __wrap___aeabi_idiv
                0x10001f00                divmod_s32s32_unsafe
                0x10001f2c                divmod_s32s32_savestate
 .text.__wrap___aeabi_uidiv
                0x10001f48       0x4c CMakeFiles/UART_Test.dir/home/lambrian/pico/pico-sdk/src/rp2_common/pico_divider/divider_hardware.S.o
                0x10001f48                __wrap___aeabi_uidiv
                0x10001f48                __wrap___aeabi_uidivmod
                0x10001f48                div_u32u32
                0x10001f48                divmod_u32u32
                0x10001f50                divmod_u32u32_unsafe
                0x10001f78                divmod_u32u32_savestate
 .text.__wrap___aeabi_ldiv
                0x10001f94      0x424 CMakeFiles/UART_Test.dir/home/lambrian/pico/pico-sdk/src/rp2_common/pico_divider/divider_hardware.S.o
                0x10001f94                div_s64s64
                0x10001f94                divmod_s64s64
                0x10001f94                __wrap___aeabi_ldivmod
                0x10001fc4                div_u64u64
                0x10001fc4                divmod_u64u64
                0x10001fc4                __wrap___aeabi_uldivmod
                0x10001fd4                divmod_u64u64_savestate
                0x10001ff4                divmod_s64s64_unsafe
                0x1000207c                divmod_u64u64_unsafe
 .text.__wrap___aeabi_darithmetic
                0x100023b8       0x80 CMakeFiles/UART_Test.dir/home/lambrian/pico/pico-sdk/src/rp2_common/pico_double/double_aeabi_rp2040.S.o
                0x100023b8                __wrap___aeabi_drsub
                0x100023be                __wrap___aeabi_dsub
                0x100023d0                __wrap___aeabi_dadd
                0x100023e2                __wrap___aeabi_ddiv
                0x1000241e                __wrap___aeabi_dmul
 .text.__wrap___aeabi_cdcmple
                0x10002438       0x6c CMakeFiles/UART_Test.dir/home/lambrian/pico/pico-sdk/src/rp2_common/pico_double/double_aeabi_rp2040.S.o
                0x10002438                __wrap___aeabi_cdrcmple
                0x10002448                __wrap___aeabi_cdcmple
                0x10002448                __wrap___aeabi_cdcmpeq
 .text.__wrap___aeabi_dcmpeq
                0x100024a4       0x10 CMakeFiles/UART_Test.dir/home/lambrian/pico/pico-sdk/src/rp2_common/pico_double/double_aeabi_rp2040.S.o
                0x100024a4                __wrap___aeabi_dcmpeq
 .text.__wrap___aeabi_dcmplt
                0x100024b4        0xc CMakeFiles/UART_Test.dir/home/lambrian/pico/pico-sdk/src/rp2_common/pico_double/double_aeabi_rp2040.S.o
                0x100024b4                __wrap___aeabi_dcmplt
 .text.__wrap___aeabi_dcmple
                0x100024c0       0x10 CMakeFiles/UART_Test.dir/home/lambrian/pico/pico-sdk/src/rp2_common/pico_double/double_aeabi_rp2040.S.o
                0x100024c0                __wrap___aeabi_dcmple
 .text.__wrap___aeabi_dcmpge
                0x100024d0       0x10 CMakeFiles/UART_Test.dir/home/lambrian/pico/pico-sdk/src/rp2_common/pico_double/double_aeabi_rp2040.S.o
                0x100024d0                __wrap___aeabi_dcmpge
 .text.__wrap___aeabi_dcmpgt
                0x100024e0        0xa CMakeFiles/UART_Test.dir/home/lambrian/pico/pico-sdk/src/rp2_common/pico_double/double_aeabi_rp2040.S.o
                0x100024e0                __wrap___aeabi_dcmpgt
 .text.__wrap___aeabi_dcmpun
                0x100024ea       0x18 CMakeFiles/UART_Test.dir/home/lambrian/pico/pico-sdk/src/rp2_common/pico_double/double_aeabi_rp2040.S.o
                0x100024ea                __wrap___aeabi_dcmpun
 *fill*         0x10002502        0x2 
 .text.__wrap___aeabi_i2d
                0x10002504       0x38 CMakeFiles/UART_Test.dir/home/lambrian/pico/pico-sdk/src/rp2_common/pico_double/double_aeabi_rp2040.S.o
                0x10002504                __wrap___aeabi_ui2d
                0x10002504                uint2double
                0x1000250c                __wrap___aeabi_i2d
                0x1000250c                int2double
 .text.__wrap___aeabi_d2iz
                0x1000253c       0x48 CMakeFiles/UART_Test.dir/home/lambrian/pico/pico-sdk/src/rp2_common/pico_double/double_aeabi_rp2040.S.o
                0x1000253c                __wrap___aeabi_d2iz
                0x1000253c                double2int_z
 .text.__wrap___aeabi_d2uiz
                0x10002584       0x18 CMakeFiles/UART_Test.dir/home/lambrian/pico/pico-sdk/src/rp2_common/pico_double/double_aeabi_rp2040.S.o
                0x10002584                double2uint_z
                0x10002584                double2uint
                0x10002584                __wrap___aeabi_d2uiz
 .text.__aeabi_double_init
                0x1000259c       0xa4 CMakeFiles/UART_Test.dir/home/lambrian/pico/pico-sdk/src/rp2_common/pico_double/double_init_rom_rp2040.c.o
                0x1000259c                __aeabi_double_init
 .text.double_table_shim_on_use_helper
                0x10002640       0x2c CMakeFiles/UART_Test.dir/home/lambrian/pico/pico-sdk/src/rp2_common/pico_double/double_v1_rom_shim_rp2040.S.o
                0x10002640                double_table_shim_on_use_helper
 .text.__wrap___aeabi_dsub
                0x1000266c       0x10 CMakeFiles/UART_Test.dir/home/lambrian/pico/pico-sdk/src/rp2_common/pico_double/double_v1_rom_shim_rp2040.S.o
                0x1000266c                drsub_shim
                0x10002672                dsub_shim
 .text.dadd_shim
                0x1000267c      0x15c CMakeFiles/UART_Test.dir/home/lambrian/pico/pico-sdk/src/rp2_common/pico_double/double_v1_rom_shim_rp2040.S.o
                0x1000267c                dadd_shim
 .text.dmul_shim
                0x100027d8      0x15c CMakeFiles/UART_Test.dir/home/lambrian/pico/pico-sdk/src/rp2_common/pico_double/double_v1_rom_shim_rp2040.S.o
                0x100027d8                dmul_shim
 .text.ddiv_shim
                0x10002934      0x1b0 CMakeFiles/UART_Test.dir/home/lambrian/pico/pico-sdk/src/rp2_common/pico_double/double_v1_rom_shim_rp2040.S.o
                0x10002934                ddiv_shim
 .text.double2uint_shim
                0x10002ae4        0xe CMakeFiles/UART_Test.dir/home/lambrian/pico/pico-sdk/src/rp2_common/pico_double/double_v1_rom_shim_rp2040.S.o
                0x10002ae4                double2uint_shim
                0x10002ae6                double2ufix_shim
 *fill*         0x10002af2        0x2 
 .text.double2uint64_shim
                0x10002af4       0x70 CMakeFiles/UART_Test.dir/home/lambrian/pico/pico-sdk/src/rp2_common/pico_double/double_v1_rom_shim_rp2040.S.o
                0x10002af4                double2uint64_shim
                0x10002af6                double2ufix64_shim
                0x10002b16                d2fix_a
 .text.dunpacks
                0x10002b64       0x3c CMakeFiles/UART_Test.dir/home/lambrian/pico/pico-sdk/src/rp2_common/pico_double/double_v1_rom_shim_rp2040.S.o
                0x10002b64                dunpacks
 .text.__aeabi_lmul
                0x10002ba0       0x32 CMakeFiles/UART_Test.dir/home/lambrian/pico/pico-sdk/src/rp2_common/pico_int64_ops/pico_int64_ops_aeabi.S.o
                0x10002ba0                __wrap___aeabi_lmul
 *fill*         0x10002bd2        0x2 
 .text.__wrap___aeabi_farithmetic
                0x10002bd4       0x48 CMakeFiles/UART_Test.dir/home/lambrian/pico/pico-sdk/src/rp2_common/pico_float/float_aeabi_rp2040.S.o
                0x10002bd4                __wrap___aeabi_frsub
                0x10002bda                __wrap___aeabi_fsub
                0x10002be0                __wrap___aeabi_fadd
                0x10002be6                __wrap___aeabi_fdiv
                0x10002c0e                __wrap___aeabi_fmul
 .text.__wrap___aeabi_cfcmple
                0x10002c1c       0x50 CMakeFiles/UART_Test.dir/home/lambrian/pico/pico-sdk/src/rp2_common/pico_float/float_aeabi_rp2040.S.o
                0x10002c1c                __wrap___aeabi_cfrcmple
                0x10002c28                __wrap___aeabi_cfcmpeq
                0x10002c28                __wrap___aeabi_cfcmple
 .text.__wrap___aeabi_fcmpge
                0x10002c6c       0x10 CMakeFiles/UART_Test.dir/home/lambrian/pico/pico-sdk/src/rp2_common/pico_float/float_aeabi_rp2040.S.o
                0x10002c6c                __wrap___aeabi_fcmpge
 .text.__wrap___aeabi_ui2f
                0x10002c7c        0xa CMakeFiles/UART_Test.dir/home/lambrian/pico/pico-sdk/src/rp2_common/pico_float/float_aeabi_rp2040.S.o
                0x10002c7c                uint2float
                0x10002c7c                __wrap___aeabi_ui2f
 *fill*         0x10002c86        0x2 
 .text.__wrap___aeabi_i2f
                0x10002c88       0x44 CMakeFiles/UART_Test.dir/home/lambrian/pico/pico-sdk/src/rp2_common/pico_float/float_aeabi_rp2040.S.o
                0x10002c88                int2float
                0x10002c88                __wrap___aeabi_i2f
 .text.__aeabi_float_init
                0x10002ccc       0x64 CMakeFiles/UART_Test.dir/home/lambrian/pico/pico-sdk/src/rp2_common/pico_float/float_init_rom_rp2040.c.o
                0x10002ccc                __aeabi_float_init
 .text.float_table_shim_on_use_helper
                0x10002d30       0x2c CMakeFiles/UART_Test.dir/home/lambrian/pico/pico-sdk/src/rp2_common/pico_float/float_v1_rom_shim_rp2040.S.o
                0x10002d30                float_table_shim_on_use_helper
 .text.__wrap_malloc
                0x10002d5c       0x3c CMakeFiles/UART_Test.dir/home/lambrian/pico/pico-sdk/src/rp2_common/pico_malloc/malloc.c.o
                0x10002d5c                __wrap_malloc
 .text.__wrap_calloc
                0x10002d98       0x44 CMakeFiles/UART_Test.dir/home/lambrian/pico/pico-sdk/src/rp2_common/pico_malloc/malloc.c.o
                0x10002d98                __wrap_calloc
 .text.__wrap_realloc
                0x10002ddc       0x40 CMakeFiles/UART_Test.dir/home/lambrian/pico/pico-sdk/src/rp2_common/pico_malloc/malloc.c.o
                0x10002ddc                __wrap_realloc
 .text.__wrap_free
                0x10002e1c       0x20 CMakeFiles/UART_Test.dir/home/lambrian/pico/pico-sdk/src/rp2_common/pico_malloc/malloc.c.o
                0x10002e1c                __wrap_free
 .text          0x10002e3c       0x10 CMakeFiles/UART_Test.dir/home/lambrian/pico/pico-sdk/src/rp2_common/pico_mem_ops/mem_ops_aeabi.S.o
                0x10002e3c                __aeabi_mem_init
 .text.memset   0x10002e4c        0xc CMakeFiles/UART_Test.dir/home/lambrian/pico/pico-sdk/src/rp2_common/pico_mem_ops/mem_ops_aeabi.S.o
                0x10002e4c                __wrap_memset
 .text.memcpy   0x10002e58        0xc CMakeFiles/UART_Test.dir/home/lambrian/pico/pico-sdk/src/rp2_common/pico_mem_ops/mem_ops_aeabi.S.o
                0x10002e58                __wrap___aeabi_memcpy
                0x10002e58                __wrap_memcpy
 .text._out_buffer
                0x10002e64        0x8 CMakeFiles/UART_Test.dir/home/lambrian/pico/pico-sdk/src/rp2_common/pico_printf/printf.c.o
 .text._out_null
                0x10002e6c        0x4 CMakeFiles/UART_Test.dir/home/lambrian/pico/pico-sdk/src/rp2_common/pico_printf/printf.c.o
 .text._out_rev
                0x10002e70       0xac CMakeFiles/UART_Test.dir/home/lambrian/pico/pico-sdk/src/rp2_common/pico_printf/printf.c.o
 .text._ntoa_format
                0x10002f1c      0x250 CMakeFiles/UART_Test.dir/home/lambrian/pico/pico-sdk/src/rp2_common/pico_printf/printf.c.o
 .text._out_char
                0x1000316c       0x10 CMakeFiles/UART_Test.dir/home/lambrian/pico/pico-sdk/src/rp2_common/pico_printf/printf.c.o
 .text._out_fct
                0x1000317c       0x10 CMakeFiles/UART_Test.dir/home/lambrian/pico/pico-sdk/src/rp2_common/pico_printf/printf.c.o
 .text._etoa    0x1000318c      0x464 CMakeFiles/UART_Test.dir/home/lambrian/pico/pico-sdk/src/rp2_common/pico_printf/printf.c.o
 .text._ftoa    0x100035f0      0x3c0 CMakeFiles/UART_Test.dir/home/lambrian/pico/pico-sdk/src/rp2_common/pico_printf/printf.c.o
 .text._vsnprintf
                0x100039b0      0xbc8 CMakeFiles/UART_Test.dir/home/lambrian/pico/pico-sdk/src/rp2_common/pico_printf/printf.c.o
 .text.__wrap_snprintf
                0x10004578       0x28 CMakeFiles/UART_Test.dir/home/lambrian/pico/pico-sdk/src/rp2_common/pico_printf/printf.c.o
                0x10004578                __wrap_snprintf
 .text.vfctprintf
                0x100045a0       0x20 CMakeFiles/UART_Test.dir/home/lambrian/pico/pico-sdk/src/rp2_common/pico_printf/printf.c.o
                0x100045a0                vfctprintf
 .text.weak_raw_printf
                0x100045c0       0x40 CMakeFiles/UART_Test.dir/home/lambrian/pico/pico-sdk/src/rp2_common/pico_printf/printf.c.o
                0x100045c0                weak_raw_printf
 .text.weak_raw_vprintf
                0x10004600       0x30 CMakeFiles/UART_Test.dir/home/lambrian/pico/pico-sdk/src/rp2_common/pico_printf/printf.c.o
                0x10004600                weak_raw_vprintf
 .text._exit    0x10004630        0x4 CMakeFiles/UART_Test.dir/home/lambrian/pico/pico-sdk/src/rp2_common/pico_clib_interface/newlib_interface.c.o
                0x10004630                _exit
 .text._sbrk    0x10004634       0x34 CMakeFiles/UART_Test.dir/home/lambrian/pico/pico-sdk/src/rp2_common/pico_clib_interface/newlib_interface.c.o
                0x10004634                _sbrk
 .text._read    0x10004668       0x24 CMakeFiles/UART_Test.dir/home/lambrian/pico/pico-sdk/src/rp2_common/pico_clib_interface/newlib_interface.c.o
                0x10004668                _read
 .text._write   0x1000468c       0x24 CMakeFiles/UART_Test.dir/home/lambrian/pico/pico-sdk/src/rp2_common/pico_clib_interface/newlib_interface.c.o
                0x1000468c                _write
 .text._close   0x100046b0        0x8 CMakeFiles/UART_Test.dir/home/lambrian/pico/pico-sdk/src/rp2_common/pico_clib_interface/newlib_interface.c.o
                0x100046b0                _close
 .text._lseek   0x100046b8        0x8 CMakeFiles/UART_Test.dir/home/lambrian/pico/pico-sdk/src/rp2_common/pico_clib_interface/newlib_interface.c.o
                0x100046b8                _lseek
 .text._fstat   0x100046c0        0x8 CMakeFiles/UART_Test.dir/home/lambrian/pico/pico-sdk/src/rp2_common/pico_clib_interface/newlib_interface.c.o
                0x100046c0                _fstat
 .text._isatty  0x100046c8        0xc CMakeFiles/UART_Test.dir/home/lambrian/pico/pico-sdk/src/rp2_common/pico_clib_interface/newlib_interface.c.o
                0x100046c8                _isatty
 .text.exit     0x100046d4        0x8 CMakeFiles/UART_Test.dir/home/lambrian/pico/pico-sdk/src/rp2_common/pico_clib_interface/newlib_interface.c.o
                0x100046d4                exit
 .text.__assert_func
                0x100046dc       0x38 CMakeFiles/UART_Test.dir/home/lambrian/pico/pico-sdk/src/rp2_common/pico_clib_interface/newlib_interface.c.o
                0x100046dc                __assert_func
 .text.runtime_init
                0x10004714       0x2c CMakeFiles/UART_Test.dir/home/lambrian/pico/pico-sdk/src/rp2_common/pico_clib_interface/newlib_interface.c.o
                0x10004714                runtime_init
 .text.stdio_out_chars_no_crlf
                0x10004740       0x10 CMakeFiles/UART_Test.dir/home/lambrian/pico/pico-sdk/src/rp2_common/pico_stdio/stdio.c.o
 .text.stdio_out_chars_crlf
                0x10004750       0x94 CMakeFiles/UART_Test.dir/home/lambrian/pico/pico-sdk/src/rp2_common/pico_stdio/stdio.c.o
 .text.stdio_buffered_printer
                0x100047e4       0x64 CMakeFiles/UART_Test.dir/home/lambrian/pico/pico-sdk/src/rp2_common/pico_stdio/stdio.c.o
 .text.stdio_put_string
                0x10004848      0x100 CMakeFiles/UART_Test.dir/home/lambrian/pico/pico-sdk/src/rp2_common/pico_stdio/stdio.c.o
                0x10004848                stdio_put_string
 .text.stdio_get_until
                0x10004948       0x84 CMakeFiles/UART_Test.dir/home/lambrian/pico/pico-sdk/src/rp2_common/pico_stdio/stdio.c.o
                0x10004948                stdio_get_until
 .text.stdio_set_driver_enabled
                0x100049cc       0x30 CMakeFiles/UART_Test.dir/home/lambrian/pico/pico-sdk/src/rp2_common/pico_stdio/stdio.c.o
                0x100049cc                stdio_set_driver_enabled
 .text.stdio_init_all
                0x100049fc       0x10 CMakeFiles/UART_Test.dir/home/lambrian/pico/pico-sdk/src/rp2_common/pico_stdio/stdio.c.o
                0x100049fc                stdio_init_all
 .text.__wrap_putchar
                0x10004a0c       0x98 CMakeFiles/UART_Test.dir/home/lambrian/pico/pico-sdk/src/rp2_common/pico_stdio/stdio.c.o
                0x10004a0c                stdio_putchar
                0x10004a0c                __wrap_putchar
 .text.__wrap_puts
                0x10004aa4       0x3c CMakeFiles/UART_Test.dir/home/lambrian/pico/pico-sdk/src/rp2_common/pico_stdio/stdio.c.o
                0x10004aa4                __wrap_puts
                0x10004aa4                stdio_puts
 .text.__wrap_vprintf
                0x10004ae0       0xd4 CMakeFiles/UART_Test.dir/home/lambrian/pico/pico-sdk/src/rp2_common/pico_stdio/stdio.c.o
                0x10004ae0                __wrap_vprintf
                0x10004ae0                stdio_vprintf
 .text.__wrap_printf
                0x10004bb4       0x18 CMakeFiles/UART_Test.dir/home/lambrian/pico/pico-sdk/src/rp2_common/pico_stdio/stdio.c.o
                0x10004bb4                stdio_printf
                0x10004bb4                __wrap_printf
 .text.stdio_uart_out_chars
                0x10004bcc       0x4c CMakeFiles/UART_Test.dir/home/lambrian/pico/pico-sdk/src/rp2_common/pico_stdio_uart/stdio_uart.c.o
 .text.stdio_uart_in_chars
                0x10004c18       0x90 CMakeFiles/UART_Test.dir/home/lambrian/pico/pico-sdk/src/rp2_common/pico_stdio_uart/stdio_uart.c.o
                0x10004c18                stdio_uart_in_chars
 .text.on_uart_rx
                0x10004ca8       0x28 CMakeFiles/UART_Test.dir/home/lambrian/pico/pico-sdk/src/rp2_common/pico_stdio_uart/stdio_uart.c.o
 .text.stdio_uart_out_flush
                0x10004cd0       0x14 CMakeFiles/UART_Test.dir/home/lambrian/pico/pico-sdk/src/rp2_common/pico_stdio_uart/stdio_uart.c.o
 .text.stdio_uart_set_chars_available_callback
                0x10004ce4       0x84 CMakeFiles/UART_Test.dir/home/lambrian/pico/pico-sdk/src/rp2_common/pico_stdio_uart/stdio_uart.c.o
 .text.stdio_uart_init
                0x10004d68       0x50 CMakeFiles/UART_Test.dir/home/lambrian/pico/pico-sdk/src/rp2_common/pico_stdio_uart/stdio_uart.c.o
                0x10004d68                stdio_uart_init
 .text.resetd_init
                0x10004db8        0x4 CMakeFiles/UART_Test.dir/home/lambrian/pico/pico-sdk/src/rp2_common/pico_stdio_usb/reset_interface.c.o
 .text.resetd_reset
                0x10004dbc        0xc CMakeFiles/UART_Test.dir/home/lambrian/pico/pico-sdk/src/rp2_common/pico_stdio_usb/reset_interface.c.o
 .text.resetd_open
                0x10004dc8       0x28 CMakeFiles/UART_Test.dir/home/lambrian/pico/pico-sdk/src/rp2_common/pico_stdio_usb/reset_interface.c.o
 .text.resetd_xfer_cb
                0x10004df0        0x4 CMakeFiles/UART_Test.dir/home/lambrian/pico/pico-sdk/src/rp2_common/pico_stdio_usb/reset_interface.c.o
 .text.resetd_control_xfer_cb
                0x10004df4       0x5c CMakeFiles/UART_Test.dir/home/lambrian/pico/pico-sdk/src/rp2_common/pico_stdio_usb/reset_interface.c.o
 .text.tud_descriptor_bos_cb
                0x10004e50        0x8 CMakeFiles/UART_Test.dir/home/lambrian/pico/pico-sdk/src/rp2_common/pico_stdio_usb/reset_interface.c.o
                0x10004e50                tud_descriptor_bos_cb
 .text.tud_vendor_control_xfer_cb
                0x10004e58       0x34 CMakeFiles/UART_Test.dir/home/lambrian/pico/pico-sdk/src/rp2_common/pico_stdio_usb/reset_interface.c.o
                0x10004e58                tud_vendor_control_xfer_cb
 .text.usbd_app_driver_get_cb
                0x10004e8c        0xc CMakeFiles/UART_Test.dir/home/lambrian/pico/pico-sdk/src/rp2_common/pico_stdio_usb/reset_interface.c.o
                0x10004e8c                usbd_app_driver_get_cb
 .text.tud_cdc_line_coding_cb
                0x10004e98       0x2c CMakeFiles/UART_Test.dir/home/lambrian/pico/pico-sdk/src/rp2_common/pico_stdio_usb/reset_interface.c.o
                0x10004e98                tud_cdc_line_coding_cb
 .text.stdio_usb_set_chars_available_callback
                0x10004ec4       0x14 CMakeFiles/UART_Test.dir/home/lambrian/pico/pico-sdk/src/rp2_common/pico_stdio_usb/stdio_usb.c.o
                0x10004ec4                stdio_usb_set_chars_available_callback
 .text.usb_irq  0x10004ed8       0x10 CMakeFiles/UART_Test.dir/home/lambrian/pico/pico-sdk/src/rp2_common/pico_stdio_usb/stdio_usb.c.o
 .text.timer_task
                0x10004ee8       0x64 CMakeFiles/UART_Test.dir/home/lambrian/pico/pico-sdk/src/rp2_common/pico_stdio_usb/stdio_usb.c.o
 .text.stdio_usb_in_chars
                0x10004f4c       0x90 CMakeFiles/UART_Test.dir/home/lambrian/pico/pico-sdk/src/rp2_common/pico_stdio_usb/stdio_usb.c.o
                0x10004f4c                stdio_usb_in_chars
 .text.stdio_usb_out_flush
                0x10004fdc       0x50 CMakeFiles/UART_Test.dir/home/lambrian/pico/pico-sdk/src/rp2_common/pico_stdio_usb/stdio_usb.c.o
 .text.stdio_usb_out_chars
                0x1000502c      0x104 CMakeFiles/UART_Test.dir/home/lambrian/pico/pico-sdk/src/rp2_common/pico_stdio_usb/stdio_usb.c.o
 .text.low_priority_worker_irq
                0x10005130       0xcc CMakeFiles/UART_Test.dir/home/lambrian/pico/pico-sdk/src/rp2_common/pico_stdio_usb/stdio_usb.c.o
 .text.stdio_usb_init
                0x100051fc       0xec CMakeFiles/UART_Test.dir/home/lambrian/pico/pico-sdk/src/rp2_common/pico_stdio_usb/stdio_usb.c.o
                0x100051fc                stdio_usb_init
 .text.tud_descriptor_device_cb
                0x100052e8        0x8 CMakeFiles/UART_Test.dir/home/lambrian/pico/pico-sdk/src/rp2_common/pico_stdio_usb/stdio_usb_descriptors.c.o
                0x100052e8                tud_descriptor_device_cb
 .text.tud_descriptor_configuration_cb
                0x100052f0        0x8 CMakeFiles/UART_Test.dir/home/lambrian/pico/pico-sdk/src/rp2_common/pico_stdio_usb/stdio_usb_descriptors.c.o
                0x100052f0                tud_descriptor_configuration_cb
 .text.tud_descriptor_string_cb
                0x100052f8       0x78 CMakeFiles/UART_Test.dir/home/lambrian/pico/pico-sdk/src/rp2_common/pico_stdio_usb/stdio_usb_descriptors.c.o
                0x100052f8                tud_descriptor_string_cb
 .text.startup._retrieve_unique_id_on_boot
                0x10005370       0x10 CMakeFiles/UART_Test.dir/home/lambrian/pico/pico-sdk/src/rp2_common/pico_unique_id/unique_id.c.o
 .text.pico_get_unique_board_id_string
                0x10005380      0x1a8 CMakeFiles/UART_Test.dir/home/lambrian/pico/pico-sdk/src/rp2_common/pico_unique_id/unique_id.c.o
                0x10005380                pico_get_unique_board_id_string
 .text.flash_get_unique_id
                0x10005528       0x3c CMakeFiles/UART_Test.dir/home/lambrian/pico/pico-sdk/src/rp2_common/hardware_flash/flash.c.o
                0x10005528                flash_get_unique_id
 .text.dcd_init
                0x10005564       0x90 CMakeFiles/UART_Test.dir/home/lambrian/pico/pico-sdk/lib/tinyusb/src/portable/raspberrypi/rp2040/dcd_rp2040.c.o
                0x10005564                dcd_init
 .text.dcd_int_enable
                0x100055f4        0xc CMakeFiles/UART_Test.dir/home/lambrian/pico/pico-sdk/lib/tinyusb/src/portable/raspberrypi/rp2040/dcd_rp2040.c.o
                0x100055f4                dcd_int_enable
 .text.dcd_set_address
                0x10005600       0x14 CMakeFiles/UART_Test.dir/home/lambrian/pico/pico-sdk/lib/tinyusb/src/portable/raspberrypi/rp2040/dcd_rp2040.c.o
                0x10005600                dcd_set_address
 .text.dcd_sof_enable
                0x10005614       0x1c CMakeFiles/UART_Test.dir/home/lambrian/pico/pico-sdk/lib/tinyusb/src/portable/raspberrypi/rp2040/dcd_rp2040.c.o
                0x10005614                dcd_sof_enable
 .text.dcd_edpt0_status_complete
                0x10005630       0x1c CMakeFiles/UART_Test.dir/home/lambrian/pico/pico-sdk/lib/tinyusb/src/portable/raspberrypi/rp2040/dcd_rp2040.c.o
                0x10005630                dcd_edpt0_status_complete
 .text.dcd_edpt_open
                0x1000564c      0x114 CMakeFiles/UART_Test.dir/home/lambrian/pico/pico-sdk/lib/tinyusb/src/portable/raspberrypi/rp2040/dcd_rp2040.c.o
                0x1000564c                dcd_edpt_open
 .text.dcd_edpt_close_all
                0x10005760        0x8 CMakeFiles/UART_Test.dir/home/lambrian/pico/pico-sdk/lib/tinyusb/src/portable/raspberrypi/rp2040/dcd_rp2040.c.o
                0x10005760                dcd_edpt_close_all
 .text.dcd_edpt_xfer
                0x10005768       0x24 CMakeFiles/UART_Test.dir/home/lambrian/pico/pico-sdk/lib/tinyusb/src/portable/raspberrypi/rp2040/dcd_rp2040.c.o
                0x10005768                dcd_edpt_xfer
 .text.dcd_edpt_stall
                0x1000578c       0x34 CMakeFiles/UART_Test.dir/home/lambrian/pico/pico-sdk/lib/tinyusb/src/portable/raspberrypi/rp2040/dcd_rp2040.c.o
                0x1000578c                dcd_edpt_stall
 .text.dcd_edpt_clear_stall
                0x100057c0       0x30 CMakeFiles/UART_Test.dir/home/lambrian/pico/pico-sdk/lib/tinyusb/src/portable/raspberrypi/rp2040/dcd_rp2040.c.o
                0x100057c0                dcd_edpt_clear_stall
 .text.rp2040_usb_init
                0x100057f0       0x40 CMakeFiles/UART_Test.dir/home/lambrian/pico/pico-sdk/lib/tinyusb/src/portable/raspberrypi/rp2040/rp2040_usb.c.o
                0x100057f0                rp2040_usb_init
 .text.hw_endpoint_xfer_start
                0x10005830       0x40 CMakeFiles/UART_Test.dir/home/lambrian/pico/pico-sdk/lib/tinyusb/src/portable/raspberrypi/rp2040/rp2040_usb.c.o
                0x10005830                hw_endpoint_xfer_start
 .text.tud_event_hook_cb
                0x10005870        0x4 CMakeFiles/UART_Test.dir/home/lambrian/pico/pico-sdk/lib/tinyusb/src/device/usbd.c.o
                0x10005870                tud_event_hook_cb
 .text.tud_sof_cb
                0x10005874        0x4 CMakeFiles/UART_Test.dir/home/lambrian/pico/pico-sdk/lib/tinyusb/src/device/usbd.c.o
                0x10005874                tud_sof_cb
 .text.tud_descriptor_device_qualifier_cb
                0x10005878        0x4 CMakeFiles/UART_Test.dir/home/lambrian/pico/pico-sdk/lib/tinyusb/src/device/usbd.c.o
                0x10005878                tud_descriptor_device_qualifier_cb
 .text.tud_descriptor_other_speed_configuration_cb
                0x1000587c        0x4 CMakeFiles/UART_Test.dir/home/lambrian/pico/pico-sdk/lib/tinyusb/src/device/usbd.c.o
                0x1000587c                tud_descriptor_other_speed_configuration_cb
 .text.tud_mount_cb
                0x10005880        0x4 CMakeFiles/UART_Test.dir/home/lambrian/pico/pico-sdk/lib/tinyusb/src/device/usbd.c.o
                0x10005880                tud_mount_cb
 .text.tud_umount_cb
                0x10005884        0x4 CMakeFiles/UART_Test.dir/home/lambrian/pico/pico-sdk/lib/tinyusb/src/device/usbd.c.o
                0x10005884                tud_umount_cb
 .text.tud_suspend_cb
                0x10005888        0x4 CMakeFiles/UART_Test.dir/home/lambrian/pico/pico-sdk/lib/tinyusb/src/device/usbd.c.o
                0x10005888                tud_suspend_cb
 .text.tud_resume_cb
                0x1000588c        0x4 CMakeFiles/UART_Test.dir/home/lambrian/pico/pico-sdk/lib/tinyusb/src/device/usbd.c.o
                0x1000588c                tud_resume_cb
 .text.tud_mounted
                0x10005890       0x10 CMakeFiles/UART_Test.dir/home/lambrian/pico/pico-sdk/lib/tinyusb/src/device/usbd.c.o
                0x10005890                tud_mounted
 .text.tud_suspended
                0x100058a0       0x10 CMakeFiles/UART_Test.dir/home/lambrian/pico/pico-sdk/lib/tinyusb/src/device/usbd.c.o
                0x100058a0                tud_suspended
 .text.tud_rhport_init
                0x100058b0       0xfc CMakeFiles/UART_Test.dir/home/lambrian/pico/pico-sdk/lib/tinyusb/src/device/usbd.c.o
                0x100058b0                tud_rhport_init
 .text.tud_task_ext
                0x100059ac      0x800 CMakeFiles/UART_Test.dir/home/lambrian/pico/pico-sdk/lib/tinyusb/src/device/usbd.c.o
                0x100059ac                tud_task_ext
 .text.usbd_open_edpt_pair
                0x100061ac       0x9c CMakeFiles/UART_Test.dir/home/lambrian/pico/pico-sdk/lib/tinyusb/src/device/usbd.c.o
                0x100061ac                usbd_open_edpt_pair
 .text.usbd_edpt_open
                0x10006248       0x34 CMakeFiles/UART_Test.dir/home/lambrian/pico/pico-sdk/lib/tinyusb/src/device/usbd.c.o
                0x10006248                usbd_edpt_open
 .text.usbd_edpt_claim
                0x1000627c       0x28 CMakeFiles/UART_Test.dir/home/lambrian/pico/pico-sdk/lib/tinyusb/src/device/usbd.c.o
                0x1000627c                usbd_edpt_claim
 .text.usbd_edpt_release
                0x100062a4       0x28 CMakeFiles/UART_Test.dir/home/lambrian/pico/pico-sdk/lib/tinyusb/src/device/usbd.c.o
                0x100062a4                usbd_edpt_release
 .text.usbd_edpt_xfer
                0x100062cc       0x4c CMakeFiles/UART_Test.dir/home/lambrian/pico/pico-sdk/lib/tinyusb/src/device/usbd.c.o
                0x100062cc                usbd_edpt_xfer
 .text.tud_control_status
                0x10006318       0x2c CMakeFiles/UART_Test.dir/home/lambrian/pico/pico-sdk/lib/tinyusb/src/device/usbd_control.c.o
                0x10006318                tud_control_status
 .text.tud_control_xfer
                0x10006344       0xac CMakeFiles/UART_Test.dir/home/lambrian/pico/pico-sdk/lib/tinyusb/src/device/usbd_control.c.o
                0x10006344                tud_control_xfer
 .text.usbd_control_reset
                0x100063f0       0x14 CMakeFiles/UART_Test.dir/home/lambrian/pico/pico-sdk/lib/tinyusb/src/device/usbd_control.c.o
                0x100063f0                usbd_control_reset
 .text.usbd_control_set_complete_callback
                0x10006404        0xc CMakeFiles/UART_Test.dir/home/lambrian/pico/pico-sdk/lib/tinyusb/src/device/usbd_control.c.o
                0x10006404                usbd_control_set_complete_callback
 .text.usbd_control_set_request
                0x10006410       0x1c CMakeFiles/UART_Test.dir/home/lambrian/pico/pico-sdk/lib/tinyusb/src/device/usbd_control.c.o
                0x10006410                usbd_control_set_request
 .text.usbd_control_xfer_cb
                0x1000642c       0xec CMakeFiles/UART_Test.dir/home/lambrian/pico/pico-sdk/lib/tinyusb/src/device/usbd_control.c.o
                0x1000642c                usbd_control_xfer_cb
 .text._prep_out_transaction.isra.0
                0x10006518       0x6c CMakeFiles/UART_Test.dir/home/lambrian/pico/pico-sdk/lib/tinyusb/src/class/cdc/cdc_device.c.o
 .text.tud_cdc_n_connected
                0x10006584       0x2c CMakeFiles/UART_Test.dir/home/lambrian/pico/pico-sdk/lib/tinyusb/src/class/cdc/cdc_device.c.o
                0x10006584                tud_cdc_n_connected
 .text.tud_cdc_n_available
                0x100065b0       0x14 CMakeFiles/UART_Test.dir/home/lambrian/pico/pico-sdk/lib/tinyusb/src/class/cdc/cdc_device.c.o
                0x100065b0                tud_cdc_n_available
 .text.tud_cdc_n_read
                0x100065c4       0x94 CMakeFiles/UART_Test.dir/home/lambrian/pico/pico-sdk/lib/tinyusb/src/class/cdc/cdc_device.c.o
                0x100065c4                tud_cdc_n_read
 .text.tud_cdc_n_write_flush
                0x10006658       0x74 CMakeFiles/UART_Test.dir/home/lambrian/pico/pico-sdk/lib/tinyusb/src/class/cdc/cdc_device.c.o
                0x10006658                tud_cdc_n_write_flush
 .text.tud_cdc_n_write
                0x100066cc       0x40 CMakeFiles/UART_Test.dir/home/lambrian/pico/pico-sdk/lib/tinyusb/src/class/cdc/cdc_device.c.o
                0x100066cc                tud_cdc_n_write
 .text.tud_cdc_n_write_available
                0x1000670c       0x14 CMakeFiles/UART_Test.dir/home/lambrian/pico/pico-sdk/lib/tinyusb/src/class/cdc/cdc_device.c.o
                0x1000670c                tud_cdc_n_write_available
 .text.cdcd_init
                0x10006720       0x70 CMakeFiles/UART_Test.dir/home/lambrian/pico/pico-sdk/lib/tinyusb/src/class/cdc/cdc_device.c.o
                0x10006720                cdcd_init
 .text.cdcd_deinit
                0x10006790       0x34 CMakeFiles/UART_Test.dir/home/lambrian/pico/pico-sdk/lib/tinyusb/src/class/cdc/cdc_device.c.o
                0x10006790                cdcd_deinit
 .text.cdcd_reset
                0x100067c4       0x4c CMakeFiles/UART_Test.dir/home/lambrian/pico/pico-sdk/lib/tinyusb/src/class/cdc/cdc_device.c.o
                0x100067c4                cdcd_reset
 .text.cdcd_open
                0x10006810       0xa8 CMakeFiles/UART_Test.dir/home/lambrian/pico/pico-sdk/lib/tinyusb/src/class/cdc/cdc_device.c.o
                0x10006810                cdcd_open
 .text.cdcd_control_xfer_cb
                0x100068b8       0xe8 CMakeFiles/UART_Test.dir/home/lambrian/pico/pico-sdk/lib/tinyusb/src/class/cdc/cdc_device.c.o
                0x100068b8                cdcd_control_xfer_cb
 .text.cdcd_xfer_cb
                0x100069a0      0x100 CMakeFiles/UART_Test.dir/home/lambrian/pico/pico-sdk/lib/tinyusb/src/class/cdc/cdc_device.c.o
                0x100069a0                cdcd_xfer_cb
 .text.vendord_init
                0x10006aa0       0x5c CMakeFiles/UART_Test.dir/home/lambrian/pico/pico-sdk/lib/tinyusb/src/class/vendor/vendor_device.c.o
                0x10006aa0                vendord_init
 .text.vendord_deinit
                0x10006afc       0x1c CMakeFiles/UART_Test.dir/home/lambrian/pico/pico-sdk/lib/tinyusb/src/class/vendor/vendor_device.c.o
                0x10006afc                vendord_deinit
 .text.vendord_reset
                0x10006b18       0x28 CMakeFiles/UART_Test.dir/home/lambrian/pico/pico-sdk/lib/tinyusb/src/class/vendor/vendor_device.c.o
                0x10006b18                vendord_reset
 .text.vendord_open
                0x10006b40      0x128 CMakeFiles/UART_Test.dir/home/lambrian/pico/pico-sdk/lib/tinyusb/src/class/vendor/vendor_device.c.o
                0x10006b40                vendord_open
 .text.vendord_xfer_cb
                0x10006c68       0x9c CMakeFiles/UART_Test.dir/home/lambrian/pico/pico-sdk/lib/tinyusb/src/class/vendor/vendor_device.c.o
                0x10006c68                vendord_xfer_cb
 .text.tusb_rhport_init
                0x10006d04       0x48 CMakeFiles/UART_Test.dir/home/lambrian/pico/pico-sdk/lib/tinyusb/src/tusb.c.o
                0x10006d04                tusb_rhport_init
 .text.tu_edpt_claim
                0x10006d4c       0x50 CMakeFiles/UART_Test.dir/home/lambrian/pico/pico-sdk/lib/tinyusb/src/tusb.c.o
                0x10006d4c                tu_edpt_claim
 .text.tu_edpt_release
                0x10006d9c       0x38 CMakeFiles/UART_Test.dir/home/lambrian/pico/pico-sdk/lib/tinyusb/src/tusb.c.o
                0x10006d9c                tu_edpt_release
 .text.tu_edpt_validate
                0x10006dd4       0x7c CMakeFiles/UART_Test.dir/home/lambrian/pico/pico-sdk/lib/tinyusb/src/tusb.c.o
                0x10006dd4                tu_edpt_validate
 .text.tu_edpt_bind_driver
                0x10006e50       0x34 CMakeFiles/UART_Test.dir/home/lambrian/pico/pico-sdk/lib/tinyusb/src/tusb.c.o
                0x10006e50                tu_edpt_bind_driver
 .text.tu_edpt_stream_init
                0x10006e84       0x6c CMakeFiles/UART_Test.dir/home/lambrian/pico/pico-sdk/lib/tinyusb/src/tusb.c.o
                0x10006e84                tu_edpt_stream_init
 .text.tu_edpt_stream_deinit
                0x10006ef0        0x4 CMakeFiles/UART_Test.dir/home/lambrian/pico/pico-sdk/lib/tinyusb/src/tusb.c.o
                0x10006ef0                tu_edpt_stream_deinit
 .text.tu_edpt_stream_write_zlp_if_needed
                0x10006ef4       0x68 CMakeFiles/UART_Test.dir/home/lambrian/pico/pico-sdk/lib/tinyusb/src/tusb.c.o
                0x10006ef4                tu_edpt_stream_write_zlp_if_needed
 .text.tu_edpt_stream_write_xfer
                0x10006f5c       0x64 CMakeFiles/UART_Test.dir/home/lambrian/pico/pico-sdk/lib/tinyusb/src/tusb.c.o
                0x10006f5c                tu_edpt_stream_write_xfer
 .text.tu_edpt_stream_read_xfer
                0x10006fc0       0xdc CMakeFiles/UART_Test.dir/home/lambrian/pico/pico-sdk/lib/tinyusb/src/tusb.c.o
                0x10006fc0                tu_edpt_stream_read_xfer
 .text.tu_fifo_config
                0x1000709c       0x6c CMakeFiles/UART_Test.dir/home/lambrian/pico/pico-sdk/lib/tinyusb/src/common/tusb_fifo.c.o
                0x1000709c                tu_fifo_config
 .text.tu_fifo_count
                0x10007108       0x2c CMakeFiles/UART_Test.dir/home/lambrian/pico/pico-sdk/lib/tinyusb/src/common/tusb_fifo.c.o
                0x10007108                tu_fifo_count
 .text.tu_fifo_empty
                0x10007134       0x10 CMakeFiles/UART_Test.dir/home/lambrian/pico/pico-sdk/lib/tinyusb/src/common/tusb_fifo.c.o
                0x10007134                tu_fifo_empty
 .text.tu_fifo_remaining
                0x10007144       0x2c CMakeFiles/UART_Test.dir/home/lambrian/pico/pico-sdk/lib/tinyusb/src/common/tusb_fifo.c.o
                0x10007144                tu_fifo_remaining
 .text.tu_fifo_read
                0x10007170       0x9c CMakeFiles/UART_Test.dir/home/lambrian/pico/pico-sdk/lib/tinyusb/src/common/tusb_fifo.c.o
                0x10007170                tu_fifo_read
 .text.tu_fifo_read_n
                0x1000720c       0xe8 CMakeFiles/UART_Test.dir/home/lambrian/pico/pico-sdk/lib/tinyusb/src/common/tusb_fifo.c.o
                0x1000720c                tu_fifo_read_n
 .text.tu_fifo_write
                0x100072f4       0xa8 CMakeFiles/UART_Test.dir/home/lambrian/pico/pico-sdk/lib/tinyusb/src/common/tusb_fifo.c.o
                0x100072f4                tu_fifo_write
 .text.tu_fifo_write_n
                0x1000739c      0x178 CMakeFiles/UART_Test.dir/home/lambrian/pico/pico-sdk/lib/tinyusb/src/common/tusb_fifo.c.o
                0x1000739c                tu_fifo_write_n
 .text.tu_fifo_clear
                0x10007514       0x40 CMakeFiles/UART_Test.dir/home/lambrian/pico/pico-sdk/lib/tinyusb/src/common/tusb_fifo.c.o
                0x10007514                tu_fifo_clear
 .text.tu_fifo_set_overwritable
                0x10007554       0x48 CMakeFiles/UART_Test.dir/home/lambrian/pico/pico-sdk/lib/tinyusb/src/common/tusb_fifo.c.o
                0x10007554                tu_fifo_set_overwritable
 .text.lf_time_add
                0x1000759c       0x90 core/libreactor-c.a(tag.c.o)
                0x1000759c                lf_time_add
 .text.lf_tag_compare
                0x1000762c       0x38 core/libreactor-c.a(tag.c.o)
                0x1000762c                lf_tag_compare
 .text.lf_delay_tag
                0x10007664       0x9c core/libreactor-c.a(tag.c.o)
                0x10007664                lf_delay_tag
 .text.lf_time_logical
                0x10007700        0x8 core/libreactor-c.a(tag.c.o)
                0x10007700                lf_time_logical
 .text.lf_time_logical_elapsed
                0x10007708       0x14 core/libreactor-c.a(tag.c.o)
                0x10007708                lf_time_logical_elapsed
 .text.lf_time_physical
                0x1000771c       0x14 core/libreactor-c.a(tag.c.o)
                0x1000771c                lf_time_physical
 .text.lf_time_physical_elapsed
                0x10007730       0x20 core/libreactor-c.a(tag.c.o)
                0x10007730                lf_time_physical_elapsed
 .text.lf_comma_separated_time
                0x10007750      0x274 core/libreactor-c.a(tag.c.o)
                0x10007750                lf_comma_separated_time
 .text.lf_clock_gettime
                0x100079c4       0x78 core/libreactor-c.a(clock.c.o)
                0x100079c4                lf_clock_gettime
 .text.lf_clock_interruptable_sleep_until_locked
                0x10007a3c        0x8 core/libreactor-c.a(clock.c.o)
                0x10007a3c                lf_clock_interruptable_sleep_until_locked
 .text.lf_new_reactor
                0x10007a44       0x40 core/libreactor-c.a(reactor_common.c.o)
                0x10007a44                lf_new_reactor
 .text.lf_set_stop_tag
                0x10007a84       0x3c core/libreactor-c.a(reactor_common.c.o)
                0x10007a84                lf_set_stop_tag
 .text._lf_start_time_step
                0x10007ac0       0x70 core/libreactor-c.a(reactor_common.c.o)
                0x10007ac0                _lf_start_time_step
 .text.lf_is_tag_after_stop_tag
                0x10007b30       0x30 core/libreactor-c.a(reactor_common.c.o)
                0x10007b30                lf_is_tag_after_stop_tag
 .text._lf_pop_events
                0x10007b60      0x10c core/libreactor-c.a(reactor_common.c.o)
                0x10007b60                _lf_pop_events
 .text.lf_get_new_event
                0x10007c6c       0x28 core/libreactor-c.a(reactor_common.c.o)
                0x10007c6c                lf_get_new_event
 .text._lf_initialize_timer
                0x10007c94       0xc0 core/libreactor-c.a(reactor_common.c.o)
                0x10007c94                _lf_initialize_timer
 .text._lf_initialize_timers
                0x10007d54       0x7c core/libreactor-c.a(reactor_common.c.o)
                0x10007d54                _lf_initialize_timers
 .text._lf_trigger_startup_reactions
                0x10007dd0       0x40 core/libreactor-c.a(reactor_common.c.o)
                0x10007dd0                _lf_trigger_startup_reactions
 .text._lf_trigger_shutdown_reactions
                0x10007e10       0x40 core/libreactor-c.a(reactor_common.c.o)
                0x10007e10                _lf_trigger_shutdown_reactions
 .text.lf_recycle_event
                0x10007e50       0x1c core/libreactor-c.a(reactor_common.c.o)
                0x10007e50                lf_recycle_event
 .text.lf_replace_token
                0x10007e6c       0x14 core/libreactor-c.a(reactor_common.c.o)
                0x10007e6c                lf_replace_token
 .text._lf_advance_tag
                0x10007e80       0x70 core/libreactor-c.a(reactor_common.c.o)
                0x10007e80                _lf_advance_tag
 .text._lf_invoke_reaction
                0x10007ef0       0x14 core/libreactor-c.a(reactor_common.c.o)
                0x10007ef0                _lf_invoke_reaction
 .text.schedule_output_reactions
                0x10007f04      0x148 core/libreactor-c.a(reactor_common.c.o)
                0x10007f04                schedule_output_reactions
 .text.usage    0x1000804c       0xb0 core/libreactor-c.a(reactor_common.c.o)
                0x1000804c                usage
 .text.process_args
                0x100080fc      0x3f0 core/libreactor-c.a(reactor_common.c.o)
                0x100080fc                process_args
 .text.initialize_global
                0x100084ec        0x8 core/libreactor-c.a(reactor_common.c.o)
                0x100084ec                initialize_global
 .text.termination
                0x100084f4      0x28c core/libreactor-c.a(reactor_common.c.o)
                0x100084f4                termination
 .text.lf_combine_deadline_and_level
                0x10008780       0x28 core/libreactor-c.a(reactor_common.c.o)
                0x10008780                lf_combine_deadline_and_level
 .text._lf_free_token.part.0
                0x100087a8       0x84 core/libreactor-c.a(lf_token.c.o)
 .text._lf_free_all_tokens
                0x1000882c       0xfc core/libreactor-c.a(lf_token.c.o)
                0x1000882c                _lf_free_all_tokens
 .text._lf_replace_template_token
                0x10008928       0x44 core/libreactor-c.a(lf_token.c.o)
                0x10008928                _lf_replace_template_token
 .text._lf_done_using
                0x1000896c       0x30 core/libreactor-c.a(lf_token.c.o)
                0x1000896c                _lf_done_using
 .text._lf_free_token_copies
                0x1000899c       0x44 core/libreactor-c.a(lf_token.c.o)
                0x1000899c                _lf_free_token_copies
 .text.event_matches
                0x100089e0        0xc core/libreactor-c.a(environment.c.o)
 .text.print_event
                0x100089ec        0x4 core/libreactor-c.a(environment.c.o)
 .text.environment_free
                0x100089f0       0x60 core/libreactor-c.a(environment.c.o)
                0x100089f0                environment_free
 .text.environment_init_tags
                0x10008a50       0x40 core/libreactor-c.a(environment.c.o)
                0x10008a50                environment_init_tags
 .text.environment_init
                0x10008a90      0x150 core/libreactor-c.a(environment.c.o)
                0x10008a90                environment_init
 .text._lf_trigger_reaction
                0x10008be0       0x28 core/libreactor-c.a(reactor.c.o)
                0x10008be0                _lf_trigger_reaction
 .text._lf_do_step
                0x10008c08       0xac core/libreactor-c.a(reactor.c.o)
                0x10008c08                _lf_do_step
 .text.next     0x10008cb4      0x110 core/libreactor-c.a(reactor.c.o)
                0x10008cb4                next
 .text.lf_reactor_c_main
                0x10008dc4       0xe8 core/libreactor-c.a(reactor.c.o)
                0x10008dc4                lf_reactor_c_main
 .text.lf_critical_section_enter
                0x10008eac        0x8 core/libreactor-c.a(reactor.c.o)
                0x10008eac                lf_critical_section_enter
 .text.lf_critical_section_exit
                0x10008eb4        0x8 core/libreactor-c.a(reactor.c.o)
                0x10008eb4                lf_critical_section_exit
 .text.vector_at
                0x10008ebc       0x4c core/libreactor-c.a(vector.c.o)
                0x10008ebc                vector_at
 .text.vector_size
                0x10008f08        0x8 core/libreactor-c.a(vector.c.o)
                0x10008f08                vector_size
 .text.percolate_down
                0x10008f10       0xdc core/libreactor-c.a(pqueue_base.c.o)
 .text.bubble_up.isra.0
                0x10008fec       0x9c core/libreactor-c.a(pqueue_base.c.o)
 .text.find_equal_same_priority
                0x10009088       0xc0 core/libreactor-c.a(pqueue_base.c.o)
                0x10009088                find_equal_same_priority
 .text.pqueue_init
                0x10009148       0x54 core/libreactor-c.a(pqueue_base.c.o)
                0x10009148                pqueue_init
 .text.pqueue_free
                0x1000919c       0x14 core/libreactor-c.a(pqueue_base.c.o)
                0x1000919c                pqueue_free
 .text.pqueue_size
                0x100091b0       0x10 core/libreactor-c.a(pqueue_base.c.o)
                0x100091b0                pqueue_size
 .text.pqueue_find_equal_same_priority
                0x100091c0        0xc core/libreactor-c.a(pqueue_base.c.o)
                0x100091c0                pqueue_find_equal_same_priority
 .text.pqueue_insert
                0x100091cc       0x40 core/libreactor-c.a(pqueue_base.c.o)
                0x100091cc                pqueue_insert
 .text.pqueue_remove
                0x1000920c       0x6c core/libreactor-c.a(pqueue_base.c.o)
                0x1000920c                pqueue_remove
 .text.pqueue_pop
                0x10009278       0x28 core/libreactor-c.a(pqueue_base.c.o)
                0x10009278                pqueue_pop
 .text.pqueue_peek
                0x100092a0       0x14 core/libreactor-c.a(pqueue_base.c.o)
                0x100092a0                pqueue_peek
 .text.pqueue_tag_get_priority
                0x100092b4        0x4 core/libreactor-c.a(pqueue_tag.c.o)
 .text.pqueue_tag_get_position
                0x100092b8        0x4 core/libreactor-c.a(pqueue_tag.c.o)
 .text.pqueue_tag_set_position
                0x100092bc        0x4 core/libreactor-c.a(pqueue_tag.c.o)
 .text.pqueue_tag_compare
                0x100092c0       0x1c core/libreactor-c.a(pqueue_tag.c.o)
                0x100092c0                pqueue_tag_compare
 .text.pqueue_tag_init_customize
                0x100092dc       0x28 core/libreactor-c.a(pqueue_tag.c.o)
                0x100092dc                pqueue_tag_init_customize
 .text.pqueue_tag_free
                0x10009304       0x38 core/libreactor-c.a(pqueue_tag.c.o)
                0x10009304                pqueue_tag_free
 .text.pqueue_tag_size
                0x1000933c        0x8 core/libreactor-c.a(pqueue_tag.c.o)
                0x1000933c                pqueue_tag_size
 .text.pqueue_tag_insert
                0x10009344        0x8 core/libreactor-c.a(pqueue_tag.c.o)
                0x10009344                pqueue_tag_insert
 .text.pqueue_tag_find_equal_same_tag
                0x1000934c        0x8 core/libreactor-c.a(pqueue_tag.c.o)
                0x1000934c                pqueue_tag_find_equal_same_tag
 .text.pqueue_tag_peek
                0x10009354        0x8 core/libreactor-c.a(pqueue_tag.c.o)
                0x10009354                pqueue_tag_peek
 .text.pqueue_tag_pop
                0x1000935c        0x8 core/libreactor-c.a(pqueue_tag.c.o)
                0x1000935c                pqueue_tag_pop
 .text.pqueue_tag_remove
                0x10009364        0x8 core/libreactor-c.a(pqueue_tag.c.o)
                0x10009364                pqueue_tag_remove
 .text.in_reverse_order
                0x1000936c       0x2c core/libreactor-c.a(pqueue.c.o)
                0x1000936c                in_reverse_order
 .text.in_no_particular_order
                0x10009398        0x4 core/libreactor-c.a(pqueue.c.o)
                0x10009398                in_no_particular_order
 .text.reaction_matches
                0x1000939c        0x8 core/libreactor-c.a(pqueue.c.o)
                0x1000939c                reaction_matches
 .text.get_reaction_index
                0x100093a4        0x8 core/libreactor-c.a(pqueue.c.o)
                0x100093a4                get_reaction_index
 .text.get_reaction_position
                0x100093ac        0x4 core/libreactor-c.a(pqueue.c.o)
                0x100093ac                get_reaction_position
 .text.set_reaction_position
                0x100093b0        0x4 core/libreactor-c.a(pqueue.c.o)
                0x100093b0                set_reaction_position
 .text.print_reaction
                0x100093b4        0x4 core/libreactor-c.a(pqueue.c.o)
                0x100093b4                print_reaction
 .text._lf_message_print
                0x100093b8      0x104 core/libreactor-c.a(util.c.o)
                0x100093b8                _lf_message_print
 .text.lf_print_error
                0x100094bc       0xe8 core/libreactor-c.a(util.c.o)
                0x100094bc                lf_print_error
 .text.lf_print_warning
                0x100095a4       0xe8 core/libreactor-c.a(util.c.o)
                0x100095a4                lf_print_warning
 .text.lf_print_error_and_exit
                0x1000968c       0x2c core/libreactor-c.a(util.c.o)
                0x1000968c                lf_print_error_and_exit
 .text.hashset_num_items
                0x100096b8        0x4 core/libreactor-c.a(hashset.c.o)
                0x100096b8                hashset_num_items
 .text.hashset_destroy
                0x100096bc       0x18 core/libreactor-c.a(hashset.c.o)
                0x100096bc                hashset_destroy
 .text.hashset_create
                0x100096d4       0x40 core/libreactor-c.a(hashset.c.o)
                0x100096d4                hashset_create
 .text.hashset_add
                0x10009714      0x180 core/libreactor-c.a(hashset.c.o)
                0x10009714                hashset_add
 .text.hashset_iterator
                0x10009894       0x1c core/libreactor-c.a(hashset_itr.c.o)
                0x10009894                hashset_iterator
 .text.hashset_iterator_next
                0x100098b0       0x38 core/libreactor-c.a(hashset_itr.c.o)
                0x100098b0                hashset_iterator_next
 .text.hashset_iterator_value
                0x100098e8        0xc core/libreactor-c.a(hashset_itr.c.o)
                0x100098e8                hashset_iterator_value
 .text._lf_initialize_clock
                0x100098f4       0x20 core/liblf-low-level-platform-impl.a(lf_rp2040_support.c.o)
                0x100098f4                _lf_initialize_clock
 .text._lf_clock_gettime
                0x10009914       0x24 core/liblf-low-level-platform-impl.a(lf_rp2040_support.c.o)
                0x10009914                _lf_clock_gettime
 .text._lf_interruptable_sleep_until_locked
                0x10009938       0x48 core/liblf-low-level-platform-impl.a(lf_rp2040_support.c.o)
                0x10009938                _lf_interruptable_sleep_until_locked
 .text.lf_disable_interrupts_nested
                0x10009980       0x3c core/liblf-low-level-platform-impl.a(lf_rp2040_support.c.o)
                0x10009980                lf_disable_interrupts_nested
 .text.lf_enable_interrupts_nested
                0x100099bc       0x38 core/liblf-low-level-platform-impl.a(lf_rp2040_support.c.o)
                0x100099bc                lf_enable_interrupts_nested
 .text.lf_atomic_fetch_add
                0x100099f4       0x18 core/liblf-low-level-platform-impl.a(lf_atomic_irq.c.o)
                0x100099f4                lf_atomic_fetch_add
 .text.lf_atomic_fetch_add64
                0x10009a0c       0x2c core/liblf-low-level-platform-impl.a(lf_atomic_irq.c.o)
                0x10009a0c                lf_atomic_fetch_add64
 .text.lf_atomic_bool_compare_and_swap64
                0x10009a38       0x30 core/liblf-low-level-platform-impl.a(lf_atomic_irq.c.o)
                0x10009a38                lf_atomic_bool_compare_and_swap64
 .text          0x10009a68       0x60 /usr/lib/gcc/arm-none-eabi/13.2.1/../../../arm-none-eabi/lib/thumb/v6-m/nofp/libg.a(libc_a-strncpy.o)
                0x10009a68                strncpy
 .text          0x10009ac8     0x1540 /usr/lib/gcc/arm-none-eabi/13.2.1/../../../arm-none-eabi/lib/thumb/v6-m/nofp/libg.a(libc_a-vfprintf.o)
                0x10009ac8                _vfprintf_r
                0x1000af7c                vfprintf
 .text          0x1000b008       0x88 /usr/lib/gcc/arm-none-eabi/13.2.1/../../../arm-none-eabi/lib/thumb/v6-m/nofp/libg.a(libc_a-strcmp.o)
                0x1000b008                strcmp
 .text          0x1000b090      0x1c4 /usr/lib/gcc/arm-none-eabi/13.2.1/../../../arm-none-eabi/lib/thumb/v6-m/nofp/libg.a(libc_a-fflush.o)
                0x1000b090                __sflush_r
                0x1000b1d8                _fflush_r
                0x1000b204                fflush
 .text          0x1000b254       0x74 /usr/lib/gcc/arm-none-eabi/13.2.1/../../../arm-none-eabi/lib/thumb/v6-m/nofp/libg.a(libc_a-strncmp.o)
                0x1000b254                strncmp
 .text          0x1000b2c8       0x18 /usr/lib/gcc/arm-none-eabi/13.2.1/../../../arm-none-eabi/lib/thumb/v6-m/nofp/libg.a(libc_a-calloc.o)
                0x1000b2c8                calloc
 .text          0x1000b2e0        0xc /usr/lib/gcc/arm-none-eabi/13.2.1/../../../arm-none-eabi/lib/thumb/v6-m/nofp/libg.a(libc_a-errno.o)
                0x1000b2e0                __errno
 .text          0x1000b2ec       0xa8 /usr/lib/gcc/arm-none-eabi/13.2.1/../../../arm-none-eabi/lib/thumb/v6-m/nofp/libg.a(libc_a-callocr.o)
                0x1000b2ec                _calloc_r
 .text          0x1000b394       0x18 /usr/lib/gcc/arm-none-eabi/13.2.1/../../../arm-none-eabi/lib/thumb/v6-m/nofp/libg.a(libc_a-realloc.o)
                0x1000b394                realloc
 .text          0x1000b3ac      0x5b4 /usr/lib/gcc/arm-none-eabi/13.2.1/../../../arm-none-eabi/lib/thumb/v6-m/nofp/libg.a(libc_a-mallocr.o)
                0x1000b3ac                _malloc_r
 .text          0x1000b960     0x110c /usr/lib/gcc/arm-none-eabi/13.2.1/../../../arm-none-eabi/lib/thumb/v6-m/nofp/libg.a(libc_a-dtoa.o)
                0x1000bab4                _dtoa_r
 .text          0x1000ca6c       0xcc /usr/lib/gcc/arm-none-eabi/13.2.1/../../../arm-none-eabi/lib/thumb/v6-m/nofp/libg.a(libc_a-wsetup.o)
                0x1000ca6c                __swsetup_r
 .text          0x1000cb38      0x288 /usr/lib/gcc/arm-none-eabi/13.2.1/../../../arm-none-eabi/lib/thumb/v6-m/nofp/libg.a(libc_a-freer.o)
                0x1000cb38                _malloc_trim_r
                0x1000cbec                _free_r
 .text          0x1000cdc0       0x18 /usr/lib/gcc/arm-none-eabi/13.2.1/../../../arm-none-eabi/lib/thumb/v6-m/nofp/libg.a(libc_a-atoi.o)
                0x1000cdc0                atoi
                0x1000cdcc                _atoi_r
 .text          0x1000cdd8      0x190 /usr/lib/gcc/arm-none-eabi/13.2.1/../../../arm-none-eabi/lib/thumb/v6-m/nofp/libg.a(libc_a-strtol.o)
                0x1000cf30                _strtol_r
                0x1000cf38                strtol_l
                0x1000cf50                strtol
 .text          0x1000cf68       0x28 /usr/lib/gcc/arm-none-eabi/13.2.1/../../../arm-none-eabi/lib/thumb/v6-m/nofp/libg.a(libc_a-malloc.o)
                0x1000cf68                malloc
                0x1000cf7c                free
 .text          0x1000cf90       0x1c /usr/lib/gcc/arm-none-eabi/13.2.1/../../../arm-none-eabi/lib/thumb/v6-m/nofp/libg.a(libc_a-sysconf.o)
                0x1000cf90                sysconf
 .text          0x1000cfac       0x18 /usr/lib/gcc/arm-none-eabi/13.2.1/../../../arm-none-eabi/lib/thumb/v6-m/nofp/libg.a(libc_a-atoll.o)
                0x1000cfac                atoll
                0x1000cfb8                _atoll_r
 .text          0x1000cfc4      0x350 /usr/lib/gcc/arm-none-eabi/13.2.1/../../../arm-none-eabi/lib/thumb/v6-m/nofp/libg.a(libc_a-reallocr.o)
                0x1000cfc4                _realloc_r
 .text          0x1000d314        0x8 /usr/lib/gcc/arm-none-eabi/13.2.1/../../../arm-none-eabi/lib/thumb/v6-m/nofp/libg.a(libc_a-mlock.o)
                0x1000d314                __malloc_lock
                0x1000d318                __malloc_unlock
 .text          0x1000d31c      0x258 /usr/lib/gcc/arm-none-eabi/13.2.1/../../../arm-none-eabi/lib/thumb/v6-m/nofp/libg.a(libc_a-findfp.o)
                0x1000d478                __sfp
                0x1000d518                __sinit
                0x1000d53c                __sfp_lock_acquire
                0x1000d540                __sfp_lock_release
                0x1000d544                __fp_lock_all
                0x1000d55c                __fp_unlock_all
 .text          0x1000d574       0x10 /usr/lib/gcc/arm-none-eabi/13.2.1/../../../arm-none-eabi/lib/thumb/v6-m/nofp/libg.a(libc_a-atexit.o)
                0x1000d574                atexit
 .text          0x1000d584       0x5c /usr/lib/gcc/arm-none-eabi/13.2.1/../../../arm-none-eabi/lib/thumb/v6-m/nofp/libg.a(libc_a-strlen-stub.o)
                0x1000d584                strlen
 .text          0x1000d5e0       0x24 /usr/lib/gcc/arm-none-eabi/13.2.1/../../../arm-none-eabi/lib/thumb/v6-m/nofp/libg.a(libc_a-sbrkr.o)
                0x1000d5e0                _sbrk_r
 .text          0x1000d604       0x28 /usr/lib/gcc/arm-none-eabi/13.2.1/../../../arm-none-eabi/lib/thumb/v6-m/nofp/libg.a(libc_a-fini.o)
                0x1000d604                __libc_fini_array
 .text          0x1000d62c      0x1d8 /usr/lib/gcc/arm-none-eabi/13.2.1/../../../arm-none-eabi/lib/thumb/v6-m/nofp/libg.a(libc_a-strtoll.o)
                0x1000d7cc                _strtoll_r
                0x1000d7d4                strtoll_l
                0x1000d7ec                strtoll
 .text          0x1000d804       0x20 /usr/lib/gcc/arm-none-eabi/13.2.1/../../../arm-none-eabi/lib/thumb/v6-m/nofp/libg.a(libc_a-sprint_r.o)
                0x1000d804                __sprint_r
 .text          0x1000d824      0xb18 /usr/lib/gcc/arm-none-eabi/13.2.1/../../../arm-none-eabi/lib/thumb/v6-m/nofp/libg.a(libc_a-mprec.o)
                0x1000d824                _Balloc
                0x1000d874                _Bfree
                0x1000d888                __multadd
                0x1000d930                __s2b
                0x1000d9e0                __hi0bits
                0x1000da2c                __lo0bits
                0x1000da88                __i2b
                0x1000dae8                __multiply
                0x1000dc94                __pow5mult
                0x1000dd64                __lshift
                0x1000de60                __mcmp
                0x1000de9c                __mdiff
                0x1000e050                __ulp
                0x1000e090                __b2d
                0x1000e148                __d2b
                0x1000e214                __ratio
                0x1000e27c                _mprec_log10
                0x1000e2b0                __copybits
                0x1000e2f0                __any_on
 .text          0x1000e33c       0x74 /usr/lib/gcc/arm-none-eabi/13.2.1/../../../arm-none-eabi/lib/thumb/v6-m/nofp/libg.a(libc_a-memchr-stub.o)
                0x1000e33c                memchr
 .text          0x1000e3b0       0x44 /usr/lib/gcc/arm-none-eabi/13.2.1/../../../arm-none-eabi/lib/thumb/v6-m/nofp/libg.a(libc_a-fwalk.o)
                0x1000e3b0                _fwalk_sglue
 .text          0x1000e3f4       0x14 /usr/lib/gcc/arm-none-eabi/13.2.1/../../../arm-none-eabi/lib/thumb/v6-m/nofp/libg.a(libc_a-localeconv.o)
                0x1000e3f4                __localeconv_l
                0x1000e3f8                _localeconv_r
                0x1000e400                localeconv
 .text          0x1000e408      0x138 /usr/lib/gcc/arm-none-eabi/13.2.1/../../../arm-none-eabi/lib/thumb/v6-m/nofp/libg.a(libc_a-makebuf.o)
                0x1000e408                __smakebuf_r
                0x1000e4e8                __swhatbuf_r
 .text          0x1000e540       0x44 /usr/lib/gcc/arm-none-eabi/13.2.1/../../../arm-none-eabi/lib/thumb/v6-m/nofp/libg.a(libc_a-mbtowc_r.o)
                0x1000e540                _mbtowc_r
                0x1000e558                __ascii_mbtowc
 .text          0x1000e584       0xb0 /usr/lib/gcc/arm-none-eabi/13.2.1/../../../arm-none-eabi/lib/thumb/v6-m/nofp/libg.a(libc_a-memmove.o)
                0x1000e584                memmove
 .text          0x1000e634       0xa4 /usr/lib/gcc/arm-none-eabi/13.2.1/../../../arm-none-eabi/lib/thumb/v6-m/nofp/libg.a(libc_a-fclose.o)
                0x1000e634                _fclose_r
                0x1000e6c4                fclose
 .text          0x1000e6d8       0x2c /usr/lib/gcc/arm-none-eabi/13.2.1/../../../arm-none-eabi/lib/thumb/v6-m/nofp/libg.a(libc_a-wctomb_r.o)
                0x1000e6d8                _wctomb_r
                0x1000e6e8                __ascii_wctomb
 .text          0x1000e704       0xa8 /usr/lib/gcc/arm-none-eabi/13.2.1/../../../arm-none-eabi/lib/thumb/v6-m/nofp/libg.a(libc_a-stdio.o)
                0x1000e704                __sread
                0x1000e72c                __seofread
                0x1000e730                __swrite
                0x1000e770                __sseek
                0x1000e7a0                __sclose
 .text          0x1000e7ac       0x78 /usr/lib/gcc/arm-none-eabi/13.2.1/../../../arm-none-eabi/lib/thumb/v6-m/nofp/libg.a(libc_a-__atexit.o)
                0x1000e7ac                __register_exitproc
 .text          0x1000e824       0x28 /usr/lib/gcc/arm-none-eabi/13.2.1/../../../arm-none-eabi/lib/thumb/v6-m/nofp/libg.a(libc_a-writer.o)
                0x1000e824                _write_r
 .text          0x1000e84c       0x28 /usr/lib/gcc/arm-none-eabi/13.2.1/../../../arm-none-eabi/lib/thumb/v6-m/nofp/libg.a(libc_a-fstatr.o)
                0x1000e84c                _fstat_r
 .text          0x1000e874       0x24 /usr/lib/gcc/arm-none-eabi/13.2.1/../../../arm-none-eabi/lib/thumb/v6-m/nofp/libg.a(libc_a-isattyr.o)
                0x1000e874                _isatty_r
 .text          0x1000e898      0x310 /usr/lib/gcc/arm-none-eabi/13.2.1/../../../arm-none-eabi/lib/thumb/v6-m/nofp/libg.a(libc_a-fvwrite.o)
                0x1000e898                __sfvwrite_r
 .text          0x1000eba8       0x24 /usr/lib/gcc/arm-none-eabi/13.2.1/../../../arm-none-eabi/lib/thumb/v6-m/nofp/libg.a(libc_a-closer.o)
                0x1000eba8                _close_r
 .text          0x1000ebcc       0x28 /usr/lib/gcc/arm-none-eabi/13.2.1/../../../arm-none-eabi/lib/thumb/v6-m/nofp/libg.a(libc_a-readr.o)
                0x1000ebcc                _read_r
 .text          0x1000ebf4       0x28 /usr/lib/gcc/arm-none-eabi/13.2.1/../../../arm-none-eabi/lib/thumb/v6-m/nofp/libg.a(libc_a-lseekr.o)
                0x1000ebf4                _lseek_r
 .text.startup  0x1000ec1c       0x18 /usr/lib/gcc/arm-none-eabi/13.2.1/../../../arm-none-eabi/lib/thumb/v6-m/nofp/libg.a(libc_a-__call_atexit.o)
 *(.fini)
 .fini          0x1000ec34        0x4 /usr/lib/gcc/arm-none-eabi/13.2.1/thumb/v6-m/nofp/crti.o
                0x1000ec34                _fini
 .fini.__stub   0x1000ec38       0xf0 linker stubs
 *crtbegin.o(.ctors)
 *crtbegin?.o(.ctors)
 *(EXCLUDE_FILE(*crtend.o *crtend?.o) .ctors)
 *(SORT_BY_NAME(.ctors.*))
 *(.ctors)
 *crtbegin.o(.dtors)
 *crtbegin?.o(.dtors)
 *(EXCLUDE_FILE(*crtend.o *crtend?.o) .dtors)
 *(SORT_BY_NAME(.dtors.*))
 *(.dtors)
                0x1000ed28                        . = ALIGN (0x4)
                0x1000ed28                        PROVIDE (__preinit_array_start = .)
 *(SORT_BY_NAME(.preinit_array.*))
 .preinit_array.00100
                0x1000ed28        0x4 CMakeFiles/UART_Test.dir/home/lambrian/pico/pico-sdk/src/rp2_common/pico_runtime_init/runtime_init.c.o
                0x1000ed28                __pre_init_runtime_init_early_resets
 .preinit_array.00101
                0x1000ed2c        0x4 CMakeFiles/UART_Test.dir/home/lambrian/pico/pico-sdk/src/rp2_common/pico_runtime_init/runtime_init.c.o
                0x1000ed2c                __pre_init_runtime_init_usb_power_down
 .preinit_array.00275
                0x1000ed30        0x4 CMakeFiles/UART_Test.dir/home/lambrian/pico/pico-sdk/src/rp2_common/pico_bit_ops/bit_ops_aeabi.S.o
 .preinit_array.00300
                0x1000ed34        0x4 CMakeFiles/UART_Test.dir/home/lambrian/pico/pico-sdk/src/rp2_common/pico_mem_ops/mem_ops_aeabi.S.o
 .preinit_array.00350
                0x1000ed38        0x4 CMakeFiles/UART_Test.dir/home/lambrian/pico/pico-sdk/src/rp2_common/pico_double/double_aeabi_rp2040.S.o
 .preinit_array.00350
                0x1000ed3c        0x4 CMakeFiles/UART_Test.dir/home/lambrian/pico/pico-sdk/src/rp2_common/pico_float/float_aeabi_rp2040.S.o
 .preinit_array.00500
                0x1000ed40        0x4 CMakeFiles/UART_Test.dir/home/lambrian/pico/pico-sdk/src/rp2_common/pico_runtime_init/runtime_init.c.o
                0x1000ed40                __pre_init_runtime_init_clocks
 .preinit_array.00600
                0x1000ed44        0x4 CMakeFiles/UART_Test.dir/home/lambrian/pico/pico-sdk/src/rp2_common/pico_runtime_init/runtime_init.c.o
                0x1000ed44                __pre_init_runtime_init_post_clock_resets
 .preinit_array.00700
                0x1000ed48        0x4 CMakeFiles/UART_Test.dir/home/lambrian/pico/pico-sdk/src/rp2_common/pico_runtime_init/runtime_init.c.o
                0x1000ed48                __pre_init_runtime_init_rp2040_gpio_ie_disable
 .preinit_array.01000
                0x1000ed4c        0x4 CMakeFiles/UART_Test.dir/home/lambrian/pico/pico-sdk/src/rp2_common/pico_runtime_init/runtime_init.c.o
                0x1000ed4c                __pre_init_runtime_init_spin_locks_reset
 .preinit_array.01100
                0x1000ed50        0x4 CMakeFiles/UART_Test.dir/home/lambrian/pico/pico-sdk/src/common/pico_sync/mutex.c.o
                0x1000ed50                __pre_init_runtime_init_mutex
 .preinit_array.10080
                0x1000ed54        0x4 CMakeFiles/UART_Test.dir/home/lambrian/pico/pico-sdk/src/rp2_common/pico_runtime_init/runtime_init.c.o
                0x1000ed54                __pre_init_runtime_init_install_ram_vector_table
 .preinit_array.11000
                0x1000ed58        0x4 CMakeFiles/UART_Test.dir/home/lambrian/pico/pico-sdk/src/common/pico_time/time.c.o
                0x1000ed58                __pre_init_runtime_init_default_alarm_pool
 .preinit_array.YYYYY
                0x1000ed5c        0x4 CMakeFiles/UART_Test.dir/home/lambrian/pico/pico-sdk/src/rp2_common/pico_runtime/runtime.c.o
                0x1000ed5c                __pre_init_first_per_core_initializer
 .preinit_array.ZZZZZ.01200
                0x1000ed60        0x4 CMakeFiles/UART_Test.dir/home/lambrian/pico/pico-sdk/src/rp2_common/hardware_irq/irq.c.o
                0x1000ed60                __pre_init_runtime_init_per_core_irq_priorities
 *(.preinit_array)
                0x1000ed64                        PROVIDE (__preinit_array_end = .)
                0x1000ed64                        . = ALIGN (0x4)
                0x1000ed64                        PROVIDE (__init_array_start = .)
 *(SORT_BY_NAME(.init_array.*))
 .init_array.00000
                0x1000ed64        0x4 /usr/lib/gcc/arm-none-eabi/13.2.1/../../../arm-none-eabi/lib/thumb/v6-m/nofp/libg.a(libc_a-__call_atexit.o)
 .init_array.01000
                0x1000ed68        0x4 CMakeFiles/UART_Test.dir/home/lambrian/pico/pico-sdk/src/rp2_common/pico_unique_id/unique_id.c.o
 *(.init_array)
 .init_array    0x1000ed6c        0x4 /usr/lib/gcc/arm-none-eabi/13.2.1/thumb/v6-m/nofp/crtbegin.o
                0x1000ed70                        PROVIDE (__init_array_end = .)
                0x1000ed70                        . = ALIGN (0x4)
                0x1000ed70                        PROVIDE (__fini_array_start = .)
 *(SORT_BY_NAME(.fini_array.*))
 *(.fini_array)
                0x1000ed70                        PROVIDE (__fini_array_end = .)
 *(.eh_frame*)
 .eh_frame      0x1000ed70        0x0 /usr/lib/gcc/arm-none-eabi/13.2.1/thumb/v6-m/nofp/crtbegin.o
                0x1000ed70                        . = ALIGN (0x4)

.glue_7         0x1000ed70        0x0
 .glue_7        0x1000ed70        0x0 linker stubs

.glue_7t        0x1000ed70        0x0
 .glue_7t       0x1000ed70        0x0 linker stubs

.vfp11_veneer   0x1000ed70        0x0
 .vfp11_veneer  0x1000ed70        0x0 linker stubs

.v4_bx          0x1000ed70        0x0
 .v4_bx         0x1000ed70        0x0 linker stubs

.iplt           0x1000ed70        0x0
 .iplt          0x1000ed70        0x0 /usr/lib/gcc/arm-none-eabi/13.2.1/thumb/v6-m/nofp/crtbegin.o

.rodata         0x1000ed70     0x1380
 *(EXCLUDE_FILE(*libm.a: *libc.a:*lib_a-mem*.o *libgcc.a:) .rodata*)
 .rodata.lf_schedule_trigger.str1.4
                0x1000ed70      0xad6 CMakeFiles/UART_Test.dir/lib/schedule.c.o
                                 0x6f (size before relaxing)
 .rodata._uart_test_mainreaction_function_1.str1.4
                0x1000f846        0x8 CMakeFiles/UART_Test.dir/_uart_test_main.c.o
 .rodata.new__uart_test_main.str1.4
                0x1000f846        0x2 CMakeFiles/UART_Test.dir/_uart_test_main.c.o
 .rodata.lf_create_environments.str1.4
                0x1000f846        0xf CMakeFiles/UART_Test.dir/UART_Test.c.o
 .rodata._lf_initialize_trigger_objects.str1.4
                0x1000f846        0xa CMakeFiles/UART_Test.dir/UART_Test.c.o
 .rodata.panic.str1.4
                0x1000f846       0x12 CMakeFiles/UART_Test.dir/home/lambrian/pico/pico-sdk/src/rp2_common/pico_platform_panic/panic.c.o
 .rodata.spin_lock_claim_unused.str1.4
                0x1000f846       0x1b CMakeFiles/UART_Test.dir/home/lambrian/pico/pico-sdk/src/rp2_common/hardware_sync/sync.c.o
 .rodata.user_irq_claim_unused.str1.4
                0x1000f846       0x1b CMakeFiles/UART_Test.dir/home/lambrian/pico/pico-sdk/src/rp2_common/hardware_irq/irq.c.o
 *fill*         0x1000f846        0x2 
 .rodata.at_the_end_of_time
                0x1000f848        0x8 CMakeFiles/UART_Test.dir/home/lambrian/pico/pico-sdk/src/common/pico_time/time.c.o
                0x1000f848                at_the_end_of_time
 .rodata.timer_hardware_alarm_claim.str1.4
                0x1000f850       0x22 CMakeFiles/UART_Test.dir/home/lambrian/pico/pico-sdk/src/rp2_common/hardware_timer/timer.c.o
 .rodata.hard_assertion_failure.str1.4
                0x1000f850        0xc CMakeFiles/UART_Test.dir/home/lambrian/pico/pico-sdk/src/rp2_common/pico_runtime/runtime.c.o
 .rodata.__wrap_malloc.str1.4
                0x1000f850        0xe CMakeFiles/UART_Test.dir/home/lambrian/pico/pico-sdk/src/rp2_common/pico_malloc/malloc.c.o
 .rodata.str1.4
                0x1000f850       0x50 CMakeFiles/UART_Test.dir/home/lambrian/pico/pico-sdk/src/rp2_common/pico_standard_binary_info/standard_binary_info.c.o
 .rodata.__bi_84
                0x1000f850        0xc CMakeFiles/UART_Test.dir/home/lambrian/pico/pico-sdk/src/rp2_common/pico_standard_binary_info/standard_binary_info.c.o
 .rodata.__bi_78
                0x1000f85c        0xc CMakeFiles/UART_Test.dir/home/lambrian/pico/pico-sdk/src/rp2_common/pico_standard_binary_info/standard_binary_info.c.o
 .rodata.__bi_54
                0x1000f868        0xc CMakeFiles/UART_Test.dir/home/lambrian/pico/pico-sdk/src/rp2_common/pico_standard_binary_info/standard_binary_info.c.o
 .rodata.__bi_48
                0x1000f874        0xc CMakeFiles/UART_Test.dir/home/lambrian/pico/pico-sdk/src/rp2_common/pico_standard_binary_info/standard_binary_info.c.o
 .rodata.__bi_42
                0x1000f880        0xc CMakeFiles/UART_Test.dir/home/lambrian/pico/pico-sdk/src/rp2_common/pico_standard_binary_info/standard_binary_info.c.o
 .rodata.__bi_34
                0x1000f88c        0xc CMakeFiles/UART_Test.dir/home/lambrian/pico/pico-sdk/src/rp2_common/pico_standard_binary_info/standard_binary_info.c.o
 .rodata.__bi_26
                0x1000f898        0xc CMakeFiles/UART_Test.dir/home/lambrian/pico/pico-sdk/src/rp2_common/pico_standard_binary_info/standard_binary_info.c.o
 .rodata._ftoa.str1.4
                0x1000f8a4       0x15 CMakeFiles/UART_Test.dir/home/lambrian/pico/pico-sdk/src/rp2_common/pico_printf/printf.c.o
 .rodata._vsnprintf
                0x1000f8a4      0x19c CMakeFiles/UART_Test.dir/home/lambrian/pico/pico-sdk/src/rp2_common/pico_printf/printf.c.o
 .rodata.pow10.0
                0x1000fa40       0x50 CMakeFiles/UART_Test.dir/home/lambrian/pico/pico-sdk/src/rp2_common/pico_printf/printf.c.o
 .rodata.__assert_func.str1.4