Archive member included to satisfy reference by file (symbol)

core/libreactor-c.a(tag.c.o)  CMakeFiles/I2C_test.dir/lib/schedule.c.o (lf_time_add)
core/libreactor-c.a(clock.c.o)
                              core/libreactor-c.a(tag.c.o) (lf_clock_gettime)
core/libreactor-c.a(reactor_common.c.o)
                              CMakeFiles/I2C_test.dir/I2C_test.c.o (lf_allocate)
core/libreactor-c.a(lf_token.c.o)
                              CMakeFiles/I2C_test.dir/lib/schedule.c.o (_lf_initialize_token_with_value)
core/libreactor-c.a(environment.c.o)
                              core/libreactor-c.a(reactor_common.c.o) (environment_free)
core/libreactor-c.a(reactor.c.o)
                              CMakeFiles/I2C_test.dir/_i2c_test_main.c.o (lf_set_present)
core/libreactor-c.a(vector.c.o)
                              core/libreactor-c.a(reactor_common.c.o) (vector_at)
core/libreactor-c.a(pqueue_base.c.o)
                              core/libreactor-c.a(environment.c.o) (pqueue_init)
core/libreactor-c.a(pqueue_tag.c.o)
                              core/libreactor-c.a(environment.c.o) (pqueue_tag_compare)
core/libreactor-c.a(pqueue.c.o)
                              core/libreactor-c.a(environment.c.o) (in_reverse_order)
core/libreactor-c.a(util.c.o)
                              core/libreactor-c.a(pqueue_tag.c.o) (lf_print)
core/libreactor-c.a(hashset.c.o)
                              core/libreactor-c.a(lf_token.c.o) (hashset_num_items)
core/libreactor-c.a(hashset_itr.c.o)
                              core/libreactor-c.a(lf_token.c.o) (hashset_iterator)
robot/librobot.a(display.c.o)
                              CMakeFiles/I2C_test.dir/_display.c.o (display_set_font)
robot/librobot.a(font_8x8.c.o)
                              robot/librobot.a(display.c.o) (font_8x8)
robot/librobot.a(font_8x16.c.o)
                              CMakeFiles/I2C_test.dir/_display.c.o (font_8x16)
robot/librobot.a(sh1106.c.o)  robot/librobot.a(display.c.o) (sh1106_transfer_start)
core/liblf-low-level-platform-impl.a(lf_rp2040_support.c.o)
                              core/libreactor-c.a(reactor.c.o) (_lf_initialize_clock)
core/liblf-low-level-platform-impl.a(lf_atomic_irq.c.o)
                              core/libreactor-c.a(reactor_common.c.o) (lf_atomic_fetch_add)
/usr/lib/gcc/arm-none-eabi/13.2.1/thumb/v6-m/nofp/libgcc.a(_dvmd_tls.o)
                              CMakeFiles/I2C_test.dir/home/lambrian/pico/pico-sdk/src/rp2_common/pico_divider/divider_hardware.S.o (__aeabi_idiv0)
/usr/lib/gcc/arm-none-eabi/13.2.1/../../../arm-none-eabi/lib/thumb/v6-m/nofp/libg.a(libc_a-strncpy.o)
                              core/libreactor-c.a(environment.c.o) (strncpy)
/usr/lib/gcc/arm-none-eabi/13.2.1/../../../arm-none-eabi/lib/thumb/v6-m/nofp/libg.a(libc_a-vfprintf.o)
                              core/libreactor-c.a(util.c.o) (vfprintf)
/usr/lib/gcc/arm-none-eabi/13.2.1/../../../arm-none-eabi/lib/thumb/v6-m/nofp/libg.a(libc_a-strcmp.o)
                              core/libreactor-c.a(reactor_common.c.o) (strcmp)
/usr/lib/gcc/arm-none-eabi/13.2.1/../../../arm-none-eabi/lib/thumb/v6-m/nofp/libg.a(libc_a-fflush.o)
                              /usr/lib/gcc/arm-none-eabi/13.2.1/../../../arm-none-eabi/lib/thumb/v6-m/nofp/libg.a(libc_a-vfprintf.o) (_fflush_r)
/usr/lib/gcc/arm-none-eabi/13.2.1/../../../arm-none-eabi/lib/thumb/v6-m/nofp/libg.a(libc_a-strncmp.o)
                              core/libreactor-c.a(reactor_common.c.o) (strncmp)
/usr/lib/gcc/arm-none-eabi/13.2.1/../../../arm-none-eabi/lib/thumb/v6-m/nofp/libg.a(libc_a-calloc.o)
                              CMakeFiles/I2C_test.dir/home/lambrian/pico/pico-sdk/src/rp2_common/pico_malloc/malloc.c.o (calloc)
/usr/lib/gcc/arm-none-eabi/13.2.1/../../../arm-none-eabi/lib/thumb/v6-m/nofp/libg.a(libc_a-errno.o)
                              core/libreactor-c.a(util.c.o) (__errno)
/usr/lib/gcc/arm-none-eabi/13.2.1/../../../arm-none-eabi/lib/thumb/v6-m/nofp/libg.a(libc_a-impure.o)
                              core/libreactor-c.a(util.c.o) (_impure_ptr)
/usr/lib/gcc/arm-none-eabi/13.2.1/../../../arm-none-eabi/lib/thumb/v6-m/nofp/libg.a(libc_a-callocr.o)
                              /usr/lib/gcc/arm-none-eabi/13.2.1/../../../arm-none-eabi/lib/thumb/v6-m/nofp/libg.a(libc_a-calloc.o) (_calloc_r)
/usr/lib/gcc/arm-none-eabi/13.2.1/../../../arm-none-eabi/lib/thumb/v6-m/nofp/libg.a(libc_a-realloc.o)
                              CMakeFiles/I2C_test.dir/home/lambrian/pico/pico-sdk/src/rp2_common/pico_malloc/malloc.c.o (realloc)
/usr/lib/gcc/arm-none-eabi/13.2.1/../../../arm-none-eabi/lib/thumb/v6-m/nofp/libg.a(libc_a-mallocr.o)
                              /usr/lib/gcc/arm-none-eabi/13.2.1/../../../arm-none-eabi/lib/thumb/v6-m/nofp/libg.a(libc_a-callocr.o) (_malloc_r)
/usr/lib/gcc/arm-none-eabi/13.2.1/../../../arm-none-eabi/lib/thumb/v6-m/nofp/libg.a(libc_a-dtoa.o)
[...]
Memory Configuration

Name             Origin             Length             Attributes
FLASH            0x10000000         0x00200000         xr
RAM              0x20000000         0x00040000         xrw
SCRATCH_X        0x20040000         0x00001000         xrw
SCRATCH_Y        0x20041000         0x00001000         xrw
*default*        0x00000000         0xffffffff

Linker script and memory map

LOAD /usr/lib/gcc/arm-none-eabi/13.2.1/thumb/v6-m/nofp/crti.o
LOAD /usr/lib/gcc/arm-none-eabi/13.2.1/thumb/v6-m/nofp/crtbegin.o
LOAD /usr/lib/gcc/arm-none-eabi/13.2.1/../../../arm-none-eabi/lib/thumb/v6-m/nofp/crt0.o

.flash_begin    0x10000000        0x0
                0x10000000                        __flash_binary_start = .

.boot2          0x10000000      0x100
                0x10000000                        __boot2_start__ = .
 *(.boot2)
 .boot2         0x10000000      0x100 pico-sdk/src/rp2040/boot_stage2/CMakeFiles/bs2_default_library.dir/bs2_default_padded_checksummed.S.o
                0x10000100                        __boot2_end__ = .
                0x00000001                        ASSERT (((__boot2_end__ - __boot2_start__) == 0x100), ERROR: Pico second stage bootloader must be 256 bytes in size)

.text           0x10000100    0x10010
                0x10000100                        __logical_binary_start = .
 *(.vectors)
 .vectors       0x10000100       0xd4 CMakeFiles/I2C_test.dir/home/lambrian/pico/pico-sdk/src/rp2_common/pico_crt0/crt0.S.o
                0x10000100                __vectors
                0x10000100                __VECTOR_TABLE
                0x100001c0                isr_irq30
                0x100001c0                __unhandled_user_irq
                0x100001c0                isr_irq13
                0x100001c0                isr_irq27
                0x100001c0                isr_irq31
                0x100001c0                isr_irq5
                0x100001c0                isr_irq11
                0x100001c0                isr_irq23
                0x100001c0                isr_irq18
                0x100001c0                isr_irq28
                0x100001c0                isr_irq19
                0x100001c0                isr_irq0
                0x100001c0                isr_irq6
                0x100001c0                isr_irq22
                0x100001c0                isr_irq17
                0x100001c0                isr_irq14
                0x100001c0                __vectors_end
                0x100001c0                __default_isrs_start
                0x100001c0                isr_irq2
                0x100001c0                isr_irq10
                0x100001c0                isr_irq8
                0x100001c0                isr_irq24
                0x100001c0                isr_irq1
                0x100001c0                isr_irq7
                0x100001c0                isr_irq21
                0x100001c0                isr_irq20
                0x100001c0                isr_irq15
                0x100001c0                isr_irq25
                0x100001c0                isr_irq4
                0x100001c0                isr_irq16
                0x100001c0                isr_irq29
                0x100001c0                isr_irq26
                0x100001c0                isr_irq3
                0x100001c0                isr_irq12
                0x100001c0                isr_irq9
                0x100001c6                unhandled_user_irq_num_in_r0
                0x100001c8                isr_invalid
                0x100001ca                isr_nmi
                0x100001cc                isr_hardfault
                0x100001ce                isr_svcall
                0x100001d0                isr_pendsv
                0x100001d2                isr_systick
                0x100001d4                __default_isrs_end
 *(.binary_info_header)
 .binary_info_header
                0x100001d4       0x14 CMakeFiles/I2C_test.dir/home/lambrian/pico/pico-sdk/src/rp2_common/pico_crt0/crt0.S.o
                0x100001e8                        __binary_info_header_end = .
 *(.embedded_block)
                0x100001e8                        __embedded_block_end = .
 *(.reset)
 .reset         0x100001e8       0x9c CMakeFiles/I2C_test.dir/home/lambrian/pico/pico-sdk/src/rp2_common/pico_crt0/crt0.S.o
                0x100001e8                _entry_point
 *(.init)
 .init          0x10000284        0x4 /usr/lib/gcc/arm-none-eabi/13.2.1/thumb/v6-m/nofp/crti.o
                0x10000284                _init
 *(EXCLUDE_FILE(*libm.a: *libc.a:*lib_a-mem*.o *libgcc.a:) .text*)
 .text          0x10000288       0x98 /usr/lib/gcc/arm-none-eabi/13.2.1/thumb/v6-m/nofp/crtbegin.o
 .text.lf_schedule_trigger
                0x10000320      0x2f0 CMakeFiles/I2C_test.dir/lib/schedule.c.o
                0x10000320                lf_schedule_trigger
 .text._i2c_test_mainreaction_function_1
                0x10000610       0x50 CMakeFiles/I2C_test.dir/_i2c_test_main.c.o
                0x10000610                _i2c_test_mainreaction_function_1
 .text._i2c_test_mainreaction_function_0
                0x10000660       0x6c CMakeFiles/I2C_test.dir/_i2c_test_main.c.o
                0x10000660                _i2c_test_mainreaction_function_0
 .text.new__i2c_test_main
                0x100006cc       0xb8 CMakeFiles/I2C_test.dir/_i2c_test_main.c.o
                0x100006cc                new__i2c_test_main
 .text._displayreaction_function_1
                0x10000784       0xb4 CMakeFiles/I2C_test.dir/_display.c.o
                0x10000784                _displayreaction_function_1
 .text._displayreaction_function_0
                0x10000838       0x2c CMakeFiles/I2C_test.dir/_display.c.o
                0x10000838                _displayreaction_function_0
 .text.new__display
                0x10000864      0x15c CMakeFiles/I2C_test.dir/_display.c.o
                0x10000864                new__display
 .text.startup.main
                0x100009c0        0xc CMakeFiles/I2C_test.dir/I2C_test.c.o
                0x100009c0                main
 .text.lf_set_default_command_line_options
                0x100009cc        0x4 CMakeFiles/I2C_test.dir/I2C_test.c.o
                0x100009cc                lf_set_default_command_line_options
 .text.lf_create_environments
                0x100009d0       0x3c CMakeFiles/I2C_test.dir/I2C_test.c.o
                0x100009d0                lf_create_environments
 .text._lf_get_environments
                0x10000a0c        0xc CMakeFiles/I2C_test.dir/I2C_test.c.o
                0x10000a0c                _lf_get_environments
 .text._lf_initialize_trigger_objects
                0x10000a18      0x218 CMakeFiles/I2C_test.dir/I2C_test.c.o
                0x10000a18                _lf_initialize_trigger_objects
 .text.lf_terminate_execution
                0x10000c30        0x4 CMakeFiles/I2C_test.dir/I2C_test.c.o
                0x10000c30                lf_terminate_execution
 .text.gpio_set_function
                0x10000c34       0x34 CMakeFiles/I2C_test.dir/home/lambrian/pico/pico-sdk/src/rp2_common/hardware_gpio/gpio.c.o
                0x10000c34                gpio_set_function
 .text.gpio_set_pulls
                0x10000c68       0x28 CMakeFiles/I2C_test.dir/home/lambrian/pico/pico-sdk/src/rp2_common/hardware_gpio/gpio.c.o
                0x10000c68                gpio_set_pulls
 .text.gpio_init
                0x10000c90       0x40 CMakeFiles/I2C_test.dir/home/lambrian/pico/pico-sdk/src/rp2_common/hardware_gpio/gpio.c.o
                0x10000c90                gpio_init
 .text.rp2040_chip_version
                0x10000cd0        0xc CMakeFiles/I2C_test.dir/home/lambrian/pico/pico-sdk/src/rp2040/pico_platform/platform.c.o
                0x10000cd0                rp2040_chip_version
 .text.panic    0x10000cdc       0x30 CMakeFiles/I2C_test.dir/home/lambrian/pico/pico-sdk/src/rp2_common/pico_platform_panic/panic.c.o
                0x10000cdc                panic
 .text.hw_claim_or_assert
                0x10000d0c       0x44 CMakeFiles/I2C_test.dir/home/lambrian/pico/pico-sdk/src/common/hardware_claim/claim.c.o
                0x10000d0c                hw_claim_or_assert
 .text.hw_claim_unused_from_range
                0x10000d50       0x9c CMakeFiles/I2C_test.dir/home/lambrian/pico/pico-sdk/src/common/hardware_claim/claim.c.o
                0x10000d50                hw_claim_unused_from_range
 .text.next_striped_spin_lock_num
                0x10000dec       0x18 CMakeFiles/I2C_test.dir/home/lambrian/pico/pico-sdk/src/rp2_common/hardware_sync/sync.c.o
                0x10000dec                next_striped_spin_lock_num
 .text.spin_lock_claim_unused
                0x10000e04       0x24 CMakeFiles/I2C_test.dir/home/lambrian/pico/pico-sdk/src/rp2_common/hardware_sync/sync.c.o
                0x10000e04                spin_lock_claim_unused
 .text.spin_locks_reset
                0x10000e28       0x1c CMakeFiles/I2C_test.dir/home/lambrian/pico/pico-sdk/src/rp2_common/hardware_sync_spin_lock/sync_spin_lock.c.o
                0x10000e28                spin_locks_reset
 .text.runtime_init_per_core_irq_priorities
                0x10000e44       0x24 CMakeFiles/I2C_test.dir/home/lambrian/pico/pico-sdk/src/rp2_common/hardware_irq/irq.c.o
                0x10000e44                runtime_init_per_core_irq_priorities
 .text.irq_set_enabled
                0x10000e68       0x24 CMakeFiles/I2C_test.dir/home/lambrian/pico/pico-sdk/src/rp2_common/hardware_irq/irq.c.o
                0x10000e68                irq_set_enabled
 .text.irq_is_enabled
                0x10000e8c       0x18 CMakeFiles/I2C_test.dir/home/lambrian/pico/pico-sdk/src/rp2_common/hardware_irq/irq.c.o
                0x10000e8c                irq_is_enabled
 .text.irq_set_pending
                0x10000ea4       0x10 CMakeFiles/I2C_test.dir/home/lambrian/pico/pico-sdk/src/rp2_common/hardware_irq/irq.c.o
                0x10000ea4                irq_set_pending
 .text.irq_has_shared_handler
                0x10000eb4       0x24 CMakeFiles/I2C_test.dir/home/lambrian/pico/pico-sdk/src/rp2_common/hardware_irq/irq.c.o
                0x10000eb4                irq_has_shared_handler
 .text.irq_set_exclusive_handler
                0x10000ed8       0x54 CMakeFiles/I2C_test.dir/home/lambrian/pico/pico-sdk/src/rp2_common/hardware_irq/irq.c.o
                0x10000ed8                irq_set_exclusive_handler
 .text.irq_add_shared_handler
                0x10000f2c      0x1f4 CMakeFiles/I2C_test.dir/home/lambrian/pico/pico-sdk/src/rp2_common/hardware_irq/irq.c.o
                0x10000f2c                irq_add_shared_handler
 .text.irq_remove_handler
                0x10001120      0x1d4 CMakeFiles/I2C_test.dir/home/lambrian/pico/pico-sdk/src/rp2_common/hardware_irq/irq.c.o
                0x10001120                irq_remove_handler
 .text.irq_add_tail_to_free_list
                0x100012f4       0xb4 CMakeFiles/I2C_test.dir/home/lambrian/pico/pico-sdk/src/rp2_common/hardware_irq/irq.c.o
                0x100012f4                irq_add_tail_to_free_list
 .text.user_irq_claim_unused
                0x100013a8       0x2c CMakeFiles/I2C_test.dir/home/lambrian/pico/pico-sdk/src/rp2_common/hardware_irq/irq.c.o
                0x100013a8                user_irq_claim_unused
 .text.sem_init
                0x100013d4       0x20 CMakeFiles/I2C_test.dir/home/lambrian/pico/pico-sdk/src/common/pico_sync/sem.c.o
                0x100013d4                sem_init
 .text.lock_init
                0x100013f4       0x10 CMakeFiles/I2C_test.dir/home/lambrian/pico/pico-sdk/src/common/pico_sync/lock_core.c.o
                0x100013f4                lock_init
 .text.runtime_init_mutex
                0x10001404       0x50 CMakeFiles/I2C_test.dir/home/lambrian/pico/pico-sdk/src/common/pico_sync/mutex.c.o
                0x10001404                runtime_init_mutex
 .text.mutex_init
                0x10001454       0x1c CMakeFiles/I2C_test.dir/home/lambrian/pico/pico-sdk/src/common/pico_sync/mutex.c.o
                0x10001454                mutex_init
 .text.critical_section_init
                0x10001470       0x1c CMakeFiles/I2C_test.dir/home/lambrian/pico/pico-sdk/src/common/pico_sync/critical_section.c.o
                0x10001470                critical_section_init
 .text.critical_section_init_with_lock_num
                0x1000148c       0x14 CMakeFiles/I2C_test.dir/home/lambrian/pico/pico-sdk/src/common/pico_sync/critical_section.c.o
                0x1000148c                critical_section_init_with_lock_num
 .text.sleep_until_callback
                0x100014a0       0x30 CMakeFiles/I2C_test.dir/home/lambrian/pico/pico-sdk/src/common/pico_time/time.c.o
 .text.alarm_pool_irq_handler
                0x100014d0      0x2fc CMakeFiles/I2C_test.dir/home/lambrian/pico/pico-sdk/src/common/pico_time/time.c.o
 .text.runtime_init_default_alarm_pool
                0x100017cc       0xdc CMakeFiles/I2C_test.dir/home/lambrian/pico/pico-sdk/src/common/pico_time/time.c.o
                0x100017cc                runtime_init_default_alarm_pool
 .text.alarm_pool_get_default
                0x100018a8        0x8 CMakeFiles/I2C_test.dir/home/lambrian/pico/pico-sdk/src/common/pico_time/time.c.o
                0x100018a8                alarm_pool_get_default
 .text.alarm_pool_add_alarm_at
                0x100018b0       0xd4 CMakeFiles/I2C_test.dir/home/lambrian/pico/pico-sdk/src/common/pico_time/time.c.o
                0x100018b0                alarm_pool_add_alarm_at
 .text.alarm_pool_add_alarm_at_force_in_context
                0x10001984       0xb0 CMakeFiles/I2C_test.dir/home/lambrian/pico/pico-sdk/src/common/pico_time/time.c.o
                0x10001984                alarm_pool_add_alarm_at_force_in_context
 .text.alarm_pool_cancel_alarm
                0x10001a34       0x74 CMakeFiles/I2C_test.dir/home/lambrian/pico/pico-sdk/src/common/pico_time/time.c.o
                0x10001a34                alarm_pool_cancel_alarm
 .text.alarm_pool_core_num
                0x10001aa8        0x4 CMakeFiles/I2C_test.dir/home/lambrian/pico/pico-sdk/src/common/pico_time/time.c.o
                0x10001aa8                alarm_pool_core_num
 .text.sleep_until
                0x10001aac       0xd8 CMakeFiles/I2C_test.dir/home/lambrian/pico/pico-sdk/src/common/pico_time/time.c.o
                0x10001aac                sleep_until
 .text.sleep_us
                0x10001b84       0x28 CMakeFiles/I2C_test.dir/home/lambrian/pico/pico-sdk/src/common/pico_time/time.c.o
                0x10001b84                sleep_us
 .text.best_effort_wfe_or_timeout
                0x10001bac       0xf8 CMakeFiles/I2C_test.dir/home/lambrian/pico/pico-sdk/src/common/pico_time/time.c.o
                0x10001bac                best_effort_wfe_or_timeout
 .text.timer_hardware_alarm_claim
                0x10001ca4       0x14 CMakeFiles/I2C_test.dir/home/lambrian/pico/pico-sdk/src/rp2_common/hardware_timer/timer.c.o
                0x10001ca4                timer_hardware_alarm_claim
 .text.timer_time_us_64
                0x10001cb8       0x10 CMakeFiles/I2C_test.dir/home/lambrian/pico/pico-sdk/src/rp2_common/hardware_timer/timer.c.o
                0x10001cb8                timer_time_us_64
 .text.time_us_64
                0x10001cc8       0x14 CMakeFiles/I2C_test.dir/home/lambrian/pico/pico-sdk/src/rp2_common/hardware_timer/timer.c.o
                0x10001cc8                time_us_64
 .text.busy_wait_us
                0x10001cdc       0x68 CMakeFiles/I2C_test.dir/home/lambrian/pico/pico-sdk/src/rp2_common/hardware_timer/timer.c.o
                0x10001cdc                busy_wait_us
 .text.busy_wait_until
                0x10001d44       0x20 CMakeFiles/I2C_test.dir/home/lambrian/pico/pico-sdk/src/rp2_common/hardware_timer/timer.c.o
                0x10001d44                busy_wait_until
 .text.uart_init
                0x10001d64      0x120 CMakeFiles/I2C_test.dir/home/lambrian/pico/pico-sdk/src/rp2_common/hardware_uart/uart.c.o
                0x10001d64                uart_init
 .text.clock_configure_int_divider
                0x10001e84       0xf4 CMakeFiles/I2C_test.dir/home/lambrian/pico/pico-sdk/src/rp2_common/hardware_clocks/clocks.c.o
                0x10001e84                clock_configure_int_divider
 .text.clock_configure_undivided
                0x10001f78       0xe8 CMakeFiles/I2C_test.dir/home/lambrian/pico/pico-sdk/src/rp2_common/hardware_clocks/clocks.c.o
                0x10001f78                clock_configure_undivided
 .text.clock_get_hz
                0x10002060        0xc CMakeFiles/I2C_test.dir/home/lambrian/pico/pico-sdk/src/rp2_common/hardware_clocks/clocks.c.o
                0x10002060                clock_get_hz
 .text.pll_init
                0x1000206c       0xa4 CMakeFiles/I2C_test.dir/home/lambrian/pico/pico-sdk/src/rp2_common/hardware_pll/pll.c.o
                0x1000206c                pll_init
 .text.watchdog_reboot
                0x10002110       0x9c CMakeFiles/I2C_test.dir/home/lambrian/pico/pico-sdk/src/rp2_common/hardware_watchdog/watchdog.c.o
                0x10002110                watchdog_reboot
 .text.tick_start
                0x100021ac       0x10 CMakeFiles/I2C_test.dir/home/lambrian/pico/pico-sdk/src/rp2_common/hardware_ticks/ticks.c.o
                0x100021ac                tick_start
 .text.rom_func_lookup
                0x100021bc       0x10 CMakeFiles/I2C_test.dir/home/lambrian/pico/pico-sdk/src/rp2_common/pico_bootrom/bootrom.c.o
                0x100021bc                rom_func_lookup
 .text.rom_data_lookup
                0x100021cc       0x10 CMakeFiles/I2C_test.dir/home/lambrian/pico/pico-sdk/src/rp2_common/pico_bootrom/bootrom.c.o
                0x100021cc                rom_data_lookup
 .text.rom_funcs_lookup
                0x100021dc       0x44 CMakeFiles/I2C_test.dir/home/lambrian/pico/pico-sdk/src/rp2_common/pico_bootrom/bootrom.c.o
                0x100021dc                rom_funcs_lookup
 .text.rom_reset_usb_boot_extra
                0x10002220       0x28 CMakeFiles/I2C_test.dir/home/lambrian/pico/pico-sdk/src/rp2_common/pico_bootrom/bootrom.c.o
                0x10002220                rom_reset_usb_boot_extra
 .text.xosc_init
                0x10002248       0x28 CMakeFiles/I2C_test.dir/home/lambrian/pico/pico-sdk/src/rp2_common/hardware_xosc/xosc.c.o
                0x10002248                xosc_init
 .text.first_per_core_initializer
                0x10002270        0x4 CMakeFiles/I2C_test.dir/home/lambrian/pico/pico-sdk/src/rp2_common/pico_runtime/runtime.c.o
 .text.hard_assertion_failure
                0x10002274        0xc CMakeFiles/I2C_test.dir/home/lambrian/pico/pico-sdk/src/rp2_common/pico_runtime/runtime.c.o
                0x10002274                hard_assertion_failure
 .text.runtime_run_initializers
                0x10002280       0x28 CMakeFiles/I2C_test.dir/home/lambrian/pico/pico-sdk/src/rp2_common/pico_runtime/runtime.c.o
                0x10002280                runtime_run_initializers
 .text.runtime_init_early_resets
                0x100022a8       0x2c CMakeFiles/I2C_test.dir/home/lambrian/pico/pico-sdk/src/rp2_common/pico_runtime_init/runtime_init.c.o
                0x100022a8                runtime_init_early_resets
 .text.runtime_init_usb_power_down
                0x100022d4       0x1c CMakeFiles/I2C_test.dir/home/lambrian/pico/pico-sdk/src/rp2_common/pico_runtime_init/runtime_init.c.o
                0x100022d4                runtime_init_usb_power_down
 .text.runtime_init_post_clock_resets
                0x100022f0       0x20 CMakeFiles/I2C_test.dir/home/lambrian/pico/pico-sdk/src/rp2_common/pico_runtime_init/runtime_init.c.o
                0x100022f0                runtime_init_post_clock_resets
 .text.runtime_init_rp2040_gpio_ie_disable
                0x10002310       0x14 CMakeFiles/I2C_test.dir/home/lambrian/pico/pico-sdk/src/rp2_common/pico_runtime_init/runtime_init.c.o
                0x10002310                runtime_init_rp2040_gpio_ie_disable
 .text.runtime_init_spin_locks_reset
                0x10002324        0x8 CMakeFiles/I2C_test.dir/home/lambrian/pico/pico-sdk/src/rp2_common/pico_runtime_init/runtime_init.c.o
                0x10002324                runtime_init_spin_locks_reset
 .text.runtime_init_install_ram_vector_table
                0x1000232c       0xb4 CMakeFiles/I2C_test.dir/home/lambrian/pico/pico-sdk/src/rp2_common/pico_runtime_init/runtime_init.c.o
                0x1000232c                runtime_init_install_ram_vector_table
 .text.runtime_init_clocks
                0x100023e0       0xd8 CMakeFiles/I2C_test.dir/home/lambrian/pico/pico-sdk/src/rp2_common/pico_runtime_init/runtime_init_clocks.c.o
                0x100023e0                runtime_init_clocks
 .text          0x100024b8       0x10 CMakeFiles/I2C_test.dir/home/lambrian/pico/pico-sdk/src/rp2_common/pico_bit_ops/bit_ops_aeabi.S.o
 .text.__wrap___aeabi_idiv
                0x100024c8       0x50 CMakeFiles/I2C_test.dir/home/lambrian/pico/pico-sdk/src/rp2_common/pico_divider/divider_hardware.S.o
                0x100024c8                __wrap___aeabi_idivmod
                0x100024c8                divmod_s32s32
                0x100024c8                div_s32s32
                0x100024c8                __wrap___aeabi_idiv
                0x100024d0                divmod_s32s32_unsafe
                0x100024fc                divmod_s32s32_savestate
 .text.__wrap___aeabi_uidiv
                0x10002518       0x4c CMakeFiles/I2C_test.dir/home/lambrian/pico/pico-sdk/src/rp2_common/pico_divider/divider_hardware.S.o
                0x10002518                __wrap___aeabi_uidiv
                0x10002518                __wrap___aeabi_uidivmod
                0x10002518                div_u32u32
                0x10002518                divmod_u32u32
                0x10002520                divmod_u32u32_unsafe
                0x10002548                divmod_u32u32_savestate
 .text.__wrap___aeabi_ldiv
                0x10002564      0x424 CMakeFiles/I2C_test.dir/home/lambrian/pico/pico-sdk/src/rp2_common/pico_divider/divider_hardware.S.o
                0x10002564                div_s64s64
                0x10002564                divmod_s64s64
                0x10002564                __wrap___aeabi_ldivmod
                0x10002594                div_u64u64
                0x10002594                divmod_u64u64
                0x10002594                __wrap___aeabi_uldivmod
                0x100025a4                divmod_u64u64_savestate
                0x100025c4                divmod_s64s64_unsafe
                0x1000264c                divmod_u64u64_unsafe
 .text.__wrap___aeabi_darithmetic
                0x10002988       0x80 CMakeFiles/I2C_test.dir/home/lambrian/pico/pico-sdk/src/rp2_common/pico_double/double_aeabi_rp2040.S.o
                0x10002988                __wrap___aeabi_drsub
                0x1000298e                __wrap___aeabi_dsub
                0x100029a0                __wrap___aeabi_dadd
                0x100029b2                __wrap___aeabi_ddiv
                0x100029ee                __wrap___aeabi_dmul
 .text.__wrap___aeabi_cdcmple
                0x10002a08       0x6c CMakeFiles/I2C_test.dir/home/lambrian/pico/pico-sdk/src/rp2_common/pico_double/double_aeabi_rp2040.S.o
                0x10002a08                __wrap___aeabi_cdrcmple
                0x10002a18                __wrap___aeabi_cdcmple
                0x10002a18                __wrap___aeabi_cdcmpeq
 .text.__wrap___aeabi_dcmpeq
                0x10002a74       0x10 CMakeFiles/I2C_test.dir/home/lambrian/pico/pico-sdk/src/rp2_common/pico_double/double_aeabi_rp2040.S.o
                0x10002a74                __wrap___aeabi_dcmpeq
 .text.__wrap___aeabi_dcmplt
                0x10002a84        0xc CMakeFiles/I2C_test.dir/home/lambrian/pico/pico-sdk/src/rp2_common/pico_double/double_aeabi_rp2040.S.o
                0x10002a84                __wrap___aeabi_dcmplt
 .text.__wrap___aeabi_dcmple
                0x10002a90       0x10 CMakeFiles/I2C_test.dir/home/lambrian/pico/pico-sdk/src/rp2_common/pico_double/double_aeabi_rp2040.S.o
                0x10002a90                __wrap___aeabi_dcmple
 .text.__wrap___aeabi_dcmpge
                0x10002aa0       0x10 CMakeFiles/I2C_test.dir/home/lambrian/pico/pico-sdk/src/rp2_common/pico_double/double_aeabi_rp2040.S.o
                0x10002aa0                __wrap___aeabi_dcmpge
 .text.__wrap___aeabi_dcmpgt
                0x10002ab0        0xa CMakeFiles/I2C_test.dir/home/lambrian/pico/pico-sdk/src/rp2_common/pico_double/double_aeabi_rp2040.S.o
                0x10002ab0                __wrap___aeabi_dcmpgt
 .text.__wrap___aeabi_dcmpun
                0x10002aba       0x18 CMakeFiles/I2C_test.dir/home/lambrian/pico/pico-sdk/src/rp2_common/pico_double/double_aeabi_rp2040.S.o
                0x10002aba                __wrap___aeabi_dcmpun
 *fill*         0x10002ad2        0x2 
 .text.__wrap___aeabi_i2d
                0x10002ad4       0x38 CMakeFiles/I2C_test.dir/home/lambrian/pico/pico-sdk/src/rp2_common/pico_double/double_aeabi_rp2040.S.o
                0x10002ad4                __wrap___aeabi_ui2d
                0x10002ad4                uint2double
                0x10002adc                __wrap___aeabi_i2d
                0x10002adc                int2double
 .text.__wrap___aeabi_d2iz
                0x10002b0c       0x48 CMakeFiles/I2C_test.dir/home/lambrian/pico/pico-sdk/src/rp2_common/pico_double/double_aeabi_rp2040.S.o
                0x10002b0c                __wrap___aeabi_d2iz
                0x10002b0c                double2int_z
 .text.__wrap___aeabi_d2uiz
                0x10002b54       0x18 CMakeFiles/I2C_test.dir/home/lambrian/pico/pico-sdk/src/rp2_common/pico_double/double_aeabi_rp2040.S.o
                0x10002b54                double2uint_z
                0x10002b54                double2uint
                0x10002b54                __wrap___aeabi_d2uiz
 .text.__aeabi_double_init
                0x10002b6c       0xa4 CMakeFiles/I2C_test.dir/home/lambrian/pico/pico-sdk/src/rp2_common/pico_double/double_init_rom_rp2040.c.o
                0x10002b6c                __aeabi_double_init
 .text.double_table_shim_on_use_helper
                0x10002c10       0x2c CMakeFiles/I2C_test.dir/home/lambrian/pico/pico-sdk/src/rp2_common/pico_double/double_v1_rom_shim_rp2040.S.o
                0x10002c10                double_table_shim_on_use_helper
 .text.__wrap___aeabi_dsub
                0x10002c3c       0x10 CMakeFiles/I2C_test.dir/home/lambrian/pico/pico-sdk/src/rp2_common/pico_double/double_v1_rom_shim_rp2040.S.o
                0x10002c3c                drsub_shim
                0x10002c42                dsub_shim
 .text.dadd_shim
                0x10002c4c      0x15c CMakeFiles/I2C_test.dir/home/lambrian/pico/pico-sdk/src/rp2_common/pico_double/double_v1_rom_shim_rp2040.S.o
                0x10002c4c                dadd_shim
 .text.dmul_shim
                0x10002da8      0x15c CMakeFiles/I2C_test.dir/home/lambrian/pico/pico-sdk/src/rp2_common/pico_double/double_v1_rom_shim_rp2040.S.o
                0x10002da8                dmul_shim
 .text.ddiv_shim
                0x10002f04      0x1b0 CMakeFiles/I2C_test.dir/home/lambrian/pico/pico-sdk/src/rp2_common/pico_double/double_v1_rom_shim_rp2040.S.o
                0x10002f04                ddiv_shim
 .text.double2uint_shim
                0x100030b4        0xe CMakeFiles/I2C_test.dir/home/lambrian/pico/pico-sdk/src/rp2_common/pico_double/double_v1_rom_shim_rp2040.S.o
                0x100030b4                double2uint_shim
                0x100030b6                double2ufix_shim
 *fill*         0x100030c2        0x2 
 .text.double2uint64_shim
                0x100030c4       0x70 CMakeFiles/I2C_test.dir/home/lambrian/pico/pico-sdk/src/rp2_common/pico_double/double_v1_rom_shim_rp2040.S.o
                0x100030c4                double2uint64_shim
                0x100030c6                double2ufix64_shim
                0x100030e6                d2fix_a
 .text.dunpacks
                0x10003134       0x3c CMakeFiles/I2C_test.dir/home/lambrian/pico/pico-sdk/src/rp2_common/pico_double/double_v1_rom_shim_rp2040.S.o
                0x10003134                dunpacks
 .text.__aeabi_lmul
                0x10003170       0x32 CMakeFiles/I2C_test.dir/home/lambrian/pico/pico-sdk/src/rp2_common/pico_int64_ops/pico_int64_ops_aeabi.S.o
                0x10003170                __wrap___aeabi_lmul
 *fill*         0x100031a2        0x2 
 .text.__wrap___aeabi_farithmetic
                0x100031a4       0x48 CMakeFiles/I2C_test.dir/home/lambrian/pico/pico-sdk/src/rp2_common/pico_float/float_aeabi_rp2040.S.o
                0x100031a4                __wrap___aeabi_frsub
                0x100031aa                __wrap___aeabi_fsub
                0x100031b0                __wrap___aeabi_fadd
                0x100031b6                __wrap___aeabi_fdiv
                0x100031de                __wrap___aeabi_fmul
 .text.__wrap___aeabi_cfcmple
                0x100031ec       0x50 CMakeFiles/I2C_test.dir/home/lambrian/pico/pico-sdk/src/rp2_common/pico_float/float_aeabi_rp2040.S.o
                0x100031ec                __wrap___aeabi_cfrcmple
                0x100031f8                __wrap___aeabi_cfcmpeq
                0x100031f8                __wrap___aeabi_cfcmple
 .text.__wrap___aeabi_fcmpge
                0x1000323c       0x10 CMakeFiles/I2C_test.dir/home/lambrian/pico/pico-sdk/src/rp2_common/pico_float/float_aeabi_rp2040.S.o
                0x1000323c                __wrap___aeabi_fcmpge
 .text.__wrap___aeabi_ui2f
                0x1000324c        0xa CMakeFiles/I2C_test.dir/home/lambrian/pico/pico-sdk/src/rp2_common/pico_float/float_aeabi_rp2040.S.o
                0x1000324c                uint2float
                0x1000324c                __wrap___aeabi_ui2f
 *fill*         0x10003256        0x2 
 .text.__wrap___aeabi_i2f
                0x10003258       0x44 CMakeFiles/I2C_test.dir/home/lambrian/pico/pico-sdk/src/rp2_common/pico_float/float_aeabi_rp2040.S.o
                0x10003258                int2float
                0x10003258                __wrap___aeabi_i2f
 .text.__aeabi_float_init
                0x1000329c       0x64 CMakeFiles/I2C_test.dir/home/lambrian/pico/pico-sdk/src/rp2_common/pico_float/float_init_rom_rp2040.c.o
                0x1000329c                __aeabi_float_init
 .text.float_table_shim_on_use_helper
                0x10003300       0x2c CMakeFiles/I2C_test.dir/home/lambrian/pico/pico-sdk/src/rp2_common/pico_float/float_v1_rom_shim_rp2040.S.o
                0x10003300                float_table_shim_on_use_helper
 .text.__wrap_malloc
                0x1000332c       0x3c CMakeFiles/I2C_test.dir/home/lambrian/pico/pico-sdk/src/rp2_common/pico_malloc/malloc.c.o
                0x1000332c                __wrap_malloc
 .text.__wrap_calloc
                0x10003368       0x44 CMakeFiles/I2C_test.dir/home/lambrian/pico/pico-sdk/src/rp2_common/pico_malloc/malloc.c.o
                0x10003368                __wrap_calloc
 .text.__wrap_realloc
                0x100033ac       0x40 CMakeFiles/I2C_test.dir/home/lambrian/pico/pico-sdk/src/rp2_common/pico_malloc/malloc.c.o
                0x100033ac                __wrap_realloc
 .text.__wrap_free
                0x100033ec       0x20 CMakeFiles/I2C_test.dir/home/lambrian/pico/pico-sdk/src/rp2_common/pico_malloc/malloc.c.o
                0x100033ec                __wrap_free
 .text          0x1000340c       0x10 CMakeFiles/I2C_test.dir/home/lambrian/pico/pico-sdk/src/rp2_common/pico_mem_ops/mem_ops_aeabi.S.o
                0x1000340c                __aeabi_mem_init
 .text.memset   0x1000341c        0xc CMakeFiles/I2C_test.dir/home/lambrian/pico/pico-sdk/src/rp2_common/pico_mem_ops/mem_ops_aeabi.S.o
                0x1000341c                __wrap_memset
 .text.memcpy   0x10003428        0xc CMakeFiles/I2C_test.dir/home/lambrian/pico/pico-sdk/src/rp2_common/pico_mem_ops/mem_ops_aeabi.S.o
                0x10003428                __wrap___aeabi_memcpy
                0x10003428                __wrap_memcpy
 .text._out_buffer
                0x10003434        0x8 CMakeFiles/I2C_test.dir/home/lambrian/pico/pico-sdk/src/rp2_common/pico_printf/printf.c.o
 .text._out_null
                0x1000343c        0x4 CMakeFiles/I2C_test.dir/home/lambrian/pico/pico-sdk/src/rp2_common/pico_printf/printf.c.o
 .text._out_rev
                0x10003440       0xac CMakeFiles/I2C_test.dir/home/lambrian/pico/pico-sdk/src/rp2_common/pico_printf/printf.c.o
 .text._ntoa_format
                0x100034ec      0x250 CMakeFiles/I2C_test.dir/home/lambrian/pico/pico-sdk/src/rp2_common/pico_printf/printf.c.o
 .text._out_char
                0x1000373c       0x10 CMakeFiles/I2C_test.dir/home/lambrian/pico/pico-sdk/src/rp2_common/pico_printf/printf.c.o
 .text._out_fct
                0x1000374c       0x10 CMakeFiles/I2C_test.dir/home/lambrian/pico/pico-sdk/src/rp2_common/pico_printf/printf.c.o
 .text._etoa    0x1000375c      0x464 CMakeFiles/I2C_test.dir/home/lambrian/pico/pico-sdk/src/rp2_common/pico_printf/printf.c.o
 .text._ftoa    0x10003bc0      0x3c0 CMakeFiles/I2C_test.dir/home/lambrian/pico/pico-sdk/src/rp2_common/pico_printf/printf.c.o
 .text._vsnprintf
                0x10003f80      0xbc8 CMakeFiles/I2C_test.dir/home/lambrian/pico/pico-sdk/src/rp2_common/pico_printf/printf.c.o
 .text.__wrap_snprintf
                0x10004b48       0x28 CMakeFiles/I2C_test.dir/home/lambrian/pico/pico-sdk/src/rp2_common/pico_printf/printf.c.o
                0x10004b48                __wrap_snprintf
 .text.vfctprintf
                0x10004b70       0x20 CMakeFiles/I2C_test.dir/home/lambrian/pico/pico-sdk/src/rp2_common/pico_printf/printf.c.o
                0x10004b70                vfctprintf
 .text.weak_raw_printf
                0x10004b90       0x40 CMakeFiles/I2C_test.dir/home/lambrian/pico/pico-sdk/src/rp2_common/pico_printf/printf.c.o
                0x10004b90                weak_raw_printf
 .text.weak_raw_vprintf
                0x10004bd0       0x30 CMakeFiles/I2C_test.dir/home/lambrian/pico/pico-sdk/src/rp2_common/pico_printf/printf.c.o
                0x10004bd0                weak_raw_vprintf
 .text._exit    0x10004c00        0x4 CMakeFiles/I2C_test.dir/home/lambrian/pico/pico-sdk/src/rp2_common/pico_clib_interface/newlib_interface.c.o
                0x10004c00                _exit
 .text._sbrk    0x10004c04       0x34 CMakeFiles/I2C_test.dir/home/lambrian/pico/pico-sdk/src/rp2_common/pico_clib_interface/newlib_interface.c.o
                0x10004c04                _sbrk
 .text._read    0x10004c38       0x24 CMakeFiles/I2C_test.dir/home/lambrian/pico/pico-sdk/src/rp2_common/pico_clib_interface/newlib_interface.c.o
                0x10004c38                _read
 .text._write   0x10004c5c       0x24 CMakeFiles/I2C_test.dir/home/lambrian/pico/pico-sdk/src/rp2_common/pico_clib_interface/newlib_interface.c.o
                0x10004c5c                _write
 .text._close   0x10004c80        0x8 CMakeFiles/I2C_test.dir/home/lambrian/pico/pico-sdk/src/rp2_common/pico_clib_interface/newlib_interface.c.o
                0x10004c80                _close
 .text._lseek   0x10004c88        0x8 CMakeFiles/I2C_test.dir/home/lambrian/pico/pico-sdk/src/rp2_common/pico_clib_interface/newlib_interface.c.o
                0x10004c88                _lseek
 .text._fstat   0x10004c90        0x8 CMakeFiles/I2C_test.dir/home/lambrian/pico/pico-sdk/src/rp2_common/pico_clib_interface/newlib_interface.c.o
                0x10004c90                _fstat
 .text._isatty  0x10004c98        0xc CMakeFiles/I2C_test.dir/home/lambrian/pico/pico-sdk/src/rp2_common/pico_clib_interface/newlib_interface.c.o
                0x10004c98                _isatty
 .text.exit     0x10004ca4        0x8 CMakeFiles/I2C_test.dir/home/lambrian/pico/pico-sdk/src/rp2_common/pico_clib_interface/newlib_interface.c.o
                0x10004ca4                exit
 .text.__assert_func
                0x10004cac       0x38 CMakeFiles/I2C_test.dir/home/lambrian/pico/pico-sdk/src/rp2_common/pico_clib_interface/newlib_interface.c.o
                0x10004cac                __assert_func
 .text.runtime_init
                0x10004ce4       0x2c CMakeFiles/I2C_test.dir/home/lambrian/pico/pico-sdk/src/rp2_common/pico_clib_interface/newlib_interface.c.o
                0x10004ce4                runtime_init
 .text.stdio_out_chars_no_crlf
                0x10004d10       0x10 CMakeFiles/I2C_test.dir/home/lambrian/pico/pico-sdk/src/rp2_common/pico_stdio/stdio.c.o
 .text.stdio_out_chars_crlf
                0x10004d20       0x94 CMakeFiles/I2C_test.dir/home/lambrian/pico/pico-sdk/src/rp2_common/pico_stdio/stdio.c.o
 .text.stdio_buffered_printer
                0x10004db4       0x64 CMakeFiles/I2C_test.dir/home/lambrian/pico/pico-sdk/src/rp2_common/pico_stdio/stdio.c.o
 .text.stdio_put_string
                0x10004e18      0x100 CMakeFiles/I2C_test.dir/home/lambrian/pico/pico-sdk/src/rp2_common/pico_stdio/stdio.c.o
                0x10004e18                stdio_put_string
 .text.stdio_get_until
                0x10004f18       0x84 CMakeFiles/I2C_test.dir/home/lambrian/pico/pico-sdk/src/rp2_common/pico_stdio/stdio.c.o
                0x10004f18                stdio_get_until
 .text.stdio_set_driver_enabled
                0x10004f9c       0x30 CMakeFiles/I2C_test.dir/home/lambrian/pico/pico-sdk/src/rp2_common/pico_stdio/stdio.c.o
                0x10004f9c                stdio_set_driver_enabled
 .text.stdio_init_all
                0x10004fcc       0x10 CMakeFiles/I2C_test.dir/home/lambrian/pico/pico-sdk/src/rp2_common/pico_stdio/stdio.c.o
                0x10004fcc                stdio_init_all
 .text.__wrap_putchar
                0x10004fdc       0x98 CMakeFiles/I2C_test.dir/home/lambrian/pico/pico-sdk/src/rp2_common/pico_stdio/stdio.c.o
                0x10004fdc                stdio_putchar
                0x10004fdc                __wrap_putchar
 .text.__wrap_puts
                0x10005074       0x3c CMakeFiles/I2C_test.dir/home/lambrian/pico/pico-sdk/src/rp2_common/pico_stdio/stdio.c.o
                0x10005074                __wrap_puts
                0x10005074                stdio_puts
 .text.__wrap_vprintf
                0x100050b0       0xd4 CMakeFiles/I2C_test.dir/home/lambrian/pico/pico-sdk/src/rp2_common/pico_stdio/stdio.c.o
                0x100050b0                __wrap_vprintf
                0x100050b0                stdio_vprintf
 .text.__wrap_printf
                0x10005184       0x18 CMakeFiles/I2C_test.dir/home/lambrian/pico/pico-sdk/src/rp2_common/pico_stdio/stdio.c.o
                0x10005184                stdio_printf
                0x10005184                __wrap_printf
 .text.stdio_uart_out_chars
                0x1000519c       0x4c CMakeFiles/I2C_test.dir/home/lambrian/pico/pico-sdk/src/rp2_common/pico_stdio_uart/stdio_uart.c.o
 .text.stdio_uart_in_chars
                0x100051e8       0x90 CMakeFiles/I2C_test.dir/home/lambrian/pico/pico-sdk/src/rp2_common/pico_stdio_uart/stdio_uart.c.o
                0x100051e8                stdio_uart_in_chars
 .text.on_uart_rx
                0x10005278       0x28 CMakeFiles/I2C_test.dir/home/lambrian/pico/pico-sdk/src/rp2_common/pico_stdio_uart/stdio_uart.c.o
 .text.stdio_uart_out_flush
                0x100052a0       0x14 CMakeFiles/I2C_test.dir/home/lambrian/pico/pico-sdk/src/rp2_common/pico_stdio_uart/stdio_uart.c.o
 .text.stdio_uart_set_chars_available_callback
                0x100052b4       0x84 CMakeFiles/I2C_test.dir/home/lambrian/pico/pico-sdk/src/rp2_common/pico_stdio_uart/stdio_uart.c.o
 .text.stdio_uart_init
                0x10005338       0x50 CMakeFiles/I2C_test.dir/home/lambrian/pico/pico-sdk/src/rp2_common/pico_stdio_uart/stdio_uart.c.o
                0x10005338                stdio_uart_init
 .text.resetd_init
                0x10005388        0x4 CMakeFiles/I2C_test.dir/home/lambrian/pico/pico-sdk/src/rp2_common/pico_stdio_usb/reset_interface.c.o
 .text.resetd_reset
                0x1000538c        0xc CMakeFiles/I2C_test.dir/home/lambrian/pico/pico-sdk/src/rp2_common/pico_stdio_usb/reset_interface.c.o
 .text.resetd_open
                0x10005398       0x28 CMakeFiles/I2C_test.dir/home/lambrian/pico/pico-sdk/src/rp2_common/pico_stdio_usb/reset_interface.c.o
 .text.resetd_xfer_cb
                0x100053c0        0x4 CMakeFiles/I2C_test.dir/home/lambrian/pico/pico-sdk/src/rp2_common/pico_stdio_usb/reset_interface.c.o
 .text.resetd_control_xfer_cb
                0x100053c4       0x5c CMakeFiles/I2C_test.dir/home/lambrian/pico/pico-sdk/src/rp2_common/pico_stdio_usb/reset_interface.c.o
 .text.tud_descriptor_bos_cb
                0x10005420        0x8 CMakeFiles/I2C_test.dir/home/lambrian/pico/pico-sdk/src/rp2_common/pico_stdio_usb/reset_interface.c.o
                0x10005420                tud_descriptor_bos_cb
 .text.tud_vendor_control_xfer_cb
                0x10005428       0x34 CMakeFiles/I2C_test.dir/home/lambrian/pico/pico-sdk/src/rp2_common/pico_stdio_usb/reset_interface.c.o
                0x10005428                tud_vendor_control_xfer_cb
 .text.usbd_app_driver_get_cb
                0x1000545c        0xc CMakeFiles/I2C_test.dir/home/lambrian/pico/pico-sdk/src/rp2_common/pico_stdio_usb/reset_interface.c.o
                0x1000545c                usbd_app_driver_get_cb
 .text.tud_cdc_line_coding_cb
                0x10005468       0x2c CMakeFiles/I2C_test.dir/home/lambrian/pico/pico-sdk/src/rp2_common/pico_stdio_usb/reset_interface.c.o
                0x10005468                tud_cdc_line_coding_cb
 .text.stdio_usb_set_chars_available_callback
                0x10005494       0x14 CMakeFiles/I2C_test.dir/home/lambrian/pico/pico-sdk/src/rp2_common/pico_stdio_usb/stdio_usb.c.o
                0x10005494                stdio_usb_set_chars_available_callback
 .text.usb_irq  0x100054a8       0x10 CMakeFiles/I2C_test.dir/home/lambrian/pico/pico-sdk/src/rp2_common/pico_stdio_usb/stdio_usb.c.o
 .text.timer_task
                0x100054b8       0x64 CMakeFiles/I2C_test.dir/home/lambrian/pico/pico-sdk/src/rp2_common/pico_stdio_usb/stdio_usb.c.o
 .text.stdio_usb_in_chars
                0x1000551c       0x90 CMakeFiles/I2C_test.dir/home/lambrian/pico/pico-sdk/src/rp2_common/pico_stdio_usb/stdio_usb.c.o
                0x1000551c                stdio_usb_in_chars
 .text.stdio_usb_out_flush
                0x100055ac       0x50 CMakeFiles/I2C_test.dir/home/lambrian/pico/pico-sdk/src/rp2_common/pico_stdio_usb/stdio_usb.c.o
 .text.stdio_usb_out_chars
                0x100055fc      0x104 CMakeFiles/I2C_test.dir/home/lambrian/pico/pico-sdk/src/rp2_common/pico_stdio_usb/stdio_usb.c.o
 .text.low_priority_worker_irq
                0x10005700       0xcc CMakeFiles/I2C_test.dir/home/lambrian/pico/pico-sdk/src/rp2_common/pico_stdio_usb/stdio_usb.c.o
 .text.stdio_usb_init
                0x100057cc       0xec CMakeFiles/I2C_test.dir/home/lambrian/pico/pico-sdk/src/rp2_common/pico_stdio_usb/stdio_usb.c.o
                0x100057cc                stdio_usb_init
 .text.tud_descriptor_device_cb
                0x100058b8        0x8 CMakeFiles/I2C_test.dir/home/lambrian/pico/pico-sdk/src/rp2_common/pico_stdio_usb/stdio_usb_descriptors.c.o
                0x100058b8                tud_descriptor_device_cb
 .text.tud_descriptor_configuration_cb
                0x100058c0        0x8 CMakeFiles/I2C_test.dir/home/lambrian/pico/pico-sdk/src/rp2_common/pico_stdio_usb/stdio_usb_descriptors.c.o
                0x100058c0                tud_descriptor_configuration_cb
 .text.tud_descriptor_string_cb
                0x100058c8       0x78 CMakeFiles/I2C_test.dir/home/lambrian/pico/pico-sdk/src/rp2_common/pico_stdio_usb/stdio_usb_descriptors.c.o
                0x100058c8                tud_descriptor_string_cb
 .text.startup._retrieve_unique_id_on_boot
                0x10005940       0x10 CMakeFiles/I2C_test.dir/home/lambrian/pico/pico-sdk/src/rp2_common/pico_unique_id/unique_id.c.o
 .text.pico_get_unique_board_id_string
                0x10005950      0x1a8 CMakeFiles/I2C_test.dir/home/lambrian/pico/pico-sdk/src/rp2_common/pico_unique_id/unique_id.c.o
                0x10005950                pico_get_unique_board_id_string
 .text.flash_get_unique_id
                0x10005af8       0x3c CMakeFiles/I2C_test.dir/home/lambrian/pico/pico-sdk/src/rp2_common/hardware_flash/flash.c.o
                0x10005af8                flash_get_unique_id
 .text.dcd_init
                0x10005b34       0x90 CMakeFiles/I2C_test.dir/home/lambrian/pico/pico-sdk/lib/tinyusb/src/portable/raspberrypi/rp2040/dcd_rp2040.c.o
                0x10005b34                dcd_init
 .text.dcd_int_enable
                0x10005bc4        0xc CMakeFiles/I2C_test.dir/home/lambrian/pico/pico-sdk/lib/tinyusb/src/portable/raspberrypi/rp2040/dcd_rp2040.c.o
                0x10005bc4                dcd_int_enable
 .text.dcd_set_address
                0x10005bd0       0x14 CMakeFiles/I2C_test.dir/home/lambrian/pico/pico-sdk/lib/tinyusb/src/portable/raspberrypi/rp2040/dcd_rp2040.c.o
                0x10005bd0                dcd_set_address
 .text.dcd_sof_enable
                0x10005be4       0x1c CMakeFiles/I2C_test.dir/home/lambrian/pico/pico-sdk/lib/tinyusb/src/portable/raspberrypi/rp2040/dcd_rp2040.c.o
                0x10005be4                dcd_sof_enable
 .text.dcd_edpt0_status_complete
                0x10005c00       0x1c CMakeFiles/I2C_test.dir/home/lambrian/pico/pico-sdk/lib/tinyusb/src/portable/raspberrypi/rp2040/dcd_rp2040.c.o
                0x10005c00                dcd_edpt0_status_complete
 .text.dcd_edpt_open
                0x10005c1c      0x114 CMakeFiles/I2C_test.dir/home/lambrian/pico/pico-sdk/lib/tinyusb/src/portable/raspberrypi/rp2040/dcd_rp2040.c.o
                0x10005c1c                dcd_edpt_open
 .text.dcd_edpt_close_all
                0x10005d30        0x8 CMakeFiles/I2C_test.dir/home/lambrian/pico/pico-sdk/lib/tinyusb/src/portable/raspberrypi/rp2040/dcd_rp2040.c.o
                0x10005d30                dcd_edpt_close_all
 .text.dcd_edpt_xfer
                0x10005d38       0x24 CMakeFiles/I2C_test.dir/home/lambrian/pico/pico-sdk/lib/tinyusb/src/portable/raspberrypi/rp2040/dcd_rp2040.c.o
                0x10005d38                dcd_edpt_xfer
 .text.dcd_edpt_stall
                0x10005d5c       0x34 CMakeFiles/I2C_test.dir/home/lambrian/pico/pico-sdk/lib/tinyusb/src/portable/raspberrypi/rp2040/dcd_rp2040.c.o
                0x10005d5c                dcd_edpt_stall
 .text.dcd_edpt_clear_stall
                0x10005d90       0x30 CMakeFiles/I2C_test.dir/home/lambrian/pico/pico-sdk/lib/tinyusb/src/portable/raspberrypi/rp2040/dcd_rp2040.c.o
                0x10005d90                dcd_edpt_clear_stall
 .text.rp2040_usb_init
                0x10005dc0       0x40 CMakeFiles/I2C_test.dir/home/lambrian/pico/pico-sdk/lib/tinyusb/src/portable/raspberrypi/rp2040/rp2040_usb.c.o
                0x10005dc0                rp2040_usb_init
 .text.hw_endpoint_xfer_start
                0x10005e00       0x40 CMakeFiles/I2C_test.dir/home/lambrian/pico/pico-sdk/lib/tinyusb/src/portable/raspberrypi/rp2040/rp2040_usb.c.o
                0x10005e00                hw_endpoint_xfer_start
 .text.tud_event_hook_cb
                0x10005e40        0x4 CMakeFiles/I2C_test.dir/home/lambrian/pico/pico-sdk/lib/tinyusb/src/device/usbd.c.o
                0x10005e40                tud_event_hook_cb
 .text.tud_sof_cb
                0x10005e44        0x4 CMakeFiles/I2C_test.dir/home/lambrian/pico/pico-sdk/lib/tinyusb/src/device/usbd.c.o
                0x10005e44                tud_sof_cb
 .text.tud_descriptor_device_qualifier_cb
                0x10005e48        0x4 CMakeFiles/I2C_test.dir/home/lambrian/pico/pico-sdk/lib/tinyusb/src/device/usbd.c.o
                0x10005e48                tud_descriptor_device_qualifier_cb
 .text.tud_descriptor_other_speed_configuration_cb
                0x10005e4c        0x4 CMakeFiles/I2C_test.dir/home/lambrian/pico/pico-sdk/lib/tinyusb/src/device/usbd.c.o
                0x10005e4c                tud_descriptor_other_speed_configuration_cb
 .text.tud_mount_cb
                0x10005e50        0x4 CMakeFiles/I2C_test.dir/home/lambrian/pico/pico-sdk/lib/tinyusb/src/device/usbd.c.o
                0x10005e50                tud_mount_cb
 .text.tud_umount_cb
                0x10005e54        0x4 CMakeFiles/I2C_test.dir/home/lambrian/pico/pico-sdk/lib/tinyusb/src/device/usbd.c.o
                0x10005e54                tud_umount_cb
 .text.tud_suspend_cb
                0x10005e58        0x4 CMakeFiles/I2C_test.dir/home/lambrian/pico/pico-sdk/lib/tinyusb/src/device/usbd.c.o
                0x10005e58                tud_suspend_cb
 .text.tud_resume_cb
                0x10005e5c        0x4 CMakeFiles/I2C_test.dir/home/lambrian/pico/pico-sdk/lib/tinyusb/src/device/usbd.c.o
                0x10005e5c                tud_resume_cb
 .text.tud_mounted
                0x10005e60       0x10 CMakeFiles/I2C_test.dir/home/lambrian/pico/pico-sdk/lib/tinyusb/src/device/usbd.c.o
                0x10005e60                tud_mounted
 .text.tud_suspended
                0x10005e70       0x10 CMakeFiles/I2C_test.dir/home/lambrian/pico/pico-sdk/lib/tinyusb/src/device/usbd.c.o
                0x10005e70                tud_suspended
 .text.tud_rhport_init
                0x10005e80       0xfc CMakeFiles/I2C_test.dir/home/lambrian/pico/pico-sdk/lib/tinyusb/src/device/usbd.c.o
                0x10005e80                tud_rhport_init
 .text.tud_task_ext
                0x10005f7c      0x800 CMakeFiles/I2C_test.dir/home/lambrian/pico/pico-sdk/lib/tinyusb/src/device/usbd.c.o
                0x10005f7c                tud_task_ext
 .text.usbd_open_edpt_pair
                0x1000677c       0x9c CMakeFiles/I2C_test.dir/home/lambrian/pico/pico-sdk/lib/tinyusb/src/device/usbd.c.o
                0x1000677c                usbd_open_edpt_pair
 .text.usbd_edpt_open
                0x10006818       0x34 CMakeFiles/I2C_test.dir/home/lambrian/pico/pico-sdk/lib/tinyusb/src/device/usbd.c.o
                0x10006818                usbd_edpt_open
 .text.usbd_edpt_claim
                0x1000684c       0x28 CMakeFiles/I2C_test.dir/home/lambrian/pico/pico-sdk/lib/tinyusb/src/device/usbd.c.o
                0x1000684c                usbd_edpt_claim
 .text.usbd_edpt_release
                0x10006874       0x28 CMakeFiles/I2C_test.dir/home/lambrian/pico/pico-sdk/lib/tinyusb/src/device/usbd.c.o
                0x10006874                usbd_edpt_release
 .text.usbd_edpt_xfer
                0x1000689c       0x4c CMakeFiles/I2C_test.dir/home/lambrian/pico/pico-sdk/lib/tinyusb/src/device/usbd.c.o
                0x1000689c                usbd_edpt_xfer
 .text.tud_control_status
                0x100068e8       0x2c CMakeFiles/I2C_test.dir/home/lambrian/pico/pico-sdk/lib/tinyusb/src/device/usbd_control.c.o
                0x100068e8                tud_control_status
 .text.tud_control_xfer
                0x10006914       0xac CMakeFiles/I2C_test.dir/home/lambrian/pico/pico-sdk/lib/tinyusb/src/device/usbd_control.c.o
                0x10006914                tud_control_xfer
 .text.usbd_control_reset
                0x100069c0       0x14 CMakeFiles/I2C_test.dir/home/lambrian/pico/pico-sdk/lib/tinyusb/src/device/usbd_control.c.o
                0x100069c0                usbd_control_reset
 .text.usbd_control_set_complete_callback
                0x100069d4        0xc CMakeFiles/I2C_test.dir/home/lambrian/pico/pico-sdk/lib/tinyusb/src/device/usbd_control.c.o
                0x100069d4                usbd_control_set_complete_callback
 .text.usbd_control_set_request
                0x100069e0       0x1c CMakeFiles/I2C_test.dir/home/lambrian/pico/pico-sdk/lib/tinyusb/src/device/usbd_control.c.o
                0x100069e0                usbd_control_set_request
 .text.usbd_control_xfer_cb
                0x100069fc       0xec CMakeFiles/I2C_test.dir/home/lambrian/pico/pico-sdk/lib/tinyusb/src/device/usbd_control.c.o
                0x100069fc                usbd_control_xfer_cb
 .text._prep_out_transaction.isra.0
                0x10006ae8       0x6c CMakeFiles/I2C_test.dir/home/lambrian/pico/pico-sdk/lib/tinyusb/src/class/cdc/cdc_device.c.o
 .text.tud_cdc_n_connected
                0x10006b54       0x2c CMakeFiles/I2C_test.dir/home/lambrian/pico/pico-sdk/lib/tinyusb/src/class/cdc/cdc_device.c.o
                0x10006b54                tud_cdc_n_connected
 .text.tud_cdc_n_available
                0x10006b80       0x14 CMakeFiles/I2C_test.dir/home/lambrian/pico/pico-sdk/lib/tinyusb/src/class/cdc/cdc_device.c.o
                0x10006b80                tud_cdc_n_available
 .text.tud_cdc_n_read
                0x10006b94       0x94 CMakeFiles/I2C_test.dir/home/lambrian/pico/pico-sdk/lib/tinyusb/src/class/cdc/cdc_device.c.o
                0x10006b94                tud_cdc_n_read
 .text.tud_cdc_n_write_flush
                0x10006c28       0x74 CMakeFiles/I2C_test.dir/home/lambrian/pico/pico-sdk/lib/tinyusb/src/class/cdc/cdc_device.c.o
                0x10006c28                tud_cdc_n_write_flush
 .text.tud_cdc_n_write
                0x10006c9c       0x40 CMakeFiles/I2C_test.dir/home/lambrian/pico/pico-sdk/lib/tinyusb/src/class/cdc/cdc_device.c.o
                0x10006c9c                tud_cdc_n_write
 .text.tud_cdc_n_write_available
                0x10006cdc       0x14 CMakeFiles/I2C_test.dir/home/lambrian/pico/pico-sdk/lib/tinyusb/src/class/cdc/cdc_device.c.o
                0x10006cdc                tud_cdc_n_write_available
 .text.cdcd_init
                0x10006cf0       0x70 CMakeFiles/I2C_test.dir/home/lambrian/pico/pico-sdk/lib/tinyusb/src/class/cdc/cdc_device.c.o
                0x10006cf0                cdcd_init
 .text.cdcd_deinit
                0x10006d60       0x34 CMakeFiles/I2C_test.dir/home/lambrian/pico/pico-sdk/lib/tinyusb/src/class/cdc/cdc_device.c.o
                0x10006d60                cdcd_deinit
 .text.cdcd_reset
                0x10006d94       0x4c CMakeFiles/I2C_test.dir/home/lambrian/pico/pico-sdk/lib/tinyusb/src/class/cdc/cdc_device.c.o
                0x10006d94                cdcd_reset
 .text.cdcd_open
                0x10006de0       0xa8 CMakeFiles/I2C_test.dir/home/lambrian/pico/pico-sdk/lib/tinyusb/src/class/cdc/cdc_device.c.o
                0x10006de0                cdcd_open
 .text.cdcd_control_xfer_cb
                0x10006e88       0xe8 CMakeFiles/I2C_test.dir/home/lambrian/pico/pico-sdk/lib/tinyusb/src/class/cdc/cdc_device.c.o
                0x10006e88                cdcd_control_xfer_cb
 .text.cdcd_xfer_cb
                0x10006f70      0x100 CMakeFiles/I2C_test.dir/home/lambrian/pico/pico-sdk/lib/tinyusb/src/class/cdc/cdc_device.c.o
                0x10006f70                cdcd_xfer_cb
 .text.vendord_init
                0x10007070       0x5c CMakeFiles/I2C_test.dir/home/lambrian/pico/pico-sdk/lib/tinyusb/src/class/vendor/vendor_device.c.o
                0x10007070                vendord_init
 .text.vendord_deinit
                0x100070cc       0x1c CMakeFiles/I2C_test.dir/home/lambrian/pico/pico-sdk/lib/tinyusb/src/class/vendor/vendor_device.c.o
                0x100070cc                vendord_deinit
 .text.vendord_reset
                0x100070e8       0x28 CMakeFiles/I2C_test.dir/home/lambrian/pico/pico-sdk/lib/tinyusb/src/class/vendor/vendor_device.c.o
                0x100070e8                vendord_reset
 .text.vendord_open
                0x10007110      0x128 CMakeFiles/I2C_test.dir/home/lambrian/pico/pico-sdk/lib/tinyusb/src/class/vendor/vendor_device.c.o
                0x10007110                vendord_open
 .text.vendord_xfer_cb
                0x10007238       0x9c CMakeFiles/I2C_test.dir/home/lambrian/pico/pico-sdk/lib/tinyusb/src/class/vendor/vendor_device.c.o
                0x10007238                vendord_xfer_cb
 .text.tusb_rhport_init
                0x100072d4       0x48 CMakeFiles/I2C_test.dir/home/lambrian/pico/pico-sdk/lib/tinyusb/src/tusb.c.o
                0x100072d4                tusb_rhport_init
 .text.tu_edpt_claim
                0x1000731c       0x50 CMakeFiles/I2C_test.dir/home/lambrian/pico/pico-sdk/lib/tinyusb/src/tusb.c.o
                0x1000731c                tu_edpt_claim
 .text.tu_edpt_release
                0x1000736c       0x38 CMakeFiles/I2C_test.dir/home/lambrian/pico/pico-sdk/lib/tinyusb/src/tusb.c.o
                0x1000736c                tu_edpt_release
 .text.tu_edpt_validate
                0x100073a4       0x7c CMakeFiles/I2C_test.dir/home/lambrian/pico/pico-sdk/lib/tinyusb/src/tusb.c.o
                0x100073a4                tu_edpt_validate
 .text.tu_edpt_bind_driver
                0x10007420       0x34 CMakeFiles/I2C_test.dir/home/lambrian/pico/pico-sdk/lib/tinyusb/src/tusb.c.o
                0x10007420                tu_edpt_bind_driver
 .text.tu_edpt_stream_init
                0x10007454       0x6c CMakeFiles/I2C_test.dir/home/lambrian/pico/pico-sdk/lib/tinyusb/src/tusb.c.o
                0x10007454                tu_edpt_stream_init
 .text.tu_edpt_stream_deinit
                0x100074c0        0x4 CMakeFiles/I2C_test.dir/home/lambrian/pico/pico-sdk/lib/tinyusb/src/tusb.c.o
                0x100074c0                tu_edpt_stream_deinit
 .text.tu_edpt_stream_write_zlp_if_needed
                0x100074c4       0x68 CMakeFiles/I2C_test.dir/home/lambrian/pico/pico-sdk/lib/tinyusb/src/tusb.c.o
                0x100074c4                tu_edpt_stream_write_zlp_if_needed
 .text.tu_edpt_stream_write_xfer
                0x1000752c       0x64 CMakeFiles/I2C_test.dir/home/lambrian/pico/pico-sdk/lib/tinyusb/src/tusb.c.o
                0x1000752c                tu_edpt_stream_write_xfer
 .text.tu_edpt_stream_read_xfer
                0x10007590       0xdc CMakeFiles/I2C_test.dir/home/lambrian/pico/pico-sdk/lib/tinyusb/src/tusb.c.o
                0x10007590                tu_edpt_stream_read_xfer
 .text.tu_fifo_config
                0x1000766c       0x6c CMakeFiles/I2C_test.dir/home/lambrian/pico/pico-sdk/lib/tinyusb/src/common/tusb_fifo.c.o
                0x1000766c                tu_fifo_config
 .text.tu_fifo_count
                0x100076d8       0x2c CMakeFiles/I2C_test.dir/home/lambrian/pico/pico-sdk/lib/tinyusb/src/common/tusb_fifo.c.o
                0x100076d8                tu_fifo_count
 .text.tu_fifo_empty
                0x10007704       0x10 CMakeFiles/I2C_test.dir/home/lambrian/pico/pico-sdk/lib/tinyusb/src/common/tusb_fifo.c.o
                0x10007704                tu_fifo_empty
 .text.tu_fifo_remaining
                0x10007714       0x2c CMakeFiles/I2C_test.dir/home/lambrian/pico/pico-sdk/lib/tinyusb/src/common/tusb_fifo.c.o
                0x10007714                tu_fifo_remaining
 .text.tu_fifo_read
                0x10007740       0x9c CMakeFiles/I2C_test.dir/home/lambrian/pico/pico-sdk/lib/tinyusb/src/common/tusb_fifo.c.o
                0x10007740                tu_fifo_read
 .text.tu_fifo_read_n
                0x100077dc       0xe8 CMakeFiles/I2C_test.dir/home/lambrian/pico/pico-sdk/lib/tinyusb/src/common/tusb_fifo.c.o
                0x100077dc                tu_fifo_read_n
 .text.tu_fifo_write
                0x100078c4       0xa8 CMakeFiles/I2C_test.dir/home/lambrian/pico/pico-sdk/lib/tinyusb/src/common/tusb_fifo.c.o
                0x100078c4                tu_fifo_write
 .text.tu_fifo_write_n
                0x1000796c      0x178 CMakeFiles/I2C_test.dir/home/lambrian/pico/pico-sdk/lib/tinyusb/src/common/tusb_fifo.c.o
                0x1000796c                tu_fifo_write_n
 .text.tu_fifo_clear
                0x10007ae4       0x40 CMakeFiles/I2C_test.dir/home/lambrian/pico/pico-sdk/lib/tinyusb/src/common/tusb_fifo.c.o
                0x10007ae4                tu_fifo_clear
 .text.tu_fifo_set_overwritable
                0x10007b24       0x48 CMakeFiles/I2C_test.dir/home/lambrian/pico/pico-sdk/lib/tinyusb/src/common/tusb_fifo.c.o
                0x10007b24                tu_fifo_set_overwritable
 .text.spi_init
                0x10007b6c      0x13c CMakeFiles/I2C_test.dir/home/lambrian/pico/pico-sdk/src/rp2_common/hardware_spi/spi.c.o
                0x10007b6c                spi_init
 .text.i2c_set_baudrate
                0x10007ca8       0xc0 CMakeFiles/I2C_test.dir/home/lambrian/pico/pico-sdk/src/rp2_common/hardware_i2c/i2c.c.o
                0x10007ca8                i2c_set_baudrate
 .text.i2c_init
                0x10007d68       0x50 CMakeFiles/I2C_test.dir/home/lambrian/pico/pico-sdk/src/rp2_common/hardware_i2c/i2c.c.o
                0x10007d68                i2c_init
 .text.i2c_set_slave_mode
                0x10007db8       0x40 CMakeFiles/I2C_test.dir/home/lambrian/pico/pico-sdk/src/rp2_common/hardware_i2c/i2c.c.o
                0x10007db8                i2c_set_slave_mode
 .text.lf_time_add
                0x10007df8       0x90 core/libreactor-c.a(tag.c.o)
                0x10007df8                lf_time_add
 .text.lf_tag_compare
                0x10007e88       0x38 core/libreactor-c.a(tag.c.o)
                0x10007e88                lf_tag_compare
 .text.lf_delay_tag
                0x10007ec0       0x9c core/libreactor-c.a(tag.c.o)
                0x10007ec0                lf_delay_tag
 .text.lf_time_logical
                0x10007f5c        0x8 core/libreactor-c.a(tag.c.o)
                0x10007f5c                lf_time_logical
 .text.lf_time_logical_elapsed
                0x10007f64       0x14 core/libreactor-c.a(tag.c.o)
                0x10007f64                lf_time_logical_elapsed
 .text.lf_time_physical
                0x10007f78       0x14 core/libreactor-c.a(tag.c.o)
                0x10007f78                lf_time_physical
 .text.lf_time_physical_elapsed
                0x10007f8c       0x20 core/libreactor-c.a(tag.c.o)
                0x10007f8c                lf_time_physical_elapsed
 .text.lf_comma_separated_time
                0x10007fac      0x274 core/libreactor-c.a(tag.c.o)
                0x10007fac                lf_comma_separated_time
 .text.lf_clock_gettime
                0x10008220       0x78 core/libreactor-c.a(clock.c.o)
                0x10008220                lf_clock_gettime
 .text.lf_clock_interruptable_sleep_until_locked
                0x10008298        0x8 core/libreactor-c.a(clock.c.o)
                0x10008298                lf_clock_interruptable_sleep_until_locked
 .text.lf_allocate
                0x100082a0       0x3c core/libreactor-c.a(reactor_common.c.o)
                0x100082a0                lf_allocate
 .text.lf_new_reactor
                0x100082dc       0x40 core/libreactor-c.a(reactor_common.c.o)
                0x100082dc                lf_new_reactor
 .text.lf_set_stop_tag
                0x1000831c       0x3c core/libreactor-c.a(reactor_common.c.o)
                0x1000831c                lf_set_stop_tag
 .text._lf_start_time_step
                0x10008358       0x70 core/libreactor-c.a(reactor_common.c.o)
                0x10008358                _lf_start_time_step
 .text.lf_is_tag_after_stop_tag
                0x100083c8       0x30 core/libreactor-c.a(reactor_common.c.o)
                0x100083c8                lf_is_tag_after_stop_tag
 .text._lf_pop_events
                0x100083f8      0x10c core/libreactor-c.a(reactor_common.c.o)
                0x100083f8                _lf_pop_events
 .text.lf_get_new_event
                0x10008504       0x28 core/libreactor-c.a(reactor_common.c.o)
                0x10008504                lf_get_new_event
 .text._lf_initialize_timer
                0x1000852c       0xc0 core/libreactor-c.a(reactor_common.c.o)
                0x1000852c                _lf_initialize_timer
 .text._lf_initialize_timers
                0x100085ec       0x7c core/libreactor-c.a(reactor_common.c.o)
                0x100085ec                _lf_initialize_timers
 .text._lf_trigger_startup_reactions
                0x10008668       0x40 core/libreactor-c.a(reactor_common.c.o)
                0x10008668                _lf_trigger_startup_reactions
 .text._lf_trigger_shutdown_reactions
                0x100086a8       0x40 core/libreactor-c.a(reactor_common.c.o)
                0x100086a8                _lf_trigger_shutdown_reactions
 .text.lf_recycle_event
                0x100086e8       0x1c core/libreactor-c.a(reactor_common.c.o)
                0x100086e8                lf_recycle_event
 .text.lf_replace_token
                0x10008704       0x14 core/libreactor-c.a(reactor_common.c.o)
                0x10008704                lf_replace_token
 .text._lf_advance_tag
                0x10008718       0x70 core/libreactor-c.a(reactor_common.c.o)
                0x10008718                _lf_advance_tag
 .text._lf_invoke_reaction
                0x10008788       0x14 core/libreactor-c.a(reactor_common.c.o)
                0x10008788                _lf_invoke_reaction
 .text.schedule_output_reactions
                0x1000879c      0x148 core/libreactor-c.a(reactor_common.c.o)
                0x1000879c                schedule_output_reactions
 .text.usage    0x100088e4       0xb0 core/libreactor-c.a(reactor_common.c.o)
                0x100088e4                usage
 .text.process_args
                0x10008994      0x3f0 core/libreactor-c.a(reactor_common.c.o)
                0x10008994                process_args
 .text.initialize_global
                0x10008d84        0x8 core/libreactor-c.a(reactor_common.c.o)
                0x10008d84                initialize_global
 .text.termination
                0x10008d8c      0x28c core/libreactor-c.a(reactor_common.c.o)
                0x10008d8c                termination
 .text.lf_combine_deadline_and_level
                0x10009018       0x28 core/libreactor-c.a(reactor_common.c.o)
                0x10009018                lf_combine_deadline_and_level
 .text._lf_free_token.part.0
                0x10009040       0x84 core/libreactor-c.a(lf_token.c.o)
 .text._lf_new_token
                0x100090c4       0x80 core/libreactor-c.a(lf_token.c.o)
                0x100090c4                _lf_new_token
 .text._lf_initialize_token_with_value
                0x10009144       0x58 core/libreactor-c.a(lf_token.c.o)
                0x10009144                _lf_initialize_token_with_value
 .text._lf_free_all_tokens
                0x1000919c       0xfc core/libreactor-c.a(lf_token.c.o)
                0x1000919c                _lf_free_all_tokens
 .text._lf_replace_template_token
                0x10009298       0x44 core/libreactor-c.a(lf_token.c.o)
                0x10009298                _lf_replace_template_token
 .text._lf_done_using
                0x100092dc       0x30 core/libreactor-c.a(lf_token.c.o)
                0x100092dc                _lf_done_using
 .text._lf_free_token_copies
                0x1000930c       0x44 core/libreactor-c.a(lf_token.c.o)
                0x1000930c                _lf_free_token_copies
 .text.event_matches
                0x10009350        0xc core/libreactor-c.a(environment.c.o)
 .text.print_event
                0x1000935c        0x4 core/libreactor-c.a(environment.c.o)
 .text.environment_free
                0x10009360       0x60 core/libreactor-c.a(environment.c.o)
                0x10009360                environment_free
 .text.environment_init_tags
                0x100093c0       0x40 core/libreactor-c.a(environment.c.o)
                0x100093c0                environment_init_tags
 .text.environment_init
                0x10009400      0x150 core/libreactor-c.a(environment.c.o)
                0x10009400                environment_init
 .text.lf_set_present
                0x10009550       0x54 core/libreactor-c.a(reactor.c.o)
                0x10009550                lf_set_present
 .text._lf_trigger_reaction
                0x100095a4       0x28 core/libreactor-c.a(reactor.c.o)
                0x100095a4                _lf_trigger_reaction
 .text._lf_do_step
                0x100095cc       0xac core/libreactor-c.a(reactor.c.o)
                0x100095cc                _lf_do_step
 .text.next     0x10009678      0x110 core/libreactor-c.a(reactor.c.o)
                0x10009678                next
 .text.lf_reactor_c_main
                0x10009788       0xe8 core/libreactor-c.a(reactor.c.o)
                0x10009788                lf_reactor_c_main
 .text.lf_critical_section_enter
                0x10009870        0x8 core/libreactor-c.a(reactor.c.o)
                0x10009870                lf_critical_section_enter
 .text.lf_critical_section_exit
                0x10009878        0x8 core/libreactor-c.a(reactor.c.o)
                0x10009878                lf_critical_section_exit
 .text.vector_at
                0x10009880       0x4c core/libreactor-c.a(vector.c.o)
                0x10009880                vector_at
 .text.vector_size
                0x100098cc        0x8 core/libreactor-c.a(vector.c.o)
                0x100098cc                vector_size
 .text.percolate_down
                0x100098d4       0xdc core/libreactor-c.a(pqueue_base.c.o)
 .text.bubble_up.isra.0
                0x100099b0       0x9c core/libreactor-c.a(pqueue_base.c.o)
 .text.find_equal_same_priority
                0x10009a4c       0xc0 core/libreactor-c.a(pqueue_base.c.o)
                0x10009a4c                find_equal_same_priority
 .text.pqueue_init
                0x10009b0c       0x54 core/libreactor-c.a(pqueue_base.c.o)
                0x10009b0c                pqueue_init
 .text.pqueue_free
                0x10009b60       0x14 core/libreactor-c.a(pqueue_base.c.o)
                0x10009b60                pqueue_free
 .text.pqueue_size
                0x10009b74       0x10 core/libreactor-c.a(pqueue_base.c.o)
                0x10009b74                pqueue_size
 .text.pqueue_find_equal_same_priority
                0x10009b84        0xc core/libreactor-c.a(pqueue_base.c.o)
                0x10009b84                pqueue_find_equal_same_priority
 .text.pqueue_insert
                0x10009b90       0x40 core/libreactor-c.a(pqueue_base.c.o)
                0x10009b90                pqueue_insert
 .text.pqueue_remove
                0x10009bd0       0x6c core/libreactor-c.a(pqueue_base.c.o)
                0x10009bd0                pqueue_remove
 .text.pqueue_pop
                0x10009c3c       0x28 core/libreactor-c.a(pqueue_base.c.o)
                0x10009c3c                pqueue_pop
 .text.pqueue_peek
                0x10009c64       0x14 core/libreactor-c.a(pqueue_base.c.o)
                0x10009c64                pqueue_peek
 .text.pqueue_tag_get_priority
                0x10009c78        0x4 core/libreactor-c.a(pqueue_tag.c.o)
 .text.pqueue_tag_get_position
                0x10009c7c        0x4 core/libreactor-c.a(pqueue_tag.c.o)
 .text.pqueue_tag_set_position
                0x10009c80        0x4 core/libreactor-c.a(pqueue_tag.c.o)
 .text.pqueue_tag_compare
                0x10009c84       0x1c core/libreactor-c.a(pqueue_tag.c.o)
                0x10009c84                pqueue_tag_compare
 .text.pqueue_tag_init_customize
                0x10009ca0       0x28 core/libreactor-c.a(pqueue_tag.c.o)
                0x10009ca0                pqueue_tag_init_customize
 .text.pqueue_tag_free
                0x10009cc8       0x38 core/libreactor-c.a(pqueue_tag.c.o)
                0x10009cc8                pqueue_tag_free
 .text.pqueue_tag_size
                0x10009d00        0x8 core/libreactor-c.a(pqueue_tag.c.o)
                0x10009d00                pqueue_tag_size
 .text.pqueue_tag_insert
                0x10009d08        0x8 core/libreactor-c.a(pqueue_tag.c.o)
                0x10009d08                pqueue_tag_insert
 .text.pqueue_tag_find_equal_same_tag
                0x10009d10        0x8 core/libreactor-c.a(pqueue_tag.c.o)
                0x10009d10                pqueue_tag_find_equal_same_tag
 .text.pqueue_tag_peek
                0x10009d18        0x8 core/libreactor-c.a(pqueue_tag.c.o)
                0x10009d18                pqueue_tag_peek
 .text.pqueue_tag_pop
                0x10009d20        0x8 core/libreactor-c.a(pqueue_tag.c.o)
                0x10009d20                pqueue_tag_pop
 .text.pqueue_tag_remove
                0x10009d28        0x8 core/libreactor-c.a(pqueue_tag.c.o)
                0x10009d28                pqueue_tag_remove
 .text.in_reverse_order
                0x10009d30       0x2c core/libreactor-c.a(pqueue.c.o)
                0x10009d30                in_reverse_order
 .text.in_no_particular_order
                0x10009d5c        0x4 core/libreactor-c.a(pqueue.c.o)
                0x10009d5c                in_no_particular_order
 .text.reaction_matches
                0x10009d60        0x8 core/libreactor-c.a(pqueue.c.o)
                0x10009d60                reaction_matches
 .text.get_reaction_index
                0x10009d68        0x8 core/libreactor-c.a(pqueue.c.o)
                0x10009d68                get_reaction_index
 .text.get_reaction_position
                0x10009d70        0x4 core/libreactor-c.a(pqueue.c.o)
                0x10009d70                get_reaction_position
 .text.set_reaction_position
                0x10009d74        0x4 core/libreactor-c.a(pqueue.c.o)
                0x10009d74                set_reaction_position
 .text.print_reaction
                0x10009d78        0x4 core/libreactor-c.a(pqueue.c.o)
                0x10009d78                print_reaction
 .text._lf_message_print
                0x10009d7c      0x104 core/libreactor-c.a(util.c.o)
                0x10009d7c                _lf_message_print
 .text.lf_print_error
                0x10009e80       0xe8 core/libreactor-c.a(util.c.o)
                0x10009e80                lf_print_error
 .text.lf_print_warning
                0x10009f68       0xe8 core/libreactor-c.a(util.c.o)
                0x10009f68                lf_print_warning
 .text.lf_print_error_and_exit
                0x1000a050       0x2c core/libreactor-c.a(util.c.o)
                0x1000a050                lf_print_error_and_exit
 .text.hashset_num_items
                0x1000a07c        0x4 core/libreactor-c.a(hashset.c.o)
                0x1000a07c                hashset_num_items
 .text.hashset_destroy
                0x1000a080       0x18 core/libreactor-c.a(hashset.c.o)
                0x1000a080                hashset_destroy
 .text.hashset_create
                0x1000a098       0x40 core/libreactor-c.a(hashset.c.o)
                0x1000a098                hashset_create
 .text.hashset_add
                0x1000a0d8      0x180 core/libreactor-c.a(hashset.c.o)
                0x1000a0d8                hashset_add
 .text.hashset_remove
                0x1000a258       0x50 core/libreactor-c.a(hashset.c.o)
                0x1000a258                hashset_remove
 .text.hashset_iterator
                0x1000a2a8       0x1c core/libreactor-c.a(hashset_itr.c.o)
                0x1000a2a8                hashset_iterator
 .text.hashset_iterator_next
                0x1000a2c4       0x38 core/libreactor-c.a(hashset_itr.c.o)
                0x1000a2c4                hashset_iterator_next
 .text.hashset_iterator_value
                0x1000a2fc        0xc core/libreactor-c.a(hashset_itr.c.o)
                0x1000a2fc                hashset_iterator_value
 .text.color32_0
                0x1000a308        0x8 robot/librobot.a(display.c.o)
                0x1000a308                color32_0
 .text.color32_1
                0x1000a310        0x8 robot/librobot.a(display.c.o)
                0x1000a310                color32_1
 .text.color32_0_on_1
                0x1000a318        0x8 robot/librobot.a(display.c.o)
                0x1000a318                color32_0_on_1
 .text.color32_1_on_0
                0x1000a320        0x4 robot/librobot.a(display.c.o)
                0x1000a320                color32_1_on_0
 .text.color32_xor
                0x1000a324        0x8 robot/librobot.a(display.c.o)
                0x1000a324                color32_xor
 .text.color32_nop
                0x1000a32c        0x4 robot/librobot.a(display.c.o)
                0x1000a32c                color32_nop
 .text.color8_0
                0x1000a330        0x8 robot/librobot.a(display.c.o)
                0x1000a330                color8_0
 .text.color8_1
                0x1000a338        0x8 robot/librobot.a(display.c.o)
                0x1000a338                color8_1
 .text.color8_0_on_1
                0x1000a340        0x8 robot/librobot.a(display.c.o)
                0x1000a340                color8_0_on_1
 .text.color8_1_on_0
                0x1000a348        0x4 robot/librobot.a(display.c.o)
                0x1000a348                color8_1_on_0
 .text.color8_xor
                0x1000a34c        0x8 robot/librobot.a(display.c.o)
                0x1000a34c                color8_xor
 .text.color8_nop
                0x1000a354        0x4 robot/librobot.a(display.c.o)
                0x1000a354                color8_nop
 .text.display_set_font
                0x1000a358        0xc robot/librobot.a(display.c.o)
                0x1000a358                display_set_font
 .text.display_init
                0x1000a364       0x18 robot/librobot.a(display.c.o)
                0x1000a364                display_init
 .text.display_fill
                0x1000a37c       0x2c robot/librobot.a(display.c.o)
                0x1000a37c                display_fill
 .text.display_show_partial
                0x1000a3a8       0xc0 robot/librobot.a(display.c.o)
                0x1000a3a8                display_show_partial
 .text.display_text
                0x1000a468      0x4a8 robot/librobot.a(display.c.o)
                0x1000a468                display_text
 .text.display_fill_rect
                0x1000a910      0x130 robot/librobot.a(display.c.o)
                0x1000a910                display_fill_rect
 .text.display_show
                0x1000aa40       0x28 robot/librobot.a(display.c.o)
                0x1000aa40                display_show
 .text.sh1106_transfer_start
                0x1000aa68       0x40 robot/librobot.a(sh1106.c.o)
                0x1000aa68                sh1106_transfer_start
 .text.sh1106_transfer_end
                0x1000aaa8       0x1c robot/librobot.a(sh1106.c.o)
                0x1000aaa8                sh1106_transfer_end
 .text.sh1106_write_page
                0x1000aac4       0x54 robot/librobot.a(sh1106.c.o)
                0x1000aac4                sh1106_write_page
 .text.sh1106_clear
                0x1000ab18       0x9c robot/librobot.a(sh1106.c.o)
                0x1000ab18                sh1106_clear
 .text.sh1106_init
                0x1000abb4       0xd0 robot/librobot.a(sh1106.c.o)
                0x1000abb4                sh1106_init
 .text._lf_initialize_clock
                0x1000ac84       0x20 core/liblf-low-level-platform-impl.a(lf_rp2040_support.c.o)
                0x1000ac84                _lf_initialize_clock
 .text._lf_clock_gettime
                0x1000aca4       0x24 core/liblf-low-level-platform-impl.a(lf_rp2040_support.c.o)
                0x1000aca4                _lf_clock_gettime
 .text._lf_interruptable_sleep_until_locked
                0x1000acc8       0x48 core/liblf-low-level-platform-impl.a(lf_rp2040_support.c.o)
                0x1000acc8                _lf_interruptable_sleep_until_locked
 .text.lf_disable_interrupts_nested
                0x1000ad10       0x3c core/liblf-low-level-platform-impl.a(lf_rp2040_support.c.o)
                0x1000ad10                lf_disable_interrupts_nested
 .text.lf_enable_interrupts_nested
                0x1000ad4c       0x38 core/liblf-low-level-platform-impl.a(lf_rp2040_support.c.o)
                0x1000ad4c                lf_enable_interrupts_nested
 .text.lf_atomic_fetch_add
                0x1000ad84       0x18 core/liblf-low-level-platform-impl.a(lf_atomic_irq.c.o)
                0x1000ad84                lf_atomic_fetch_add
 .text.lf_atomic_fetch_add64
                0x1000ad9c       0x2c core/liblf-low-level-platform-impl.a(lf_atomic_irq.c.o)
                0x1000ad9c                lf_atomic_fetch_add64
 .text.lf_atomic_bool_compare_and_swap64
                0x1000adc8       0x30 core/liblf-low-level-platform-impl.a(lf_atomic_irq.c.o)
                0x1000adc8                lf_atomic_bool_compare_and_swap64
 .text          0x1000adf8       0x60 /usr/lib/gcc/arm-none-eabi/13.2.1/../../../arm-none-eabi/lib/thumb/v6-m/nofp/libg.a(libc_a-strncpy.o)
                0x1000adf8                strncpy
 .text          0x1000ae58     0x1540 /usr/lib/gcc/arm-none-eabi/13.2.1/../../../arm-none-eabi/lib/thumb/v6-m/nofp/libg.a(libc_a-vfprintf.o)
                0x1000ae58                _vfprintf_r
                0x1000c30c                vfprintf
 .text          0x1000c398       0x88 /usr/lib/gcc/arm-none-eabi/13.2.1/../../../arm-none-eabi/lib/thumb/v6-m/nofp/libg.a(libc_a-strcmp.o)
                0x1000c398                strcmp
 .text          0x1000c420      0x1c4 /usr/lib/gcc/arm-none-eabi/13.2.1/../../../arm-none-eabi/lib/thumb/v6-m/nofp/libg.a(libc_a-fflush.o)
                0x1000c420                __sflush_r
                0x1000c568                _fflush_r
                0x1000c594                fflush
 .text          0x1000c5e4       0x74 /usr/lib/gcc/arm-none-eabi/13.2.1/../../../arm-none-eabi/lib/thumb/v6-m/nofp/libg.a(libc_a-strncmp.o)
                0x1000c5e4                strncmp
 .text          0x1000c658       0x18 /usr/lib/gcc/arm-none-eabi/13.2.1/../../../arm-none-eabi/lib/thumb/v6-m/nofp/libg.a(libc_a-calloc.o)
                0x1000c658                calloc
 .text          0x1000c670        0xc /usr/lib/gcc/arm-none-eabi/13.2.1/../../../arm-none-eabi/lib/thumb/v6-m/nofp/libg.a(libc_a-errno.o)
                0x1000c670                __errno
 .text          0x1000c67c       0xa8 /usr/lib/gcc/arm-none-eabi/13.2.1/../../../arm-none-eabi/lib/thumb/v6-m/nofp/libg.a(libc_a-callocr.o)
                0x1000c67c                _calloc_r
 .text          0x1000c724       0x18 /usr/lib/gcc/arm-none-eabi/13.2.1/../../../arm-none-eabi/lib/thumb/v6-m/nofp/libg.a(libc_a-realloc.o)
                0x1000c724                realloc
 .text          0x1000c73c      0x5b4 /usr/lib/gcc/arm-none-eabi/13.2.1/../../../arm-none-eabi/lib/thumb/v6-m/nofp/libg.a(libc_a-mallocr.o)
                0x1000c73c                _malloc_r
 .text          0x1000ccf0     0x110c /usr/lib/gcc/arm-none-eabi/13.2.1/../../../arm-none-eabi/lib/thumb/v6-m/nofp/libg.a(libc_a-dtoa.o)
                0x1000ce44                _dtoa_r
 .text          0x1000ddfc       0xcc /usr/lib/gcc/arm-none-eabi/13.2.1/../../../arm-none-eabi/lib/thumb/v6-m/nofp/libg.a(libc_a-wsetup.o)
                0x1000ddfc                __swsetup_r
 .text          0x1000dec8      0x288 /usr/lib/gcc/arm-none-eabi/13.2.1/../../../arm-none-eabi/lib/thumb/v6-m/nofp/libg.a(libc_a-freer.o)
                0x1000dec8                _malloc_trim_r
                0x1000df7c                _free_r
 .text          0x1000e150       0x18 /usr/lib/gcc/arm-none-eabi/13.2.1/../../../arm-none-eabi/lib/thumb/v6-m/nofp/libg.a(libc_a-atoi.o)
                0x1000e150                atoi
                0x1000e15c                _atoi_r
 .text          0x1000e168      0x190 /usr/lib/gcc/arm-none-eabi/13.2.1/../../../arm-none-eabi/lib/thumb/v6-m/nofp/libg.a(libc_a-strtol.o)
                0x1000e2c0                _strtol_r
                0x1000e2c8                strtol_l
                0x1000e2e0                strtol
 .text          0x1000e2f8       0x28 /usr/lib/gcc/arm-none-eabi/13.2.1/../../../arm-none-eabi/lib/thumb/v6-m/nofp/libg.a(libc_a-malloc.o)
                0x1000e2f8                malloc
                0x1000e30c                free
 .text          0x1000e320       0x1c /usr/lib/gcc/arm-none-eabi/13.2.1/../../../arm-none-eabi/lib/thumb/v6-m/nofp/libg.a(libc_a-sysconf.o)
                0x1000e320                sysconf
 .text          0x1000e33c       0x18 /usr/lib/gcc/arm-none-eabi/13.2.1/../../../arm-none-eabi/lib/thumb/v6-m/nofp/libg.a(libc_a-atoll.o)
                0x1000e33c                atoll
                0x1000e348                _atoll_r
 .text          0x1000e354      0x350 /usr/lib/gcc/arm-none-eabi/13.2.1/../../../arm-none-eabi/lib/thumb/v6-m/nofp/libg.a(libc_a-reallocr.o)
                0x1000e354                _realloc_r
 .text          0x1000e6a4        0x8 /usr/lib/gcc/arm-none-eabi/13.2.1/../../../arm-none-eabi/lib/thumb/v6-m/nofp/libg.a(libc_a-mlock.o)
                0x1000e6a4                __malloc_lock
                0x1000e6a8                __malloc_unlock
 .text          0x1000e6ac      0x258 /usr/lib/gcc/arm-none-eabi/13.2.1/../../../arm-none-eabi/lib/thumb/v6-m/nofp/libg.a(libc_a-findfp.o)
                0x1000e808                __sfp
                0x1000e8a8                __sinit
                0x1000e8cc                __sfp_lock_acquire
                0x1000e8d0                __sfp_lock_release
                0x1000e8d4                __fp_lock_all
                0x1000e8ec                __fp_unlock_all
 .text          0x1000e904       0x10 /usr/lib/gcc/arm-none-eabi/13.2.1/../../../arm-none-eabi/lib/thumb/v6-m/nofp/libg.a(libc_a-atexit.o)
                0x1000e904                atexit
 .text          0x1000e914       0x5c /usr/lib/gcc/arm-none-eabi/13.2.1/../../../arm-none-eabi/lib/thumb/v6-m/nofp/libg.a(libc_a-strlen-stub.o)
                0x1000e914                strlen
 .text          0x1000e970       0x24 /usr/lib/gcc/arm-none-eabi/13.2.1/../../../arm-none-eabi/lib/thumb/v6-m/nofp/libg.a(libc_a-sbrkr.o)
                0x1000e970                _sbrk_r
 .text          0x1000e994       0x28 /usr/lib/gcc/arm-none-eabi/13.2.1/../../../arm-none-eabi/lib/thumb/v6-m/nofp/libg.a(libc_a-fini.o)
                0x1000e994                __libc_fini_array
 .text          0x1000e9bc      0x1d8 /usr/lib/gcc/arm-none-eabi/13.2.1/../../../arm-none-eabi/lib/thumb/v6-m/nofp/libg.a(libc_a-strtoll.o)
                0x1000eb5c                _strtoll_r
                0x1000eb64                strtoll_l
                0x1000eb7c                strtoll
 .text          0x1000eb94       0x20 /usr/lib/gcc/arm-none-eabi/13.2.1/../../../arm-none-eabi/lib/thumb/v6-m/nofp/libg.a(libc_a-sprint_r.o)
                0x1000eb94                __sprint_r
 .text          0x1000ebb4      0xb18 /usr/lib/gcc/arm-none-eabi/13.2.1/../../../arm-none-eabi/lib/thumb/v6-m/nofp/libg.a(libc_a-mprec.o)
                0x1000ebb4                _Balloc
                0x1000ec04                _Bfree
                0x1000ec18                __multadd
                0x1000ecc0                __s2b
                0x1000ed70                __hi0bits
                0x1000edbc                __lo0bits
                0x1000ee18                __i2b
                0x1000ee78                __multiply
                0x1000f024                __pow5mult
                0x1000f0f4                __lshift
                0x1000f1f0                __mcmp
                0x1000f22c                __mdiff
                0x1000f3e0                __ulp
                0x1000f420                __b2d
                0x1000f4d8                __d2b
                0x1000f5a4                __ratio
                0x1000f60c                _mprec_log10
                0x1000f640                __copybits
                0x1000f680                __any_on
 .text          0x1000f6cc       0x74 /usr/lib/gcc/arm-none-eabi/13.2.1/../../../arm-none-eabi/lib/thumb/v6-m/nofp/libg.a(libc_a-memchr-stub.o)
                0x1000f6cc                memchr
 .text          0x1000f740       0x44 /usr/lib/gcc/arm-none-eabi/13.2.1/../../../arm-none-eabi/lib/thumb/v6-m/nofp/libg.a(libc_a-fwalk.o)
                0x1000f740                _fwalk_sglue
 .text          0x1000f784       0x14 /usr/lib/gcc/arm-none-eabi/13.2.1/../../../arm-none-eabi/lib/thumb/v6-m/nofp/libg.a(libc_a-localeconv.o)
                0x1000f784                __localeconv_l
                0x1000f788                _localeconv_r
                0x1000f790                localeconv
 .text          0x1000f798      0x138 /usr/lib/gcc/arm-none-eabi/13.2.1/../../../arm-none-eabi/lib/thumb/v6-m/nofp/libg.a(libc_a-makebuf.o)
                0x1000f798                __smakebuf_r
                0x1000f878                __swhatbuf_r
 .text          0x1000f8d0       0x44 /usr/lib/gcc/arm-none-eabi/13.2.1/../../../arm-none-eabi/lib/thumb/v6-m/nofp/libg.a(libc_a-mbtowc_r.o)
                0x1000f8d0                _mbtowc_r
                0x1000f8e8                __ascii_mbtowc
 .text          0x1000f914       0xb0 /usr/lib/gcc/arm-none-eabi/13.2.1/../../../arm-none-eabi/lib/thumb/v6-m/nofp/libg.a(libc_a-memmove.o)
                0x1000f914                memmove
 .text          0x1000f9c4       0xa4 /usr/lib/gcc/arm-none-eabi/13.2.1/../../../arm-none-eabi/lib/thumb/v6-m/nofp/libg.a(libc_a-fclose.o)
                0x1000f9c4                _fclose_r
                0x1000fa54                fclose
 .text          0x1000fa68       0x2c /usr/lib/gcc/arm-none-eabi/13.2.1/../../../arm-none-eabi/lib/thumb/v6-m/nofp/libg.a(libc_a-wctomb_r.o)
                0x1000fa68                _wctomb_r
                0x1000fa78                __ascii_wctomb
 .text          0x1000fa94       0xa8 /usr/lib/gcc/arm-none-eabi/13.2.1/../../../arm-none-eabi/lib/thumb/v6-m/nofp/libg.a(libc_a-stdio.o)
                0x1000fa94                __sread
                0x1000fabc                __seofread
                0x1000fac0                __swrite
                0x1000fb00                __sseek
                0x1000fb30                __sclose
 .text          0x1000fb3c       0x78 /usr/lib/gcc/arm-none-eabi/13.2.1/../../../arm-none-eabi/lib/thumb/v6-m/nofp/libg.a(libc_a-__atexit.o)
                0x1000fb3c                __register_exitproc
 .text          0x1000fbb4       0x28 /usr/lib/gcc/arm-none-eabi/13.2.1/../../../arm-none-eabi/lib/thumb/v6-m/nofp/libg.a(libc_a-writer.o)
                0x1000fbb4                _write_r
 .text          0x1000fbdc       0x28 /usr/lib/gcc/arm-none-eabi/13.2.1/../../../arm-none-eabi/lib/thumb/v6-m/nofp/libg.a(libc_a-fstatr.o)
                0x1000fbdc                _fstat_r
 .text          0x1000fc04       0x24 /usr/lib/gcc/arm-none-eabi/13.2.1/../../../arm-none-eabi/lib/thumb/v6-m/nofp/libg.a(libc_a-isattyr.o)
                0x1000fc04                _isatty_r
 .text          0x1000fc28      0x310 /usr/lib/gcc/arm-none-eabi/13.2.1/../../../arm-none-eabi/lib/thumb/v6-m/nofp/libg.a(libc_a-fvwrite.o)
                0x1000fc28                __sfvwrite_r
 .text          0x1000ff38       0x24 /usr/lib/gcc/arm-none-eabi/13.2.1/../../../arm-none-eabi/lib/thumb/v6-m/nofp/libg.a(libc_a-closer.o)
                0x1000ff38                _close_r
 .text          0x1000ff5c       0x28 /usr/lib/gcc/arm-none-eabi/13.2.1/../../../arm-none-eabi/lib/thumb/v6-m/nofp/libg.a(libc_a-readr.o)
                0x1000ff5c                _read_r
 .text          0x1000ff84       0x28 /usr/lib/gcc/arm-none-eabi/13.2.1/../../../arm-none-eabi/lib/thumb/v6-m/nofp/libg.a(libc_a-lseekr.o)
                0x1000ff84                _lseek_r
 .text.startup  0x1000ffac       0x18 /usr/lib/gcc/arm-none-eabi/13.2.1/../../../arm-none-eabi/lib/thumb/v6-m/nofp/libg.a(libc_a-__call_atexit.o)
 *(.fini)
 .fini          0x1000ffc4        0x4 /usr/lib/gcc/arm-none-eabi/13.2.1/thumb/v6-m/nofp/crti.o
                0x1000ffc4                _fini
 .fini.__stub   0x1000ffc8      0x100 linker stubs
 *crtbegin.o(.ctors)
 *crtbegin?.o(.ctors)
 *(EXCLUDE_FILE(*crtend.o *crtend?.o) .ctors)
 *(SORT_BY_NAME(.ctors.*))
 *(.ctors)
 *crtbegin.o(.dtors)
 *crtbegin?.o(.dtors)
 *(EXCLUDE_FILE(*crtend.o *crtend?.o) .dtors)
 *(SORT_BY_NAME(.dtors.*))
 *(.dtors)
                0x100100c8                        . = ALIGN (0x4)
                0x100100c8                        PROVIDE (__preinit_array_start = .)
 *(SORT_BY_NAME(.preinit_array.*))
 .preinit_array.00100
                0x100100c8        0x4 CMakeFiles/I2C_test.dir/home/lambrian/pico/pico-sdk/src/rp2_common/pico_runtime_init/runtime_init.c.o
                0x100100c8                __pre_init_runtime_init_early_resets
 .preinit_array.00101
                0x100100cc        0x4 CMakeFiles/I2C_test.dir/home/lambrian/pico/pico-sdk/src/rp2_common/pico_runtime_init/runtime_init.c.o
                0x100100cc                __pre_init_runtime_init_usb_power_down
 .preinit_array.00275
                0x100100d0        0x4 CMakeFiles/I2C_test.dir/home/lambrian/pico/pico-sdk/src/rp2_common/pico_bit_ops/bit_ops_aeabi.S.o
 .preinit_array.00300
                0x100100d4        0x4 CMakeFiles/I2C_test.dir/home/lambrian/pico/pico-sdk/src/rp2_common/pico_mem_ops/mem_ops_aeabi.S.o
 .preinit_array.00350
                0x100100d8        0x4 CMakeFiles/I2C_test.dir/home/lambrian/pico/pico-sdk/src/rp2_common/pico_double/double_aeabi_rp2040.S.o
 .preinit_array.00350
                0x100100dc        0x4 CMakeFiles/I2C_test.dir/home/lambrian/pico/pico-sdk/src/rp2_common/pico_float/float_aeabi_rp2040.S.o
 .preinit_array.00500
                0x100100e0        0x4 CMakeFiles/I2C_test.dir/home/lambrian/pico/pico-sdk/src/rp2_common/pico_runtime_init/runtime_init.c.o
                0x100100e0                __pre_init_runtime_init_clocks
 .preinit_array.00600
                0x100100e4        0x4 CMakeFiles/I2C_test.dir/home/lambrian/pico/pico-sdk/src/rp2_common/pico_runtime_init/runtime_init.c.o
                0x100100e4                __pre_init_runtime_init_post_clock_resets
 .preinit_array.00700
                0x100100e8        0x4 CMakeFiles/I2C_test.dir/home/lambrian/pico/pico-sdk/src/rp2_common/pico_runtime_init/runtime_init.c.o
                0x100100e8                __pre_init_runtime_init_rp2040_gpio_ie_disable
 .preinit_array.01000
                0x100100ec        0x4 CMakeFiles/I2C_test.dir/home/lambrian/pico/pico-sdk/src/rp2_common/pico_runtime_init/runtime_init.c.o
                0x100100ec                __pre_init_runtime_init_spin_locks_reset
 .preinit_array.01100
                0x100100f0        0x4 CMakeFiles/I2C_test.dir/home/lambrian/pico/pico-sdk/src/common/pico_sync/mutex.c.o
                0x100100f0                __pre_init_runtime_init_mutex
 .preinit_array.10080
                0x100100f4        0x4 CMakeFiles/I2C_test.dir/home/lambrian/pico/pico-sdk/src/rp2_common/pico_runtime_init/runtime_init.c.o
                0x100100f4                __pre_init_runtime_init_install_ram_vector_table
 .preinit_array.11000
                0x100100f8        0x4 CMakeFiles/I2C_test.dir/home/lambrian/pico/pico-sdk/src/common/pico_time/time.c.o